21:38:21 **** Clean-only build of configuration Debug for project 1_uart_without_segger ****
make clean 
rm -rf ./third_party/freertos/portable/MemMang/heap_4.d ./third_party/freertos/portable/MemMang/heap_4.o ./third_party/freertos/portable/MemMang/heap_4.su
rm -rf ./third_party/freertos/portable/GCC/ARM_CM4F/port.d ./third_party/freertos/portable/GCC/ARM_CM4F/port.o ./third_party/freertos/portable/GCC/ARM_CM4F/port.su
rm -rf ./third_party/freertos/croutine.d ./third_party/freertos/croutine.o ./third_party/freertos/croutine.su ./third_party/freertos/event_groups.d ./third_party/freertos/event_groups.o ./third_party/freertos/event_groups.su ./third_party/freertos/list.d ./third_party/freertos/list.o ./third_party/freertos/list.su ./third_party/freertos/queue.d ./third_party/freertos/queue.o ./third_party/freertos/queue.su ./third_party/freertos/stream_buffer.d ./third_party/freertos/stream_buffer.o ./third_party/freertos/stream_buffer.su ./third_party/freertos/tasks.d ./third_party/freertos/tasks.o ./third_party/freertos/tasks.su ./third_party/freertos/timers.d ./third_party/freertos/timers.o ./third_party/freertos/timers.su
rm -rf ./Drivers/STM32L4xx_HAL_Driver/Src/stm32l4xx_hal.d ./Drivers/STM32L4xx_HAL_Driver/Src/stm32l4xx_hal.o ./Drivers/STM32L4xx_HAL_Driver/Src/stm32l4xx_hal.su ./Drivers/STM32L4xx_HAL_Driver/Src/stm32l4xx_hal_cortex.d ./Drivers/STM32L4xx_HAL_Driver/Src/stm32l4xx_hal_cortex.o ./Drivers/STM32L4xx_HAL_Driver/Src/stm32l4xx_hal_cortex.su ./Drivers/STM32L4xx_HAL_Driver/Src/stm32l4xx_hal_dma.d ./Drivers/STM32L4xx_HAL_Driver/Src/stm32l4xx_hal_dma.o ./Drivers/STM32L4xx_HAL_Driver/Src/stm32l4xx_hal_dma.su ./Drivers/STM32L4xx_HAL_Driver/Src/stm32l4xx_hal_dma_ex.d ./Drivers/STM32L4xx_HAL_Driver/Src/stm32l4xx_hal_dma_ex.o ./Drivers/STM32L4xx_HAL_Driver/Src/stm32l4xx_hal_dma_ex.su ./Drivers/STM32L4xx_HAL_Driver/Src/stm32l4xx_hal_exti.d ./Drivers/STM32L4xx_HAL_Driver/Src/stm32l4xx_hal_exti.o ./Drivers/STM32L4xx_HAL_Driver/Src/stm32l4xx_hal_exti.su ./Drivers/STM32L4xx_HAL_Driver/Src/stm32l4xx_hal_flash.d ./Drivers/STM32L4xx_HAL_Driver/Src/stm32l4xx_hal_flash.o ./Drivers/STM32L4xx_HAL_Driver/Src/stm32l4xx_hal_flash.su ./Drivers/STM32L4xx_HAL_Driver/Src/stm32l4xx_hal_flash_ex.d ./Drivers/STM32L4xx_HAL_Driver/Src/stm32l4xx_hal_flash_ex.o ./Drivers/STM32L4xx_HAL_Driver/Src/stm32l4xx_hal_flash_ex.su ./Drivers/STM32L4xx_HAL_Driver/Src/stm32l4xx_hal_flash_ramfunc.d ./Drivers/STM32L4xx_HAL_Driver/Src/stm32l4xx_hal_flash_ramfunc.o ./Drivers/STM32L4xx_HAL_Driver/Src/stm32l4xx_hal_flash_ramfunc.su ./Drivers/STM32L4xx_HAL_Driver/Src/stm32l4xx_hal_gpio.d ./Drivers/STM32L4xx_HAL_Driver/Src/stm32l4xx_hal_gpio.o ./Drivers/STM32L4xx_HAL_Driver/Src/stm32l4xx_hal_gpio.su ./Drivers/STM32L4xx_HAL_Driver/Src/stm32l4xx_hal_i2c.d ./Drivers/STM32L4xx_HAL_Driver/Src/stm32l4xx_hal_i2c.o ./Drivers/STM32L4xx_HAL_Driver/Src/stm32l4xx_hal_i2c.su ./Drivers/STM32L4xx_HAL_Driver/Src/stm32l4xx_hal_i2c_ex.d ./Drivers/STM32L4xx_HAL_Driver/Src/stm32l4xx_hal_i2c_ex.o ./Drivers/STM32L4xx_HAL_Driver/Src/stm32l4xx_hal_i2c_ex.su ./Drivers/STM32L4xx_HAL_Driver/Src/stm32l4xx_hal_pwr.d ./Drivers/STM32L4xx_HAL_Driver/Src/stm32l4xx_hal_pwr.o ./Drivers/STM32L4xx_HAL_Driver/Src/stm32l4xx_hal_pwr.su ./Drivers/STM32L4xx_HAL_Driver/Src/stm32l4xx_hal_pwr_ex.d ./Drivers/STM32L4xx_HAL_Driver/Src/stm32l4xx_hal_pwr_ex.o ./Drivers/STM32L4xx_HAL_Driver/Src/stm32l4xx_hal_pwr_ex.su ./Drivers/STM32L4xx_HAL_Driver/Src/stm32l4xx_hal_rcc.d ./Drivers/STM32L4xx_HAL_Driver/Src/stm32l4xx_hal_rcc.o ./Drivers/STM32L4xx_HAL_Driver/Src/stm32l4xx_hal_rcc.su ./Drivers/STM32L4xx_HAL_Driver/Src/stm32l4xx_hal_rcc_ex.d ./Drivers/STM32L4xx_HAL_Driver/Src/stm32l4xx_hal_rcc_ex.o ./Drivers/STM32L4xx_HAL_Driver/Src/stm32l4xx_hal_rcc_ex.su ./Drivers/STM32L4xx_HAL_Driver/Src/stm32l4xx_hal_tim.d ./Drivers/STM32L4xx_HAL_Driver/Src/stm32l4xx_hal_tim.o ./Drivers/STM32L4xx_HAL_Driver/Src/stm32l4xx_hal_tim.su ./Drivers/STM32L4xx_HAL_Driver/Src/stm32l4xx_hal_tim_ex.d ./Drivers/STM32L4xx_HAL_Driver/Src/stm32l4xx_hal_tim_ex.o ./Drivers/STM32L4xx_HAL_Driver/Src/stm32l4xx_hal_tim_ex.su ./Drivers/STM32L4xx_HAL_Driver/Src/stm32l4xx_hal_uart.d ./Drivers/STM32L4xx_HAL_Driver/Src/stm32l4xx_hal_uart.o ./Drivers/STM32L4xx_HAL_Driver/Src/stm32l4xx_hal_uart.su ./Drivers/STM32L4xx_HAL_Driver/Src/stm32l4xx_hal_uart_ex.d ./Drivers/STM32L4xx_HAL_Driver/Src/stm32l4xx_hal_uart_ex.o ./Drivers/STM32L4xx_HAL_Driver/Src/stm32l4xx_hal_uart_ex.su
rm -rf ./Core/Startup/startup_stm32l476rgtx.d ./Core/Startup/startup_stm32l476rgtx.o
rm -rf ./Core/Src/main.d ./Core/Src/main.o ./Core/Src/main.su ./Core/Src/stm32l4xx_hal_msp.d ./Core/Src/stm32l4xx_hal_msp.o ./Core/Src/stm32l4xx_hal_msp.su ./Core/Src/stm32l4xx_hal_timebase_tim.d ./Core/Src/stm32l4xx_hal_timebase_tim.o ./Core/Src/stm32l4xx_hal_timebase_tim.su ./Core/Src/stm32l4xx_it.d ./Core/Src/stm32l4xx_it.o ./Core/Src/stm32l4xx_it.su ./Core/Src/syscalls.d ./Core/Src/syscalls.o ./Core/Src/syscalls.su ./Core/Src/system_stm32l4xx.d ./Core/Src/system_stm32l4xx.o ./Core/Src/system_stm32l4xx.su
rm -rf basic_uart_without_segger.elf basic_uart_without_segger.list basic_uart_without_segger.map default.size.stdout
 
21:38:22 **** Build of configuration Debug for project 1_uart_without_segger ****
make all 
arm-none-eabi-gcc "../third_party/freertos/portable/MemMang/heap_4.c" -mcpu=cortex-m4 -std=gnu11 -g3 -DDEBUG -DUSE_HAL_DRIVER -DSTM32L476xx -c -I../Core/Inc -I"C:/Users/pranj/Pranjal/Github/FreeRTOS_STM/working_projects/1_uart_without_segger/third_party/freertos" -I"C:/Users/pranj/Pranjal/Github/FreeRTOS_STM/working_projects/1_uart_without_segger/third_party/freertos/include" -I"C:/Users/pranj/Pranjal/Github/FreeRTOS_STM/working_projects/1_uart_without_segger/third_party/freertos/portable/GCC/ARM_CM4F" -I../Drivers/STM32L4xx_HAL_Driver/Inc -I../Drivers/STM32L4xx_HAL_Driver/Inc/Legacy -I../Drivers/CMSIS/Device/ST/STM32L4xx/Include -I../Drivers/CMSIS/Include -O0 -ffunction-sections -fdata-sections -Wall -fstack-usage -MMD -MP -MF"third_party/freertos/portable/MemMang/heap_4.d" -MT"third_party/freertos/portable/MemMang/heap_4.o" --specs=nano.specs -mfpu=fpv4-sp-d16 -mfloat-abi=hard -mthumb -o "third_party/freertos/portable/MemMang/heap_4.o"
arm-none-eabi-gcc "../third_party/freertos/portable/GCC/ARM_CM4F/port.c" -mcpu=cortex-m4 -std=gnu11 -g3 -DDEBUG -DUSE_HAL_DRIVER -DSTM32L476xx -c -I../Core/Inc -I"C:/Users/pranj/Pranjal/Github/FreeRTOS_STM/working_projects/1_uart_without_segger/third_party/freertos" -I"C:/Users/pranj/Pranjal/Github/FreeRTOS_STM/working_projects/1_uart_without_segger/third_party/freertos/include" -I"C:/Users/pranj/Pranjal/Github/FreeRTOS_STM/working_projects/1_uart_without_segger/third_party/freertos/portable/GCC/ARM_CM4F" -I../Drivers/STM32L4xx_HAL_Driver/Inc -I../Drivers/STM32L4xx_HAL_Driver/Inc/Legacy -I../Drivers/CMSIS/Device/ST/STM32L4xx/Include -I../Drivers/CMSIS/Include -O0 -ffunction-sections -fdata-sections -Wall -fstack-usage -MMD -MP -MF"third_party/freertos/portable/GCC/ARM_CM4F/port.d" -MT"third_party/freertos/portable/GCC/ARM_CM4F/port.o" --specs=nano.specs -mfpu=fpv4-sp-d16 -mfloat-abi=hard -mthumb -o "third_party/freertos/portable/GCC/ARM_CM4F/port.o"
arm-none-eabi-gcc "../third_party/freertos/croutine.c" -mcpu=cortex-m4 -std=gnu11 -g3 -DDEBUG -DUSE_HAL_DRIVER -DSTM32L476xx -c -I../Core/Inc -I"C:/Users/pranj/Pranjal/Github/FreeRTOS_STM/working_projects/1_uart_without_segger/third_party/freertos" -I"C:/Users/pranj/Pranjal/Github/FreeRTOS_STM/working_projects/1_uart_without_segger/third_party/freertos/include" -I"C:/Users/pranj/Pranjal/Github/FreeRTOS_STM/working_projects/1_uart_without_segger/third_party/freertos/portable/GCC/ARM_CM4F" -I../Drivers/STM32L4xx_HAL_Driver/Inc -I../Drivers/STM32L4xx_HAL_Driver/Inc/Legacy -I../Drivers/CMSIS/Device/ST/STM32L4xx/Include -I../Drivers/CMSIS/Include -O0 -ffunction-sections -fdata-sections -Wall -fstack-usage -MMD -MP -MF"third_party/freertos/croutine.d" -MT"third_party/freertos/croutine.o" --specs=nano.specs -mfpu=fpv4-sp-d16 -mfloat-abi=hard -mthumb -o "third_party/freertos/croutine.o"
arm-none-eabi-gcc "../third_party/freertos/event_groups.c" -mcpu=cortex-m4 -std=gnu11 -g3 -DDEBUG -DUSE_HAL_DRIVER -DSTM32L476xx -c -I../Core/Inc -I"C:/Users/pranj/Pranjal/Github/FreeRTOS_STM/working_projects/1_uart_without_segger/third_party/freertos" -I"C:/Users/pranj/Pranjal/Github/FreeRTOS_STM/working_projects/1_uart_without_segger/third_party/freertos/include" -I"C:/Users/pranj/Pranjal/Github/FreeRTOS_STM/working_projects/1_uart_without_segger/third_party/freertos/portable/GCC/ARM_CM4F" -I../Drivers/STM32L4xx_HAL_Driver/Inc -I../Drivers/STM32L4xx_HAL_Driver/Inc/Legacy -I../Drivers/CMSIS/Device/ST/STM32L4xx/Include -I../Drivers/CMSIS/Include -O0 -ffunction-sections -fdata-sections -Wall -fstack-usage -MMD -MP -MF"third_party/freertos/event_groups.d" -MT"third_party/freertos/event_groups.o" --specs=nano.specs -mfpu=fpv4-sp-d16 -mfloat-abi=hard -mthumb -o "third_party/freertos/event_groups.o"
arm-none-eabi-gcc "../third_party/freertos/list.c" -mcpu=cortex-m4 -std=gnu11 -g3 -DDEBUG -DUSE_HAL_DRIVER -DSTM32L476xx -c -I../Core/Inc -I"C:/Users/pranj/Pranjal/Github/FreeRTOS_STM/working_projects/1_uart_without_segger/third_party/freertos" -I"C:/Users/pranj/Pranjal/Github/FreeRTOS_STM/working_projects/1_uart_without_segger/third_party/freertos/include" -I"C:/Users/pranj/Pranjal/Github/FreeRTOS_STM/working_projects/1_uart_without_segger/third_party/freertos/portable/GCC/ARM_CM4F" -I../Drivers/STM32L4xx_HAL_Driver/Inc -I../Drivers/STM32L4xx_HAL_Driver/Inc/Legacy -I../Drivers/CMSIS/Device/ST/STM32L4xx/Include -I../Drivers/CMSIS/Include -O0 -ffunction-sections -fdata-sections -Wall -fstack-usage -MMD -MP -MF"third_party/freertos/list.d" -MT"third_party/freertos/list.o" --specs=nano.specs -mfpu=fpv4-sp-d16 -mfloat-abi=hard -mthumb -o "third_party/freertos/list.o"
arm-none-eabi-gcc "../third_party/freertos/queue.c" -mcpu=cortex-m4 -std=gnu11 -g3 -DDEBUG -DUSE_HAL_DRIVER -DSTM32L476xx -c -I../Core/Inc -I"C:/Users/pranj/Pranjal/Github/FreeRTOS_STM/working_projects/1_uart_without_segger/third_party/freertos" -I"C:/Users/pranj/Pranjal/Github/FreeRTOS_STM/working_projects/1_uart_without_segger/third_party/freertos/include" -I"C:/Users/pranj/Pranjal/Github/FreeRTOS_STM/working_projects/1_uart_without_segger/third_party/freertos/portable/GCC/ARM_CM4F" -I../Drivers/STM32L4xx_HAL_Driver/Inc -I../Drivers/STM32L4xx_HAL_Driver/Inc/Legacy -I../Drivers/CMSIS/Device/ST/STM32L4xx/Include -I../Drivers/CMSIS/Include -O0 -ffunction-sections -fdata-sections -Wall -fstack-usage -MMD -MP -MF"third_party/freertos/queue.d" -MT"third_party/freertos/queue.o" --specs=nano.specs -mfpu=fpv4-sp-d16 -mfloat-abi=hard -mthumb -o "third_party/freertos/queue.o"
arm-none-eabi-gcc "../third_party/freertos/stream_buffer.c" -mcpu=cortex-m4 -std=gnu11 -g3 -DDEBUG -DUSE_HAL_DRIVER -DSTM32L476xx -c -I../Core/Inc -I"C:/Users/pranj/Pranjal/Github/FreeRTOS_STM/working_projects/1_uart_without_segger/third_party/freertos" -I"C:/Users/pranj/Pranjal/Github/FreeRTOS_STM/working_projects/1_uart_without_segger/third_party/freertos/include" -I"C:/Users/pranj/Pranjal/Github/FreeRTOS_STM/working_projects/1_uart_without_segger/third_party/freertos/portable/GCC/ARM_CM4F" -I../Drivers/STM32L4xx_HAL_Driver/Inc -I../Drivers/STM32L4xx_HAL_Driver/Inc/Legacy -I../Drivers/CMSIS/Device/ST/STM32L4xx/Include -I../Drivers/CMSIS/Include -O0 -ffunction-sections -fdata-sections -Wall -fstack-usage -MMD -MP -MF"third_party/freertos/stream_buffer.d" -MT"third_party/freertos/stream_buffer.o" --specs=nano.specs -mfpu=fpv4-sp-d16 -mfloat-abi=hard -mthumb -o "third_party/freertos/stream_buffer.o"
arm-none-eabi-gcc "../third_party/freertos/tasks.c" -mcpu=cortex-m4 -std=gnu11 -g3 -DDEBUG -DUSE_HAL_DRIVER -DSTM32L476xx -c -I../Core/Inc -I"C:/Users/pranj/Pranjal/Github/FreeRTOS_STM/working_projects/1_uart_without_segger/third_party/freertos" -I"C:/Users/pranj/Pranjal/Github/FreeRTOS_STM/working_projects/1_uart_without_segger/third_party/freertos/include" -I"C:/Users/pranj/Pranjal/Github/FreeRTOS_STM/working_projects/1_uart_without_segger/third_party/freertos/portable/GCC/ARM_CM4F" -I../Drivers/STM32L4xx_HAL_Driver/Inc -I../Drivers/STM32L4xx_HAL_Driver/Inc/Legacy -I../Drivers/CMSIS/Device/ST/STM32L4xx/Include -I../Drivers/CMSIS/Include -O0 -ffunction-sections -fdata-sections -Wall -fstack-usage -MMD -MP -MF"third_party/freertos/tasks.d" -MT"third_party/freertos/tasks.o" --specs=nano.specs -mfpu=fpv4-sp-d16 -mfloat-abi=hard -mthumb -o "third_party/freertos/tasks.o"
arm-none-eabi-gcc "../third_party/freertos/timers.c" -mcpu=cortex-m4 -std=gnu11 -g3 -DDEBUG -DUSE_HAL_DRIVER -DSTM32L476xx -c -I../Core/Inc -I"C:/Users/pranj/Pranjal/Github/FreeRTOS_STM/working_projects/1_uart_without_segger/third_party/freertos" -I"C:/Users/pranj/Pranjal/Github/FreeRTOS_STM/working_projects/1_uart_without_segger/third_party/freertos/include" -I"C:/Users/pranj/Pranjal/Github/FreeRTOS_STM/working_projects/1_uart_without_segger/third_party/freertos/portable/GCC/ARM_CM4F" -I../Drivers/STM32L4xx_HAL_Driver/Inc -I../Drivers/STM32L4xx_HAL_Driver/Inc/Legacy -I../Drivers/CMSIS/Device/ST/STM32L4xx/Include -I../Drivers/CMSIS/Include -O0 -ffunction-sections -fdata-sections -Wall -fstack-usage -MMD -MP -MF"third_party/freertos/timers.d" -MT"third_party/freertos/timers.o" --specs=nano.specs -mfpu=fpv4-sp-d16 -mfloat-abi=hard -mthumb -o "third_party/freertos/timers.o"
arm-none-eabi-gcc "../Drivers/STM32L4xx_HAL_Driver/Src/stm32l4xx_hal.c" -mcpu=cortex-m4 -std=gnu11 -g3 -DDEBUG -DUSE_HAL_DRIVER -DSTM32L476xx -c -I../Core/Inc -I"C:/Users/pranj/Pranjal/Github/FreeRTOS_STM/working_projects/1_uart_without_segger/third_party/freertos" -I"C:/Users/pranj/Pranjal/Github/FreeRTOS_STM/working_projects/1_uart_without_segger/third_party/freertos/include" -I"C:/Users/pranj/Pranjal/Github/FreeRTOS_STM/working_projects/1_uart_without_segger/third_party/freertos/portable/GCC/ARM_CM4F" -I../Drivers/STM32L4xx_HAL_Driver/Inc -I../Drivers/STM32L4xx_HAL_Driver/Inc/Legacy -I../Drivers/CMSIS/Device/ST/STM32L4xx/Include -I../Drivers/CMSIS/Include -O0 -ffunction-sections -fdata-sections -Wall -fstack-usage -MMD -MP -MF"Drivers/STM32L4xx_HAL_Driver/Src/stm32l4xx_hal.d" -MT"Drivers/STM32L4xx_HAL_Driver/Src/stm32l4xx_hal.o" --specs=nano.specs -mfpu=fpv4-sp-d16 -mfloat-abi=hard -mthumb -o "Drivers/STM32L4xx_HAL_Driver/Src/stm32l4xx_hal.o"
arm-none-eabi-gcc "../Drivers/STM32L4xx_HAL_Driver/Src/stm32l4xx_hal_cortex.c" -mcpu=cortex-m4 -std=gnu11 -g3 -DDEBUG -DUSE_HAL_DRIVER -DSTM32L476xx -c -I../Core/Inc -I"C:/Users/pranj/Pranjal/Github/FreeRTOS_STM/working_projects/1_uart_without_segger/third_party/freertos" -I"C:/Users/pranj/Pranjal/Github/FreeRTOS_STM/working_projects/1_uart_without_segger/third_party/freertos/include" -I"C:/Users/pranj/Pranjal/Github/FreeRTOS_STM/working_projects/1_uart_without_segger/third_party/freertos/portable/GCC/ARM_CM4F" -I../Drivers/STM32L4xx_HAL_Driver/Inc -I../Drivers/STM32L4xx_HAL_Driver/Inc/Legacy -I../Drivers/CMSIS/Device/ST/STM32L4xx/Include -I../Drivers/CMSIS/Include -O0 -ffunction-sections -fdata-sections -Wall -fstack-usage -MMD -MP -MF"Drivers/STM32L4xx_HAL_Driver/Src/stm32l4xx_hal_cortex.d" -MT"Drivers/STM32L4xx_HAL_Driver/Src/stm32l4xx_hal_cortex.o" --specs=nano.specs -mfpu=fpv4-sp-d16 -mfloat-abi=hard -mthumb -o "Drivers/STM32L4xx_HAL_Driver/Src/stm32l4xx_hal_cortex.o"
arm-none-eabi-gcc "../Drivers/STM32L4xx_HAL_Driver/Src/stm32l4xx_hal_dma.c" -mcpu=cortex-m4 -std=gnu11 -g3 -DDEBUG -DUSE_HAL_DRIVER -DSTM32L476xx -c -I../Core/Inc -I"C:/Users/pranj/Pranjal/Github/FreeRTOS_STM/working_projects/1_uart_without_segger/third_party/freertos" -I"C:/Users/pranj/Pranjal/Github/FreeRTOS_STM/working_projects/1_uart_without_segger/third_party/freertos/include" -I"C:/Users/pranj/Pranjal/Github/FreeRTOS_STM/working_projects/1_uart_without_segger/third_party/freertos/portable/GCC/ARM_CM4F" -I../Drivers/STM32L4xx_HAL_Driver/Inc -I../Drivers/STM32L4xx_HAL_Driver/Inc/Legacy -I../Drivers/CMSIS/Device/ST/STM32L4xx/Include -I../Drivers/CMSIS/Include -O0 -ffunction-sections -fdata-sections -Wall -fstack-usage -MMD -MP -MF"Drivers/STM32L4xx_HAL_Driver/Src/stm32l4xx_hal_dma.d" -MT"Drivers/STM32L4xx_HAL_Driver/Src/stm32l4xx_hal_dma.o" --specs=nano.specs -mfpu=fpv4-sp-d16 -mfloat-abi=hard -mthumb -o "Drivers/STM32L4xx_HAL_Driver/Src/stm32l4xx_hal_dma.o"
arm-none-eabi-gcc "../Drivers/STM32L4xx_HAL_Driver/Src/stm32l4xx_hal_dma_ex.c" -mcpu=cortex-m4 -std=gnu11 -g3 -DDEBUG -DUSE_HAL_DRIVER -DSTM32L476xx -c -I../Core/Inc -I"C:/Users/pranj/Pranjal/Github/FreeRTOS_STM/working_projects/1_uart_without_segger/third_party/freertos" -I"C:/Users/pranj/Pranjal/Github/FreeRTOS_STM/working_projects/1_uart_without_segger/third_party/freertos/include" -I"C:/Users/pranj/Pranjal/Github/FreeRTOS_STM/working_projects/1_uart_without_segger/third_party/freertos/portable/GCC/ARM_CM4F" -I../Drivers/STM32L4xx_HAL_Driver/Inc -I../Drivers/STM32L4xx_HAL_Driver/Inc/Legacy -I../Drivers/CMSIS/Device/ST/STM32L4xx/Include -I../Drivers/CMSIS/Include -O0 -ffunction-sections -fdata-sections -Wall -fstack-usage -MMD -MP -MF"Drivers/STM32L4xx_HAL_Driver/Src/stm32l4xx_hal_dma_ex.d" -MT"Drivers/STM32L4xx_HAL_Driver/Src/stm32l4xx_hal_dma_ex.o" --specs=nano.specs -mfpu=fpv4-sp-d16 -mfloat-abi=hard -mthumb -o "Drivers/STM32L4xx_HAL_Driver/Src/stm32l4xx_hal_dma_ex.o"
arm-none-eabi-gcc "../Drivers/STM32L4xx_HAL_Driver/Src/stm32l4xx_hal_exti.c" -mcpu=cortex-m4 -std=gnu11 -g3 -DDEBUG -DUSE_HAL_DRIVER -DSTM32L476xx -c -I../Core/Inc -I"C:/Users/pranj/Pranjal/Github/FreeRTOS_STM/working_projects/1_uart_without_segger/third_party/freertos" -I"C:/Users/pranj/Pranjal/Github/FreeRTOS_STM/working_projects/1_uart_without_segger/third_party/freertos/include" -I"C:/Users/pranj/Pranjal/Github/FreeRTOS_STM/working_projects/1_uart_without_segger/third_party/freertos/portable/GCC/ARM_CM4F" -I../Drivers/STM32L4xx_HAL_Driver/Inc -I../Drivers/STM32L4xx_HAL_Driver/Inc/Legacy -I../Drivers/CMSIS/Device/ST/STM32L4xx/Include -I../Drivers/CMSIS/Include -O0 -ffunction-sections -fdata-sections -Wall -fstack-usage -MMD -MP -MF"Drivers/STM32L4xx_HAL_Driver/Src/stm32l4xx_hal_exti.d" -MT"Drivers/STM32L4xx_HAL_Driver/Src/stm32l4xx_hal_exti.o" --specs=nano.specs -mfpu=fpv4-sp-d16 -mfloat-abi=hard -mthumb -o "Drivers/STM32L4xx_HAL_Driver/Src/stm32l4xx_hal_exti.o"
arm-none-eabi-gcc "../Drivers/STM32L4xx_HAL_Driver/Src/stm32l4xx_hal_flash.c" -mcpu=cortex-m4 -std=gnu11 -g3 -DDEBUG -DUSE_HAL_DRIVER -DSTM32L476xx -c -I../Core/Inc -I"C:/Users/pranj/Pranjal/Github/FreeRTOS_STM/working_projects/1_uart_without_segger/third_party/freertos" -I"C:/Users/pranj/Pranjal/Github/FreeRTOS_STM/working_projects/1_uart_without_segger/third_party/freertos/include" -I"C:/Users/pranj/Pranjal/Github/FreeRTOS_STM/working_projects/1_uart_without_segger/third_party/freertos/portable/GCC/ARM_CM4F" -I../Drivers/STM32L4xx_HAL_Driver/Inc -I../Drivers/STM32L4xx_HAL_Driver/Inc/Legacy -I../Drivers/CMSIS/Device/ST/STM32L4xx/Include -I../Drivers/CMSIS/Include -O0 -ffunction-sections -fdata-sections -Wall -fstack-usage -MMD -MP -MF"Drivers/STM32L4xx_HAL_Driver/Src/stm32l4xx_hal_flash.d" -MT"Drivers/STM32L4xx_HAL_Driver/Src/stm32l4xx_hal_flash.o" --specs=nano.specs -mfpu=fpv4-sp-d16 -mfloat-abi=hard -mthumb -o "Drivers/STM32L4xx_HAL_Driver/Src/stm32l4xx_hal_flash.o"
arm-none-eabi-gcc "../Drivers/STM32L4xx_HAL_Driver/Src/stm32l4xx_hal_flash_ex.c" -mcpu=cortex-m4 -std=gnu11 -g3 -DDEBUG -DUSE_HAL_DRIVER -DSTM32L476xx -c -I../Core/Inc -I"C:/Users/pranj/Pranjal/Github/FreeRTOS_STM/working_projects/1_uart_without_segger/third_party/freertos" -I"C:/Users/pranj/Pranjal/Github/FreeRTOS_STM/working_projects/1_uart_without_segger/third_party/freertos/include" -I"C:/Users/pranj/Pranjal/Github/FreeRTOS_STM/working_projects/1_uart_without_segger/third_party/freertos/portable/GCC/ARM_CM4F" -I../Drivers/STM32L4xx_HAL_Driver/Inc -I../Drivers/STM32L4xx_HAL_Driver/Inc/Legacy -I../Drivers/CMSIS/Device/ST/STM32L4xx/Include -I../Drivers/CMSIS/Include -O0 -ffunction-sections -fdata-sections -Wall -fstack-usage -MMD -MP -MF"Drivers/STM32L4xx_HAL_Driver/Src/stm32l4xx_hal_flash_ex.d" -MT"Drivers/STM32L4xx_HAL_Driver/Src/stm32l4xx_hal_flash_ex.o" --specs=nano.specs -mfpu=fpv4-sp-d16 -mfloat-abi=hard -mthumb -o "Drivers/STM32L4xx_HAL_Driver/Src/stm32l4xx_hal_flash_ex.o"
arm-none-eabi-gcc "../Drivers/STM32L4xx_HAL_Driver/Src/stm32l4xx_hal_flash_ramfunc.c" -mcpu=cortex-m4 -std=gnu11 -g3 -DDEBUG -DUSE_HAL_DRIVER -DSTM32L476xx -c -I../Core/Inc -I"C:/Users/pranj/Pranjal/Github/FreeRTOS_STM/working_projects/1_uart_without_segger/third_party/freertos" -I"C:/Users/pranj/Pranjal/Github/FreeRTOS_STM/working_projects/1_uart_without_segger/third_party/freertos/include" -I"C:/Users/pranj/Pranjal/Github/FreeRTOS_STM/working_projects/1_uart_without_segger/third_party/freertos/portable/GCC/ARM_CM4F" -I../Drivers/STM32L4xx_HAL_Driver/Inc -I../Drivers/STM32L4xx_HAL_Driver/Inc/Legacy -I../Drivers/CMSIS/Device/ST/STM32L4xx/Include -I../Drivers/CMSIS/Include -O0 -ffunction-sections -fdata-sections -Wall -fstack-usage -MMD -MP -MF"Drivers/STM32L4xx_HAL_Driver/Src/stm32l4xx_hal_flash_ramfunc.d" -MT"Drivers/STM32L4xx_HAL_Driver/Src/stm32l4xx_hal_flash_ramfunc.o" --specs=nano.specs -mfpu=fpv4-sp-d16 -mfloat-abi=hard -mthumb -o "Drivers/STM32L4xx_HAL_Driver/Src/stm32l4xx_hal_flash_ramfunc.o"
arm-none-eabi-gcc "../Drivers/STM32L4xx_HAL_Driver/Src/stm32l4xx_hal_gpio.c" -mcpu=cortex-m4 -std=gnu11 -g3 -DDEBUG -DUSE_HAL_DRIVER -DSTM32L476xx -c -I../Core/Inc -I"C:/Users/pranj/Pranjal/Github/FreeRTOS_STM/working_projects/1_uart_without_segger/third_party/freertos" -I"C:/Users/pranj/Pranjal/Github/FreeRTOS_STM/working_projects/1_uart_without_segger/third_party/freertos/include" -I"C:/Users/pranj/Pranjal/Github/FreeRTOS_STM/working_projects/1_uart_without_segger/third_party/freertos/portable/GCC/ARM_CM4F" -I../Drivers/STM32L4xx_HAL_Driver/Inc -I../Drivers/STM32L4xx_HAL_Driver/Inc/Legacy -I../Drivers/CMSIS/Device/ST/STM32L4xx/Include -I../Drivers/CMSIS/Include -O0 -ffunction-sections -fdata-sections -Wall -fstack-usage -MMD -MP -MF"Drivers/STM32L4xx_HAL_Driver/Src/stm32l4xx_hal_gpio.d" -MT"Drivers/STM32L4xx_HAL_Driver/Src/stm32l4xx_hal_gpio.o" --specs=nano.specs -mfpu=fpv4-sp-d16 -mfloat-abi=hard -mthumb -o "Drivers/STM32L4xx_HAL_Driver/Src/stm32l4xx_hal_gpio.o"
arm-none-eabi-gcc "../Drivers/STM32L4xx_HAL_Driver/Src/stm32l4xx_hal_i2c.c" -mcpu=cortex-m4 -std=gnu11 -g3 -DDEBUG -DUSE_HAL_DRIVER -DSTM32L476xx -c -I../Core/Inc -I"C:/Users/pranj/Pranjal/Github/FreeRTOS_STM/working_projects/1_uart_without_segger/third_party/freertos" -I"C:/Users/pranj/Pranjal/Github/FreeRTOS_STM/working_projects/1_uart_without_segger/third_party/freertos/include" -I"C:/Users/pranj/Pranjal/Github/FreeRTOS_STM/working_projects/1_uart_without_segger/third_party/freertos/portable/GCC/ARM_CM4F" -I../Drivers/STM32L4xx_HAL_Driver/Inc -I../Drivers/STM32L4xx_HAL_Driver/Inc/Legacy -I../Drivers/CMSIS/Device/ST/STM32L4xx/Include -I../Drivers/CMSIS/Include -O0 -ffunction-sections -fdata-sections -Wall -fstack-usage -MMD -MP -MF"Drivers/STM32L4xx_HAL_Driver/Src/stm32l4xx_hal_i2c.d" -MT"Drivers/STM32L4xx_HAL_Driver/Src/stm32l4xx_hal_i2c.o" --specs=nano.specs -mfpu=fpv4-sp-d16 -mfloat-abi=hard -mthumb -o "Drivers/STM32L4xx_HAL_Driver/Src/stm32l4xx_hal_i2c.o"
arm-none-eabi-gcc "../Drivers/STM32L4xx_HAL_Driver/Src/stm32l4xx_hal_i2c_ex.c" -mcpu=cortex-m4 -std=gnu11 -g3 -DDEBUG -DUSE_HAL_DRIVER -DSTM32L476xx -c -I../Core/Inc -I"C:/Users/pranj/Pranjal/Github/FreeRTOS_STM/working_projects/1_uart_without_segger/third_party/freertos" -I"C:/Users/pranj/Pranjal/Github/FreeRTOS_STM/working_projects/1_uart_without_segger/third_party/freertos/include" -I"C:/Users/pranj/Pranjal/Github/FreeRTOS_STM/working_projects/1_uart_without_segger/third_party/freertos/portable/GCC/ARM_CM4F" -I../Drivers/STM32L4xx_HAL_Driver/Inc -I../Drivers/STM32L4xx_HAL_Driver/Inc/Legacy -I../Drivers/CMSIS/Device/ST/STM32L4xx/Include -I../Drivers/CMSIS/Include -O0 -ffunction-sections -fdata-sections -Wall -fstack-usage -MMD -MP -MF"Drivers/STM32L4xx_HAL_Driver/Src/stm32l4xx_hal_i2c_ex.d" -MT"Drivers/STM32L4xx_HAL_Driver/Src/stm32l4xx_hal_i2c_ex.o" --specs=nano.specs -mfpu=fpv4-sp-d16 -mfloat-abi=hard -mthumb -o "Drivers/STM32L4xx_HAL_Driver/Src/stm32l4xx_hal_i2c_ex.o"
arm-none-eabi-gcc "../Drivers/STM32L4xx_HAL_Driver/Src/stm32l4xx_hal_pwr.c" -mcpu=cortex-m4 -std=gnu11 -g3 -DDEBUG -DUSE_HAL_DRIVER -DSTM32L476xx -c -I../Core/Inc -I"C:/Users/pranj/Pranjal/Github/FreeRTOS_STM/working_projects/1_uart_without_segger/third_party/freertos" -I"C:/Users/pranj/Pranjal/Github/FreeRTOS_STM/working_projects/1_uart_without_segger/third_party/freertos/include" -I"C:/Users/pranj/Pranjal/Github/FreeRTOS_STM/working_projects/1_uart_without_segger/third_party/freertos/portable/GCC/ARM_CM4F" -I../Drivers/STM32L4xx_HAL_Driver/Inc -I../Drivers/STM32L4xx_HAL_Driver/Inc/Legacy -I../Drivers/CMSIS/Device/ST/STM32L4xx/Include -I../Drivers/CMSIS/Include -O0 -ffunction-sections -fdata-sections -Wall -fstack-usage -MMD -MP -MF"Drivers/STM32L4xx_HAL_Driver/Src/stm32l4xx_hal_pwr.d" -MT"Drivers/STM32L4xx_HAL_Driver/Src/stm32l4xx_hal_pwr.o" --specs=nano.specs -mfpu=fpv4-sp-d16 -mfloat-abi=hard -mthumb -o "Drivers/STM32L4xx_HAL_Driver/Src/stm32l4xx_hal_pwr.o"
arm-none-eabi-gcc "../Drivers/STM32L4xx_HAL_Driver/Src/stm32l4xx_hal_pwr_ex.c" -mcpu=cortex-m4 -std=gnu11 -g3 -DDEBUG -DUSE_HAL_DRIVER -DSTM32L476xx -c -I../Core/Inc -I"C:/Users/pranj/Pranjal/Github/FreeRTOS_STM/working_projects/1_uart_without_segger/third_party/freertos" -I"C:/Users/pranj/Pranjal/Github/FreeRTOS_STM/working_projects/1_uart_without_segger/third_party/freertos/include" -I"C:/Users/pranj/Pranjal/Github/FreeRTOS_STM/working_projects/1_uart_without_segger/third_party/freertos/portable/GCC/ARM_CM4F" -I../Drivers/STM32L4xx_HAL_Driver/Inc -I../Drivers/STM32L4xx_HAL_Driver/Inc/Legacy -I../Drivers/CMSIS/Device/ST/STM32L4xx/Include -I../Drivers/CMSIS/Include -O0 -ffunction-sections -fdata-sections -Wall -fstack-usage -MMD -MP -MF"Drivers/STM32L4xx_HAL_Driver/Src/stm32l4xx_hal_pwr_ex.d" -MT"Drivers/STM32L4xx_HAL_Driver/Src/stm32l4xx_hal_pwr_ex.o" --specs=nano.specs -mfpu=fpv4-sp-d16 -mfloat-abi=hard -mthumb -o "Drivers/STM32L4xx_HAL_Driver/Src/stm32l4xx_hal_pwr_ex.o"
arm-none-eabi-gcc "../Drivers/STM32L4xx_HAL_Driver/Src/stm32l4xx_hal_rcc.c" -mcpu=cortex-m4 -std=gnu11 -g3 -DDEBUG -DUSE_HAL_DRIVER -DSTM32L476xx -c -I../Core/Inc -I"C:/Users/pranj/Pranjal/Github/FreeRTOS_STM/working_projects/1_uart_without_segger/third_party/freertos" -I"C:/Users/pranj/Pranjal/Github/FreeRTOS_STM/working_projects/1_uart_without_segger/third_party/freertos/include" -I"C:/Users/pranj/Pranjal/Github/FreeRTOS_STM/working_projects/1_uart_without_segger/third_party/freertos/portable/GCC/ARM_CM4F" -I../Drivers/STM32L4xx_HAL_Driver/Inc -I../Drivers/STM32L4xx_HAL_Driver/Inc/Legacy -I../Drivers/CMSIS/Device/ST/STM32L4xx/Include -I../Drivers/CMSIS/Include -O0 -ffunction-sections -fdata-sections -Wall -fstack-usage -MMD -MP -MF"Drivers/STM32L4xx_HAL_Driver/Src/stm32l4xx_hal_rcc.d" -MT"Drivers/STM32L4xx_HAL_Driver/Src/stm32l4xx_hal_rcc.o" --specs=nano.specs -mfpu=fpv4-sp-d16 -mfloat-abi=hard -mthumb -o "Drivers/STM32L4xx_HAL_Driver/Src/stm32l4xx_hal_rcc.o"
arm-none-eabi-gcc "../Drivers/STM32L4xx_HAL_Driver/Src/stm32l4xx_hal_rcc_ex.c" -mcpu=cortex-m4 -std=gnu11 -g3 -DDEBUG -DUSE_HAL_DRIVER -DSTM32L476xx -c -I../Core/Inc -I"C:/Users/pranj/Pranjal/Github/FreeRTOS_STM/working_projects/1_uart_without_segger/third_party/freertos" -I"C:/Users/pranj/Pranjal/Github/FreeRTOS_STM/working_projects/1_uart_without_segger/third_party/freertos/include" -I"C:/Users/pranj/Pranjal/Github/FreeRTOS_STM/working_projects/1_uart_without_segger/third_party/freertos/portable/GCC/ARM_CM4F" -I../Drivers/STM32L4xx_HAL_Driver/Inc -I../Drivers/STM32L4xx_HAL_Driver/Inc/Legacy -I../Drivers/CMSIS/Device/ST/STM32L4xx/Include -I../Drivers/CMSIS/Include -O0 -ffunction-sections -fdata-sections -Wall -fstack-usage -MMD -MP -MF"Drivers/STM32L4xx_HAL_Driver/Src/stm32l4xx_hal_rcc_ex.d" -MT"Drivers/STM32L4xx_HAL_Driver/Src/stm32l4xx_hal_rcc_ex.o" --specs=nano.specs -mfpu=fpv4-sp-d16 -mfloat-abi=hard -mthumb -o "Drivers/STM32L4xx_HAL_Driver/Src/stm32l4xx_hal_rcc_ex.o"
arm-none-eabi-gcc "../Drivers/STM32L4xx_HAL_Driver/Src/stm32l4xx_hal_tim.c" -mcpu=cortex-m4 -std=gnu11 -g3 -DDEBUG -DUSE_HAL_DRIVER -DSTM32L476xx -c -I../Core/Inc -I"C:/Users/pranj/Pranjal/Github/FreeRTOS_STM/working_projects/1_uart_without_segger/third_party/freertos" -I"C:/Users/pranj/Pranjal/Github/FreeRTOS_STM/working_projects/1_uart_without_segger/third_party/freertos/include" -I"C:/Users/pranj/Pranjal/Github/FreeRTOS_STM/working_projects/1_uart_without_segger/third_party/freertos/portable/GCC/ARM_CM4F" -I../Drivers/STM32L4xx_HAL_Driver/Inc -I../Drivers/STM32L4xx_HAL_Driver/Inc/Legacy -I../Drivers/CMSIS/Device/ST/STM32L4xx/Include -I../Drivers/CMSIS/Include -O0 -ffunction-sections -fdata-sections -Wall -fstack-usage -MMD -MP -MF"Drivers/STM32L4xx_HAL_Driver/Src/stm32l4xx_hal_tim.d" -MT"Drivers/STM32L4xx_HAL_Driver/Src/stm32l4xx_hal_tim.o" --specs=nano.specs -mfpu=fpv4-sp-d16 -mfloat-abi=hard -mthumb -o "Drivers/STM32L4xx_HAL_Driver/Src/stm32l4xx_hal_tim.o"
arm-none-eabi-gcc "../Drivers/STM32L4xx_HAL_Driver/Src/stm32l4xx_hal_tim_ex.c" -mcpu=cortex-m4 -std=gnu11 -g3 -DDEBUG -DUSE_HAL_DRIVER -DSTM32L476xx -c -I../Core/Inc -I"C:/Users/pranj/Pranjal/Github/FreeRTOS_STM/working_projects/1_uart_without_segger/third_party/freertos" -I"C:/Users/pranj/Pranjal/Github/FreeRTOS_STM/working_projects/1_uart_without_segger/third_party/freertos/include" -I"C:/Users/pranj/Pranjal/Github/FreeRTOS_STM/working_projects/1_uart_without_segger/third_party/freertos/portable/GCC/ARM_CM4F" -I../Drivers/STM32L4xx_HAL_Driver/Inc -I../Drivers/STM32L4xx_HAL_Driver/Inc/Legacy -I../Drivers/CMSIS/Device/ST/STM32L4xx/Include -I../Drivers/CMSIS/Include -O0 -ffunction-sections -fdata-sections -Wall -fstack-usage -MMD -MP -MF"Drivers/STM32L4xx_HAL_Driver/Src/stm32l4xx_hal_tim_ex.d" -MT"Drivers/STM32L4xx_HAL_Driver/Src/stm32l4xx_hal_tim_ex.o" --specs=nano.specs -mfpu=fpv4-sp-d16 -mfloat-abi=hard -mthumb -o "Drivers/STM32L4xx_HAL_Driver/Src/stm32l4xx_hal_tim_ex.o"
arm-none-eabi-gcc "../Drivers/STM32L4xx_HAL_Driver/Src/stm32l4xx_hal_uart.c" -mcpu=cortex-m4 -std=gnu11 -g3 -DDEBUG -DUSE_HAL_DRIVER -DSTM32L476xx -c -I../Core/Inc -I"C:/Users/pranj/Pranjal/Github/FreeRTOS_STM/working_projects/1_uart_without_segger/third_party/freertos" -I"C:/Users/pranj/Pranjal/Github/FreeRTOS_STM/working_projects/1_uart_without_segger/third_party/freertos/include" -I"C:/Users/pranj/Pranjal/Github/FreeRTOS_STM/working_projects/1_uart_without_segger/third_party/freertos/portable/GCC/ARM_CM4F" -I../Drivers/STM32L4xx_HAL_Driver/Inc -I../Drivers/STM32L4xx_HAL_Driver/Inc/Legacy -I../Drivers/CMSIS/Device/ST/STM32L4xx/Include -I../Drivers/CMSIS/Include -O0 -ffunction-sections -fdata-sections -Wall -fstack-usage -MMD -MP -MF"Drivers/STM32L4xx_HAL_Driver/Src/stm32l4xx_hal_uart.d" -MT"Drivers/STM32L4xx_HAL_Driver/Src/stm32l4xx_hal_uart.o" --specs=nano.specs -mfpu=fpv4-sp-d16 -mfloat-abi=hard -mthumb -o "Drivers/STM32L4xx_HAL_Driver/Src/stm32l4xx_hal_uart.o"
arm-none-eabi-gcc "../Drivers/STM32L4xx_HAL_Driver/Src/stm32l4xx_hal_uart_ex.c" -mcpu=cortex-m4 -std=gnu11 -g3 -DDEBUG -DUSE_HAL_DRIVER -DSTM32L476xx -c -I../Core/Inc -I"C:/Users/pranj/Pranjal/Github/FreeRTOS_STM/working_projects/1_uart_without_segger/third_party/freertos" -I"C:/Users/pranj/Pranjal/Github/FreeRTOS_STM/working_projects/1_uart_without_segger/third_party/freertos/include" -I"C:/Users/pranj/Pranjal/Github/FreeRTOS_STM/working_projects/1_uart_without_segger/third_party/freertos/portable/GCC/ARM_CM4F" -I../Drivers/STM32L4xx_HAL_Driver/Inc -I../Drivers/STM32L4xx_HAL_Driver/Inc/Legacy -I../Drivers/CMSIS/Device/ST/STM32L4xx/Include -I../Drivers/CMSIS/Include -O0 -ffunction-sections -fdata-sections -Wall -fstack-usage -MMD -MP -MF"Drivers/STM32L4xx_HAL_Driver/Src/stm32l4xx_hal_uart_ex.d" -MT"Drivers/STM32L4xx_HAL_Driver/Src/stm32l4xx_hal_uart_ex.o" --specs=nano.specs -mfpu=fpv4-sp-d16 -mfloat-abi=hard -mthumb -o "Drivers/STM32L4xx_HAL_Driver/Src/stm32l4xx_hal_uart_ex.o"
arm-none-eabi-gcc -mcpu=cortex-m4 -g3 -DDEBUG -c -x assembler-with-cpp -MMD -MP -MF"Core/Startup/startup_stm32l476rgtx.d" -MT"Core/Startup/startup_stm32l476rgtx.o" --specs=nano.specs -mfpu=fpv4-sp-d16 -mfloat-abi=hard -mthumb -o "Core/Startup/startup_stm32l476rgtx.o" "../Core/Startup/startup_stm32l476rgtx.s"
arm-none-eabi-gcc "../Core/Src/main.c" -mcpu=cortex-m4 -std=gnu11 -g3 -DDEBUG -DUSE_HAL_DRIVER -DSTM32L476xx -c -I../Core/Inc -I"C:/Users/pranj/Pranjal/Github/FreeRTOS_STM/working_projects/1_uart_without_segger/third_party/freertos" -I"C:/Users/pranj/Pranjal/Github/FreeRTOS_STM/working_projects/1_uart_without_segger/third_party/freertos/include" -I"C:/Users/pranj/Pranjal/Github/FreeRTOS_STM/working_projects/1_uart_without_segger/third_party/freertos/portable/GCC/ARM_CM4F" -I../Drivers/STM32L4xx_HAL_Driver/Inc -I../Drivers/STM32L4xx_HAL_Driver/Inc/Legacy -I../Drivers/CMSIS/Device/ST/STM32L4xx/Include -I../Drivers/CMSIS/Include -O0 -ffunction-sections -fdata-sections -Wall -fstack-usage -MMD -MP -MF"Core/Src/main.d" -MT"Core/Src/main.o" --specs=nano.specs -mfpu=fpv4-sp-d16 -mfloat-abi=hard -mthumb -o "Core/Src/main.o"
../Core/Src/main.c: In function 'task1_handler':
../Core/Src/main.c:246:35: warning: pointer targets in passing argument 2 of 'HAL_UART_Transmit' differ in signedness [-Wpointer-sign]
  246 |         HAL_UART_Transmit(&huart2,(char*)parameters,100,10);// Sending in normal mode
      |                                   ^~~~~~~~~~~~~~~~~
      |                                   |
      |                                   char *
In file included from ../Core/Inc/stm32l4xx_hal_conf.h:450,
                 from ../Drivers/STM32L4xx_HAL_Driver/Inc/stm32l4xx_hal.h:29,
                 from ../Core/Inc/main.h:30,
                 from ../Core/Src/main.c:20:
../Drivers/STM32L4xx_HAL_Driver/Inc/stm32l4xx_hal_uart.h:1674:79: note: expected 'const uint8_t *' {aka 'const unsigned char *'} but argument is of type 'char *'
 1674 | HAL_StatusTypeDef HAL_UART_Transmit(UART_HandleTypeDef *huart, const uint8_t *pData, uint16_t Size, uint32_t Timeout);
      |                                                                ~~~~~~~~~~~~~~~^~~~~
../Core/Src/main.c: In function 'task2_handler':
../Core/Src/main.c:259:35: warning: pointer targets in passing argument 2 of 'HAL_UART_Transmit' differ in signedness [-Wpointer-sign]
  259 |         HAL_UART_Transmit(&huart2,(char*)parameters,100,10);// Sending in normal mode
      |                                   ^~~~~~~~~~~~~~~~~
      |                                   |
      |                                   char *
In file included from ../Core/Inc/stm32l4xx_hal_conf.h:450,
                 from ../Drivers/STM32L4xx_HAL_Driver/Inc/stm32l4xx_hal.h:29,
                 from ../Core/Inc/main.h:30,
                 from ../Core/Src/main.c:20:
../Drivers/STM32L4xx_HAL_Driver/Inc/stm32l4xx_hal_uart.h:1674:79: note: expected 'const uint8_t *' {aka 'const unsigned char *'} but argument is of type 'char *'
 1674 | HAL_StatusTypeDef HAL_UART_Transmit(UART_HandleTypeDef *huart, const uint8_t *pData, uint16_t Size, uint32_t Timeout);
      |                                                                ~~~~~~~~~~~~~~~^~~~~
arm-none-eabi-gcc "../Core/Src/stm32l4xx_hal_msp.c" -mcpu=cortex-m4 -std=gnu11 -g3 -DDEBUG -DUSE_HAL_DRIVER -DSTM32L476xx -c -I../Core/Inc -I"C:/Users/pranj/Pranjal/Github/FreeRTOS_STM/working_projects/1_uart_without_segger/third_party/freertos" -I"C:/Users/pranj/Pranjal/Github/FreeRTOS_STM/working_projects/1_uart_without_segger/third_party/freertos/include" -I"C:/Users/pranj/Pranjal/Github/FreeRTOS_STM/working_projects/1_uart_without_segger/third_party/freertos/portable/GCC/ARM_CM4F" -I../Drivers/STM32L4xx_HAL_Driver/Inc -I../Drivers/STM32L4xx_HAL_Driver/Inc/Legacy -I../Drivers/CMSIS/Device/ST/STM32L4xx/Include -I../Drivers/CMSIS/Include -O0 -ffunction-sections -fdata-sections -Wall -fstack-usage -MMD -MP -MF"Core/Src/stm32l4xx_hal_msp.d" -MT"Core/Src/stm32l4xx_hal_msp.o" --specs=nano.specs -mfpu=fpv4-sp-d16 -mfloat-abi=hard -mthumb -o "Core/Src/stm32l4xx_hal_msp.o"
arm-none-eabi-gcc "../Core/Src/stm32l4xx_hal_timebase_tim.c" -mcpu=cortex-m4 -std=gnu11 -g3 -DDEBUG -DUSE_HAL_DRIVER -DSTM32L476xx -c -I../Core/Inc -I"C:/Users/pranj/Pranjal/Github/FreeRTOS_STM/working_projects/1_uart_without_segger/third_party/freertos" -I"C:/Users/pranj/Pranjal/Github/FreeRTOS_STM/working_projects/1_uart_without_segger/third_party/freertos/include" -I"C:/Users/pranj/Pranjal/Github/FreeRTOS_STM/working_projects/1_uart_without_segger/third_party/freertos/portable/GCC/ARM_CM4F" -I../Drivers/STM32L4xx_HAL_Driver/Inc -I../Drivers/STM32L4xx_HAL_Driver/Inc/Legacy -I../Drivers/CMSIS/Device/ST/STM32L4xx/Include -I../Drivers/CMSIS/Include -O0 -ffunction-sections -fdata-sections -Wall -fstack-usage -MMD -MP -MF"Core/Src/stm32l4xx_hal_timebase_tim.d" -MT"Core/Src/stm32l4xx_hal_timebase_tim.o" --specs=nano.specs -mfpu=fpv4-sp-d16 -mfloat-abi=hard -mthumb -o "Core/Src/stm32l4xx_hal_timebase_tim.o"
arm-none-eabi-gcc "../Core/Src/stm32l4xx_it.c" -mcpu=cortex-m4 -std=gnu11 -g3 -DDEBUG -DUSE_HAL_DRIVER -DSTM32L476xx -c -I../Core/Inc -I"C:/Users/pranj/Pranjal/Github/FreeRTOS_STM/working_projects/1_uart_without_segger/third_party/freertos" -I"C:/Users/pranj/Pranjal/Github/FreeRTOS_STM/working_projects/1_uart_without_segger/third_party/freertos/include" -I"C:/Users/pranj/Pranjal/Github/FreeRTOS_STM/working_projects/1_uart_without_segger/third_party/freertos/portable/GCC/ARM_CM4F" -I../Drivers/STM32L4xx_HAL_Driver/Inc -I../Drivers/STM32L4xx_HAL_Driver/Inc/Legacy -I../Drivers/CMSIS/Device/ST/STM32L4xx/Include -I../Drivers/CMSIS/Include -O0 -ffunction-sections -fdata-sections -Wall -fstack-usage -MMD -MP -MF"Core/Src/stm32l4xx_it.d" -MT"Core/Src/stm32l4xx_it.o" --specs=nano.specs -mfpu=fpv4-sp-d16 -mfloat-abi=hard -mthumb -o "Core/Src/stm32l4xx_it.o"
arm-none-eabi-gcc "../Core/Src/syscalls.c" -mcpu=cortex-m4 -std=gnu11 -g3 -DDEBUG -DUSE_HAL_DRIVER -DSTM32L476xx -c -I../Core/Inc -I"C:/Users/pranj/Pranjal/Github/FreeRTOS_STM/working_projects/1_uart_without_segger/third_party/freertos" -I"C:/Users/pranj/Pranjal/Github/FreeRTOS_STM/working_projects/1_uart_without_segger/third_party/freertos/include" -I"C:/Users/pranj/Pranjal/Github/FreeRTOS_STM/working_projects/1_uart_without_segger/third_party/freertos/portable/GCC/ARM_CM4F" -I../Drivers/STM32L4xx_HAL_Driver/Inc -I../Drivers/STM32L4xx_HAL_Driver/Inc/Legacy -I../Drivers/CMSIS/Device/ST/STM32L4xx/Include -I../Drivers/CMSIS/Include -O0 -ffunction-sections -fdata-sections -Wall -fstack-usage -MMD -MP -MF"Core/Src/syscalls.d" -MT"Core/Src/syscalls.o" --specs=nano.specs -mfpu=fpv4-sp-d16 -mfloat-abi=hard -mthumb -o "Core/Src/syscalls.o"
arm-none-eabi-gcc "../Core/Src/system_stm32l4xx.c" -mcpu=cortex-m4 -std=gnu11 -g3 -DDEBUG -DUSE_HAL_DRIVER -DSTM32L476xx -c -I../Core/Inc -I"C:/Users/pranj/Pranjal/Github/FreeRTOS_STM/working_projects/1_uart_without_segger/third_party/freertos" -I"C:/Users/pranj/Pranjal/Github/FreeRTOS_STM/working_projects/1_uart_without_segger/third_party/freertos/include" -I"C:/Users/pranj/Pranjal/Github/FreeRTOS_STM/working_projects/1_uart_without_segger/third_party/freertos/portable/GCC/ARM_CM4F" -I../Drivers/STM32L4xx_HAL_Driver/Inc -I../Drivers/STM32L4xx_HAL_Driver/Inc/Legacy -I../Drivers/CMSIS/Device/ST/STM32L4xx/Include -I../Drivers/CMSIS/Include -O0 -ffunction-sections -fdata-sections -Wall -fstack-usage -MMD -MP -MF"Core/Src/system_stm32l4xx.d" -MT"Core/Src/system_stm32l4xx.o" --specs=nano.specs -mfpu=fpv4-sp-d16 -mfloat-abi=hard -mthumb -o "Core/Src/system_stm32l4xx.o"
arm-none-eabi-gcc -o "1_uart_without_segger.elf" @"objects.list"   -mcpu=cortex-m4 -T"C:\Users\pranj\Pranjal\Github\FreeRTOS_STM\working_projects\1_uart_without_segger\STM32L476RGTX_FLASH.ld" --specs=nosys.specs -Wl,-Map="1_uart_without_segger.map" -Wl,--gc-sections -static --specs=nano.specs -mfpu=fpv4-sp-d16 -mfloat-abi=hard -mthumb -Wl,--start-group -lc -lm -Wl,--end-group
Finished building target: 1_uart_without_segger.elf
 
arm-none-eabi-size   1_uart_without_segger.elf 
   text	   data	    bss	    dec	    hex	filename
  24332	     28	  79004	 103364	  193c4	1_uart_without_segger.elf
Finished building: default.size.stdout
 
arm-none-eabi-objdump -h -S  1_uart_without_segger.elf  > "1_uart_without_segger.list"
Finished building: 1_uart_without_segger.list
 
21:38:41 **** Clean-only build of configuration Debug for project 1_uart_without_segger ****
make clean 
rm -rf ./third_party/freertos/portable/MemMang/heap_4.d ./third_party/freertos/portable/MemMang/heap_4.o ./third_party/freertos/portable/MemMang/heap_4.su
rm -rf ./third_party/freertos/portable/GCC/ARM_CM4F/port.d ./third_party/freertos/portable/GCC/ARM_CM4F/port.o ./third_party/freertos/portable/GCC/ARM_CM4F/port.su
rm -rf ./third_party/freertos/croutine.d ./third_party/freertos/croutine.o ./third_party/freertos/croutine.su ./third_party/freertos/event_groups.d ./third_party/freertos/event_groups.o ./third_party/freertos/event_groups.su ./third_party/freertos/list.d ./third_party/freertos/list.o ./third_party/freertos/list.su ./third_party/freertos/queue.d ./third_party/freertos/queue.o ./third_party/freertos/queue.su ./third_party/freertos/stream_buffer.d ./third_party/freertos/stream_buffer.o ./third_party/freertos/stream_buffer.su ./third_party/freertos/tasks.d ./third_party/freertos/tasks.o ./third_party/freertos/tasks.su ./third_party/freertos/timers.d ./third_party/freertos/timers.o ./third_party/freertos/timers.su
rm -rf ./Drivers/STM32L4xx_HAL_Driver/Src/stm32l4xx_hal.d ./Drivers/STM32L4xx_HAL_Driver/Src/stm32l4xx_hal.o ./Drivers/STM32L4xx_HAL_Driver/Src/stm32l4xx_hal.su ./Drivers/STM32L4xx_HAL_Driver/Src/stm32l4xx_hal_cortex.d ./Drivers/STM32L4xx_HAL_Driver/Src/stm32l4xx_hal_cortex.o ./Drivers/STM32L4xx_HAL_Driver/Src/stm32l4xx_hal_cortex.su ./Drivers/STM32L4xx_HAL_Driver/Src/stm32l4xx_hal_dma.d ./Drivers/STM32L4xx_HAL_Driver/Src/stm32l4xx_hal_dma.o ./Drivers/STM32L4xx_HAL_Driver/Src/stm32l4xx_hal_dma.su ./Drivers/STM32L4xx_HAL_Driver/Src/stm32l4xx_hal_dma_ex.d ./Drivers/STM32L4xx_HAL_Driver/Src/stm32l4xx_hal_dma_ex.o ./Drivers/STM32L4xx_HAL_Driver/Src/stm32l4xx_hal_dma_ex.su ./Drivers/STM32L4xx_HAL_Driver/Src/stm32l4xx_hal_exti.d ./Drivers/STM32L4xx_HAL_Driver/Src/stm32l4xx_hal_exti.o ./Drivers/STM32L4xx_HAL_Driver/Src/stm32l4xx_hal_exti.su ./Drivers/STM32L4xx_HAL_Driver/Src/stm32l4xx_hal_flash.d ./Drivers/STM32L4xx_HAL_Driver/Src/stm32l4xx_hal_flash.o ./Drivers/STM32L4xx_HAL_Driver/Src/stm32l4xx_hal_flash.su ./Drivers/STM32L4xx_HAL_Driver/Src/stm32l4xx_hal_flash_ex.d ./Drivers/STM32L4xx_HAL_Driver/Src/stm32l4xx_hal_flash_ex.o ./Drivers/STM32L4xx_HAL_Driver/Src/stm32l4xx_hal_flash_ex.su ./Drivers/STM32L4xx_HAL_Driver/Src/stm32l4xx_hal_flash_ramfunc.d ./Drivers/STM32L4xx_HAL_Driver/Src/stm32l4xx_hal_flash_ramfunc.o ./Drivers/STM32L4xx_HAL_Driver/Src/stm32l4xx_hal_flash_ramfunc.su ./Drivers/STM32L4xx_HAL_Driver/Src/stm32l4xx_hal_gpio.d ./Drivers/STM32L4xx_HAL_Driver/Src/stm32l4xx_hal_gpio.o ./Drivers/STM32L4xx_HAL_Driver/Src/stm32l4xx_hal_gpio.su ./Drivers/STM32L4xx_HAL_Driver/Src/stm32l4xx_hal_i2c.d ./Drivers/STM32L4xx_HAL_Driver/Src/stm32l4xx_hal_i2c.o ./Drivers/STM32L4xx_HAL_Driver/Src/stm32l4xx_hal_i2c.su ./Drivers/STM32L4xx_HAL_Driver/Src/stm32l4xx_hal_i2c_ex.d ./Drivers/STM32L4xx_HAL_Driver/Src/stm32l4xx_hal_i2c_ex.o ./Drivers/STM32L4xx_HAL_Driver/Src/stm32l4xx_hal_i2c_ex.su ./Drivers/STM32L4xx_HAL_Driver/Src/stm32l4xx_hal_pwr.d ./Drivers/STM32L4xx_HAL_Driver/Src/stm32l4xx_hal_pwr.o ./Drivers/STM32L4xx_HAL_Driver/Src/stm32l4xx_hal_pwr.su ./Drivers/STM32L4xx_HAL_Driver/Src/stm32l4xx_hal_pwr_ex.d ./Drivers/STM32L4xx_HAL_Driver/Src/stm32l4xx_hal_pwr_ex.o ./Drivers/STM32L4xx_HAL_Driver/Src/stm32l4xx_hal_pwr_ex.su ./Drivers/STM32L4xx_HAL_Driver/Src/stm32l4xx_hal_rcc.d ./Drivers/STM32L4xx_HAL_Driver/Src/stm32l4xx_hal_rcc.o ./Drivers/STM32L4xx_HAL_Driver/Src/stm32l4xx_hal_rcc.su ./Drivers/STM32L4xx_HAL_Driver/Src/stm32l4xx_hal_rcc_ex.d ./Drivers/STM32L4xx_HAL_Driver/Src/stm32l4xx_hal_rcc_ex.o ./Drivers/STM32L4xx_HAL_Driver/Src/stm32l4xx_hal_rcc_ex.su ./Drivers/STM32L4xx_HAL_Driver/Src/stm32l4xx_hal_tim.d ./Drivers/STM32L4xx_HAL_Driver/Src/stm32l4xx_hal_tim.o ./Drivers/STM32L4xx_HAL_Driver/Src/stm32l4xx_hal_tim.su ./Drivers/STM32L4xx_HAL_Driver/Src/stm32l4xx_hal_tim_ex.d ./Drivers/STM32L4xx_HAL_Driver/Src/stm32l4xx_hal_tim_ex.o ./Drivers/STM32L4xx_HAL_Driver/Src/stm32l4xx_hal_tim_ex.su ./Drivers/STM32L4xx_HAL_Driver/Src/stm32l4xx_hal_uart.d ./Drivers/STM32L4xx_HAL_Driver/Src/stm32l4xx_hal_uart.o ./Drivers/STM32L4xx_HAL_Driver/Src/stm32l4xx_hal_uart.su ./Drivers/STM32L4xx_HAL_Driver/Src/stm32l4xx_hal_uart_ex.d ./Drivers/STM32L4xx_HAL_Driver/Src/stm32l4xx_hal_uart_ex.o ./Drivers/STM32L4xx_HAL_Driver/Src/stm32l4xx_hal_uart_ex.su
rm -rf ./Core/Startup/startup_stm32l476rgtx.d ./Core/Startup/startup_stm32l476rgtx.o
rm -rf ./Core/Src/main.d ./Core/Src/main.o ./Core/Src/main.su ./Core/Src/stm32l4xx_hal_msp.d ./Core/Src/stm32l4xx_hal_msp.o ./Core/Src/stm32l4xx_hal_msp.su ./Core/Src/stm32l4xx_hal_timebase_tim.d ./Core/Src/stm32l4xx_hal_timebase_tim.o ./Core/Src/stm32l4xx_hal_timebase_tim.su ./Core/Src/stm32l4xx_it.d ./Core/Src/stm32l4xx_it.o ./Core/Src/stm32l4xx_it.su ./Core/Src/syscalls.d ./Core/Src/syscalls.o ./Core/Src/syscalls.su ./Core/Src/system_stm32l4xx.d ./Core/Src/system_stm32l4xx.o ./Core/Src/system_stm32l4xx.su
rm -rf 1_uart_without_segger.elf 1_uart_without_segger.list 1_uart_without_segger.map default.size.stdout
 
21:38:42 **** Incremental Build of configuration Debug for project 1_uart_without_segger ****
make all 
arm-none-eabi-gcc "../third_party/freertos/portable/MemMang/heap_4.c" -mcpu=cortex-m4 -std=gnu11 -g3 -DDEBUG -DUSE_HAL_DRIVER -DSTM32L476xx -c -I../Core/Inc -I"C:/Users/pranj/Pranjal/Github/FreeRTOS_STM/working_projects/1_uart_without_segger/third_party/freertos" -I"C:/Users/pranj/Pranjal/Github/FreeRTOS_STM/working_projects/1_uart_without_segger/third_party/freertos/include" -I"C:/Users/pranj/Pranjal/Github/FreeRTOS_STM/working_projects/1_uart_without_segger/third_party/freertos/portable/GCC/ARM_CM4F" -I../Drivers/STM32L4xx_HAL_Driver/Inc -I../Drivers/STM32L4xx_HAL_Driver/Inc/Legacy -I../Drivers/CMSIS/Device/ST/STM32L4xx/Include -I../Drivers/CMSIS/Include -O0 -ffunction-sections -fdata-sections -Wall -fstack-usage -MMD -MP -MF"third_party/freertos/portable/MemMang/heap_4.d" -MT"third_party/freertos/portable/MemMang/heap_4.o" --specs=nano.specs -mfpu=fpv4-sp-d16 -mfloat-abi=hard -mthumb -o "third_party/freertos/portable/MemMang/heap_4.o"
arm-none-eabi-gcc "../third_party/freertos/portable/GCC/ARM_CM4F/port.c" -mcpu=cortex-m4 -std=gnu11 -g3 -DDEBUG -DUSE_HAL_DRIVER -DSTM32L476xx -c -I../Core/Inc -I"C:/Users/pranj/Pranjal/Github/FreeRTOS_STM/working_projects/1_uart_without_segger/third_party/freertos" -I"C:/Users/pranj/Pranjal/Github/FreeRTOS_STM/working_projects/1_uart_without_segger/third_party/freertos/include" -I"C:/Users/pranj/Pranjal/Github/FreeRTOS_STM/working_projects/1_uart_without_segger/third_party/freertos/portable/GCC/ARM_CM4F" -I../Drivers/STM32L4xx_HAL_Driver/Inc -I../Drivers/STM32L4xx_HAL_Driver/Inc/Legacy -I../Drivers/CMSIS/Device/ST/STM32L4xx/Include -I../Drivers/CMSIS/Include -O0 -ffunction-sections -fdata-sections -Wall -fstack-usage -MMD -MP -MF"third_party/freertos/portable/GCC/ARM_CM4F/port.d" -MT"third_party/freertos/portable/GCC/ARM_CM4F/port.o" --specs=nano.specs -mfpu=fpv4-sp-d16 -mfloat-abi=hard -mthumb -o "third_party/freertos/portable/GCC/ARM_CM4F/port.o"
arm-none-eabi-gcc "../third_party/freertos/croutine.c" -mcpu=cortex-m4 -std=gnu11 -g3 -DDEBUG -DUSE_HAL_DRIVER -DSTM32L476xx -c -I../Core/Inc -I"C:/Users/pranj/Pranjal/Github/FreeRTOS_STM/working_projects/1_uart_without_segger/third_party/freertos" -I"C:/Users/pranj/Pranjal/Github/FreeRTOS_STM/working_projects/1_uart_without_segger/third_party/freertos/include" -I"C:/Users/pranj/Pranjal/Github/FreeRTOS_STM/working_projects/1_uart_without_segger/third_party/freertos/portable/GCC/ARM_CM4F" -I../Drivers/STM32L4xx_HAL_Driver/Inc -I../Drivers/STM32L4xx_HAL_Driver/Inc/Legacy -I../Drivers/CMSIS/Device/ST/STM32L4xx/Include -I../Drivers/CMSIS/Include -O0 -ffunction-sections -fdata-sections -Wall -fstack-usage -MMD -MP -MF"third_party/freertos/croutine.d" -MT"third_party/freertos/croutine.o" --specs=nano.specs -mfpu=fpv4-sp-d16 -mfloat-abi=hard -mthumb -o "third_party/freertos/croutine.o"
arm-none-eabi-gcc "../third_party/freertos/event_groups.c" -mcpu=cortex-m4 -std=gnu11 -g3 -DDEBUG -DUSE_HAL_DRIVER -DSTM32L476xx -c -I../Core/Inc -I"C:/Users/pranj/Pranjal/Github/FreeRTOS_STM/working_projects/1_uart_without_segger/third_party/freertos" -I"C:/Users/pranj/Pranjal/Github/FreeRTOS_STM/working_projects/1_uart_without_segger/third_party/freertos/include" -I"C:/Users/pranj/Pranjal/Github/FreeRTOS_STM/working_projects/1_uart_without_segger/third_party/freertos/portable/GCC/ARM_CM4F" -I../Drivers/STM32L4xx_HAL_Driver/Inc -I../Drivers/STM32L4xx_HAL_Driver/Inc/Legacy -I../Drivers/CMSIS/Device/ST/STM32L4xx/Include -I../Drivers/CMSIS/Include -O0 -ffunction-sections -fdata-sections -Wall -fstack-usage -MMD -MP -MF"third_party/freertos/event_groups.d" -MT"third_party/freertos/event_groups.o" --specs=nano.specs -mfpu=fpv4-sp-d16 -mfloat-abi=hard -mthumb -o "third_party/freertos/event_groups.o"
arm-none-eabi-gcc "../third_party/freertos/list.c" -mcpu=cortex-m4 -std=gnu11 -g3 -DDEBUG -DUSE_HAL_DRIVER -DSTM32L476xx -c -I../Core/Inc -I"C:/Users/pranj/Pranjal/Github/FreeRTOS_STM/working_projects/1_uart_without_segger/third_party/freertos" -I"C:/Users/pranj/Pranjal/Github/FreeRTOS_STM/working_projects/1_uart_without_segger/third_party/freertos/include" -I"C:/Users/pranj/Pranjal/Github/FreeRTOS_STM/working_projects/1_uart_without_segger/third_party/freertos/portable/GCC/ARM_CM4F" -I../Drivers/STM32L4xx_HAL_Driver/Inc -I../Drivers/STM32L4xx_HAL_Driver/Inc/Legacy -I../Drivers/CMSIS/Device/ST/STM32L4xx/Include -I../Drivers/CMSIS/Include -O0 -ffunction-sections -fdata-sections -Wall -fstack-usage -MMD -MP -MF"third_party/freertos/list.d" -MT"third_party/freertos/list.o" --specs=nano.specs -mfpu=fpv4-sp-d16 -mfloat-abi=hard -mthumb -o "third_party/freertos/list.o"
arm-none-eabi-gcc "../third_party/freertos/queue.c" -mcpu=cortex-m4 -std=gnu11 -g3 -DDEBUG -DUSE_HAL_DRIVER -DSTM32L476xx -c -I../Core/Inc -I"C:/Users/pranj/Pranjal/Github/FreeRTOS_STM/working_projects/1_uart_without_segger/third_party/freertos" -I"C:/Users/pranj/Pranjal/Github/FreeRTOS_STM/working_projects/1_uart_without_segger/third_party/freertos/include" -I"C:/Users/pranj/Pranjal/Github/FreeRTOS_STM/working_projects/1_uart_without_segger/third_party/freertos/portable/GCC/ARM_CM4F" -I../Drivers/STM32L4xx_HAL_Driver/Inc -I../Drivers/STM32L4xx_HAL_Driver/Inc/Legacy -I../Drivers/CMSIS/Device/ST/STM32L4xx/Include -I../Drivers/CMSIS/Include -O0 -ffunction-sections -fdata-sections -Wall -fstack-usage -MMD -MP -MF"third_party/freertos/queue.d" -MT"third_party/freertos/queue.o" --specs=nano.specs -mfpu=fpv4-sp-d16 -mfloat-abi=hard -mthumb -o "third_party/freertos/queue.o"
arm-none-eabi-gcc "../third_party/freertos/stream_buffer.c" -mcpu=cortex-m4 -std=gnu11 -g3 -DDEBUG -DUSE_HAL_DRIVER -DSTM32L476xx -c -I../Core/Inc -I"C:/Users/pranj/Pranjal/Github/FreeRTOS_STM/working_projects/1_uart_without_segger/third_party/freertos" -I"C:/Users/pranj/Pranjal/Github/FreeRTOS_STM/working_projects/1_uart_without_segger/third_party/freertos/include" -I"C:/Users/pranj/Pranjal/Github/FreeRTOS_STM/working_projects/1_uart_without_segger/third_party/freertos/portable/GCC/ARM_CM4F" -I../Drivers/STM32L4xx_HAL_Driver/Inc -I../Drivers/STM32L4xx_HAL_Driver/Inc/Legacy -I../Drivers/CMSIS/Device/ST/STM32L4xx/Include -I../Drivers/CMSIS/Include -O0 -ffunction-sections -fdata-sections -Wall -fstack-usage -MMD -MP -MF"third_party/freertos/stream_buffer.d" -MT"third_party/freertos/stream_buffer.o" --specs=nano.specs -mfpu=fpv4-sp-d16 -mfloat-abi=hard -mthumb -o "third_party/freertos/stream_buffer.o"
arm-none-eabi-gcc "../third_party/freertos/tasks.c" -mcpu=cortex-m4 -std=gnu11 -g3 -DDEBUG -DUSE_HAL_DRIVER -DSTM32L476xx -c -I../Core/Inc -I"C:/Users/pranj/Pranjal/Github/FreeRTOS_STM/working_projects/1_uart_without_segger/third_party/freertos" -I"C:/Users/pranj/Pranjal/Github/FreeRTOS_STM/working_projects/1_uart_without_segger/third_party/freertos/include" -I"C:/Users/pranj/Pranjal/Github/FreeRTOS_STM/working_projects/1_uart_without_segger/third_party/freertos/portable/GCC/ARM_CM4F" -I../Drivers/STM32L4xx_HAL_Driver/Inc -I../Drivers/STM32L4xx_HAL_Driver/Inc/Legacy -I../Drivers/CMSIS/Device/ST/STM32L4xx/Include -I../Drivers/CMSIS/Include -O0 -ffunction-sections -fdata-sections -Wall -fstack-usage -MMD -MP -MF"third_party/freertos/tasks.d" -MT"third_party/freertos/tasks.o" --specs=nano.specs -mfpu=fpv4-sp-d16 -mfloat-abi=hard -mthumb -o "third_party/freertos/tasks.o"
arm-none-eabi-gcc "../third_party/freertos/timers.c" -mcpu=cortex-m4 -std=gnu11 -g3 -DDEBUG -DUSE_HAL_DRIVER -DSTM32L476xx -c -I../Core/Inc -I"C:/Users/pranj/Pranjal/Github/FreeRTOS_STM/working_projects/1_uart_without_segger/third_party/freertos" -I"C:/Users/pranj/Pranjal/Github/FreeRTOS_STM/working_projects/1_uart_without_segger/third_party/freertos/include" -I"C:/Users/pranj/Pranjal/Github/FreeRTOS_STM/working_projects/1_uart_without_segger/third_party/freertos/portable/GCC/ARM_CM4F" -I../Drivers/STM32L4xx_HAL_Driver/Inc -I../Drivers/STM32L4xx_HAL_Driver/Inc/Legacy -I../Drivers/CMSIS/Device/ST/STM32L4xx/Include -I../Drivers/CMSIS/Include -O0 -ffunction-sections -fdata-sections -Wall -fstack-usage -MMD -MP -MF"third_party/freertos/timers.d" -MT"third_party/freertos/timers.o" --specs=nano.specs -mfpu=fpv4-sp-d16 -mfloat-abi=hard -mthumb -o "third_party/freertos/timers.o"
arm-none-eabi-gcc "../Drivers/STM32L4xx_HAL_Driver/Src/stm32l4xx_hal.c" -mcpu=cortex-m4 -std=gnu11 -g3 -DDEBUG -DUSE_HAL_DRIVER -DSTM32L476xx -c -I../Core/Inc -I"C:/Users/pranj/Pranjal/Github/FreeRTOS_STM/working_projects/1_uart_without_segger/third_party/freertos" -I"C:/Users/pranj/Pranjal/Github/FreeRTOS_STM/working_projects/1_uart_without_segger/third_party/freertos/include" -I"C:/Users/pranj/Pranjal/Github/FreeRTOS_STM/working_projects/1_uart_without_segger/third_party/freertos/portable/GCC/ARM_CM4F" -I../Drivers/STM32L4xx_HAL_Driver/Inc -I../Drivers/STM32L4xx_HAL_Driver/Inc/Legacy -I../Drivers/CMSIS/Device/ST/STM32L4xx/Include -I../Drivers/CMSIS/Include -O0 -ffunction-sections -fdata-sections -Wall -fstack-usage -MMD -MP -MF"Drivers/STM32L4xx_HAL_Driver/Src/stm32l4xx_hal.d" -MT"Drivers/STM32L4xx_HAL_Driver/Src/stm32l4xx_hal.o" --specs=nano.specs -mfpu=fpv4-sp-d16 -mfloat-abi=hard -mthumb -o "Drivers/STM32L4xx_HAL_Driver/Src/stm32l4xx_hal.o"
arm-none-eabi-gcc "../Drivers/STM32L4xx_HAL_Driver/Src/stm32l4xx_hal_cortex.c" -mcpu=cortex-m4 -std=gnu11 -g3 -DDEBUG -DUSE_HAL_DRIVER -DSTM32L476xx -c -I../Core/Inc -I"C:/Users/pranj/Pranjal/Github/FreeRTOS_STM/working_projects/1_uart_without_segger/third_party/freertos" -I"C:/Users/pranj/Pranjal/Github/FreeRTOS_STM/working_projects/1_uart_without_segger/third_party/freertos/include" -I"C:/Users/pranj/Pranjal/Github/FreeRTOS_STM/working_projects/1_uart_without_segger/third_party/freertos/portable/GCC/ARM_CM4F" -I../Drivers/STM32L4xx_HAL_Driver/Inc -I../Drivers/STM32L4xx_HAL_Driver/Inc/Legacy -I../Drivers/CMSIS/Device/ST/STM32L4xx/Include -I../Drivers/CMSIS/Include -O0 -ffunction-sections -fdata-sections -Wall -fstack-usage -MMD -MP -MF"Drivers/STM32L4xx_HAL_Driver/Src/stm32l4xx_hal_cortex.d" -MT"Drivers/STM32L4xx_HAL_Driver/Src/stm32l4xx_hal_cortex.o" --specs=nano.specs -mfpu=fpv4-sp-d16 -mfloat-abi=hard -mthumb -o "Drivers/STM32L4xx_HAL_Driver/Src/stm32l4xx_hal_cortex.o"
arm-none-eabi-gcc "../Drivers/STM32L4xx_HAL_Driver/Src/stm32l4xx_hal_dma.c" -mcpu=cortex-m4 -std=gnu11 -g3 -DDEBUG -DUSE_HAL_DRIVER -DSTM32L476xx -c -I../Core/Inc -I"C:/Users/pranj/Pranjal/Github/FreeRTOS_STM/working_projects/1_uart_without_segger/third_party/freertos" -I"C:/Users/pranj/Pranjal/Github/FreeRTOS_STM/working_projects/1_uart_without_segger/third_party/freertos/include" -I"C:/Users/pranj/Pranjal/Github/FreeRTOS_STM/working_projects/1_uart_without_segger/third_party/freertos/portable/GCC/ARM_CM4F" -I../Drivers/STM32L4xx_HAL_Driver/Inc -I../Drivers/STM32L4xx_HAL_Driver/Inc/Legacy -I../Drivers/CMSIS/Device/ST/STM32L4xx/Include -I../Drivers/CMSIS/Include -O0 -ffunction-sections -fdata-sections -Wall -fstack-usage -MMD -MP -MF"Drivers/STM32L4xx_HAL_Driver/Src/stm32l4xx_hal_dma.d" -MT"Drivers/STM32L4xx_HAL_Driver/Src/stm32l4xx_hal_dma.o" --specs=nano.specs -mfpu=fpv4-sp-d16 -mfloat-abi=hard -mthumb -o "Drivers/STM32L4xx_HAL_Driver/Src/stm32l4xx_hal_dma.o"
arm-none-eabi-gcc "../Drivers/STM32L4xx_HAL_Driver/Src/stm32l4xx_hal_dma_ex.c" -mcpu=cortex-m4 -std=gnu11 -g3 -DDEBUG -DUSE_HAL_DRIVER -DSTM32L476xx -c -I../Core/Inc -I"C:/Users/pranj/Pranjal/Github/FreeRTOS_STM/working_projects/1_uart_without_segger/third_party/freertos" -I"C:/Users/pranj/Pranjal/Github/FreeRTOS_STM/working_projects/1_uart_without_segger/third_party/freertos/include" -I"C:/Users/pranj/Pranjal/Github/FreeRTOS_STM/working_projects/1_uart_without_segger/third_party/freertos/portable/GCC/ARM_CM4F" -I../Drivers/STM32L4xx_HAL_Driver/Inc -I../Drivers/STM32L4xx_HAL_Driver/Inc/Legacy -I../Drivers/CMSIS/Device/ST/STM32L4xx/Include -I../Drivers/CMSIS/Include -O0 -ffunction-sections -fdata-sections -Wall -fstack-usage -MMD -MP -MF"Drivers/STM32L4xx_HAL_Driver/Src/stm32l4xx_hal_dma_ex.d" -MT"Drivers/STM32L4xx_HAL_Driver/Src/stm32l4xx_hal_dma_ex.o" --specs=nano.specs -mfpu=fpv4-sp-d16 -mfloat-abi=hard -mthumb -o "Drivers/STM32L4xx_HAL_Driver/Src/stm32l4xx_hal_dma_ex.o"
arm-none-eabi-gcc "../Drivers/STM32L4xx_HAL_Driver/Src/stm32l4xx_hal_exti.c" -mcpu=cortex-m4 -std=gnu11 -g3 -DDEBUG -DUSE_HAL_DRIVER -DSTM32L476xx -c -I../Core/Inc -I"C:/Users/pranj/Pranjal/Github/FreeRTOS_STM/working_projects/1_uart_without_segger/third_party/freertos" -I"C:/Users/pranj/Pranjal/Github/FreeRTOS_STM/working_projects/1_uart_without_segger/third_party/freertos/include" -I"C:/Users/pranj/Pranjal/Github/FreeRTOS_STM/working_projects/1_uart_without_segger/third_party/freertos/portable/GCC/ARM_CM4F" -I../Drivers/STM32L4xx_HAL_Driver/Inc -I../Drivers/STM32L4xx_HAL_Driver/Inc/Legacy -I../Drivers/CMSIS/Device/ST/STM32L4xx/Include -I../Drivers/CMSIS/Include -O0 -ffunction-sections -fdata-sections -Wall -fstack-usage -MMD -MP -MF"Drivers/STM32L4xx_HAL_Driver/Src/stm32l4xx_hal_exti.d" -MT"Drivers/STM32L4xx_HAL_Driver/Src/stm32l4xx_hal_exti.o" --specs=nano.specs -mfpu=fpv4-sp-d16 -mfloat-abi=hard -mthumb -o "Drivers/STM32L4xx_HAL_Driver/Src/stm32l4xx_hal_exti.o"
arm-none-eabi-gcc "../Drivers/STM32L4xx_HAL_Driver/Src/stm32l4xx_hal_flash.c" -mcpu=cortex-m4 -std=gnu11 -g3 -DDEBUG -DUSE_HAL_DRIVER -DSTM32L476xx -c -I../Core/Inc -I"C:/Users/pranj/Pranjal/Github/FreeRTOS_STM/working_projects/1_uart_without_segger/third_party/freertos" -I"C:/Users/pranj/Pranjal/Github/FreeRTOS_STM/working_projects/1_uart_without_segger/third_party/freertos/include" -I"C:/Users/pranj/Pranjal/Github/FreeRTOS_STM/working_projects/1_uart_without_segger/third_party/freertos/portable/GCC/ARM_CM4F" -I../Drivers/STM32L4xx_HAL_Driver/Inc -I../Drivers/STM32L4xx_HAL_Driver/Inc/Legacy -I../Drivers/CMSIS/Device/ST/STM32L4xx/Include -I../Drivers/CMSIS/Include -O0 -ffunction-sections -fdata-sections -Wall -fstack-usage -MMD -MP -MF"Drivers/STM32L4xx_HAL_Driver/Src/stm32l4xx_hal_flash.d" -MT"Drivers/STM32L4xx_HAL_Driver/Src/stm32l4xx_hal_flash.o" --specs=nano.specs -mfpu=fpv4-sp-d16 -mfloat-abi=hard -mthumb -o "Drivers/STM32L4xx_HAL_Driver/Src/stm32l4xx_hal_flash.o"
arm-none-eabi-gcc "../Drivers/STM32L4xx_HAL_Driver/Src/stm32l4xx_hal_flash_ex.c" -mcpu=cortex-m4 -std=gnu11 -g3 -DDEBUG -DUSE_HAL_DRIVER -DSTM32L476xx -c -I../Core/Inc -I"C:/Users/pranj/Pranjal/Github/FreeRTOS_STM/working_projects/1_uart_without_segger/third_party/freertos" -I"C:/Users/pranj/Pranjal/Github/FreeRTOS_STM/working_projects/1_uart_without_segger/third_party/freertos/include" -I"C:/Users/pranj/Pranjal/Github/FreeRTOS_STM/working_projects/1_uart_without_segger/third_party/freertos/portable/GCC/ARM_CM4F" -I../Drivers/STM32L4xx_HAL_Driver/Inc -I../Drivers/STM32L4xx_HAL_Driver/Inc/Legacy -I../Drivers/CMSIS/Device/ST/STM32L4xx/Include -I../Drivers/CMSIS/Include -O0 -ffunction-sections -fdata-sections -Wall -fstack-usage -MMD -MP -MF"Drivers/STM32L4xx_HAL_Driver/Src/stm32l4xx_hal_flash_ex.d" -MT"Drivers/STM32L4xx_HAL_Driver/Src/stm32l4xx_hal_flash_ex.o" --specs=nano.specs -mfpu=fpv4-sp-d16 -mfloat-abi=hard -mthumb -o "Drivers/STM32L4xx_HAL_Driver/Src/stm32l4xx_hal_flash_ex.o"
arm-none-eabi-gcc "../Drivers/STM32L4xx_HAL_Driver/Src/stm32l4xx_hal_flash_ramfunc.c" -mcpu=cortex-m4 -std=gnu11 -g3 -DDEBUG -DUSE_HAL_DRIVER -DSTM32L476xx -c -I../Core/Inc -I"C:/Users/pranj/Pranjal/Github/FreeRTOS_STM/working_projects/1_uart_without_segger/third_party/freertos" -I"C:/Users/pranj/Pranjal/Github/FreeRTOS_STM/working_projects/1_uart_without_segger/third_party/freertos/include" -I"C:/Users/pranj/Pranjal/Github/FreeRTOS_STM/working_projects/1_uart_without_segger/third_party/freertos/portable/GCC/ARM_CM4F" -I../Drivers/STM32L4xx_HAL_Driver/Inc -I../Drivers/STM32L4xx_HAL_Driver/Inc/Legacy -I../Drivers/CMSIS/Device/ST/STM32L4xx/Include -I../Drivers/CMSIS/Include -O0 -ffunction-sections -fdata-sections -Wall -fstack-usage -MMD -MP -MF"Drivers/STM32L4xx_HAL_Driver/Src/stm32l4xx_hal_flash_ramfunc.d" -MT"Drivers/STM32L4xx_HAL_Driver/Src/stm32l4xx_hal_flash_ramfunc.o" --specs=nano.specs -mfpu=fpv4-sp-d16 -mfloat-abi=hard -mthumb -o "Drivers/STM32L4xx_HAL_Driver/Src/stm32l4xx_hal_flash_ramfunc.o"
arm-none-eabi-gcc "../Drivers/STM32L4xx_HAL_Driver/Src/stm32l4xx_hal_gpio.c" -mcpu=cortex-m4 -std=gnu11 -g3 -DDEBUG -DUSE_HAL_DRIVER -DSTM32L476xx -c -I../Core/Inc -I"C:/Users/pranj/Pranjal/Github/FreeRTOS_STM/working_projects/1_uart_without_segger/third_party/freertos" -I"C:/Users/pranj/Pranjal/Github/FreeRTOS_STM/working_projects/1_uart_without_segger/third_party/freertos/include" -I"C:/Users/pranj/Pranjal/Github/FreeRTOS_STM/working_projects/1_uart_without_segger/third_party/freertos/portable/GCC/ARM_CM4F" -I../Drivers/STM32L4xx_HAL_Driver/Inc -I../Drivers/STM32L4xx_HAL_Driver/Inc/Legacy -I../Drivers/CMSIS/Device/ST/STM32L4xx/Include -I../Drivers/CMSIS/Include -O0 -ffunction-sections -fdata-sections -Wall -fstack-usage -MMD -MP -MF"Drivers/STM32L4xx_HAL_Driver/Src/stm32l4xx_hal_gpio.d" -MT"Drivers/STM32L4xx_HAL_Driver/Src/stm32l4xx_hal_gpio.o" --specs=nano.specs -mfpu=fpv4-sp-d16 -mfloat-abi=hard -mthumb -o "Drivers/STM32L4xx_HAL_Driver/Src/stm32l4xx_hal_gpio.o"
arm-none-eabi-gcc "../Drivers/STM32L4xx_HAL_Driver/Src/stm32l4xx_hal_i2c.c" -mcpu=cortex-m4 -std=gnu11 -g3 -DDEBUG -DUSE_HAL_DRIVER -DSTM32L476xx -c -I../Core/Inc -I"C:/Users/pranj/Pranjal/Github/FreeRTOS_STM/working_projects/1_uart_without_segger/third_party/freertos" -I"C:/Users/pranj/Pranjal/Github/FreeRTOS_STM/working_projects/1_uart_without_segger/third_party/freertos/include" -I"C:/Users/pranj/Pranjal/Github/FreeRTOS_STM/working_projects/1_uart_without_segger/third_party/freertos/portable/GCC/ARM_CM4F" -I../Drivers/STM32L4xx_HAL_Driver/Inc -I../Drivers/STM32L4xx_HAL_Driver/Inc/Legacy -I../Drivers/CMSIS/Device/ST/STM32L4xx/Include -I../Drivers/CMSIS/Include -O0 -ffunction-sections -fdata-sections -Wall -fstack-usage -MMD -MP -MF"Drivers/STM32L4xx_HAL_Driver/Src/stm32l4xx_hal_i2c.d" -MT"Drivers/STM32L4xx_HAL_Driver/Src/stm32l4xx_hal_i2c.o" --specs=nano.specs -mfpu=fpv4-sp-d16 -mfloat-abi=hard -mthumb -o "Drivers/STM32L4xx_HAL_Driver/Src/stm32l4xx_hal_i2c.o"
arm-none-eabi-gcc "../Drivers/STM32L4xx_HAL_Driver/Src/stm32l4xx_hal_i2c_ex.c" -mcpu=cortex-m4 -std=gnu11 -g3 -DDEBUG -DUSE_HAL_DRIVER -DSTM32L476xx -c -I../Core/Inc -I"C:/Users/pranj/Pranjal/Github/FreeRTOS_STM/working_projects/1_uart_without_segger/third_party/freertos" -I"C:/Users/pranj/Pranjal/Github/FreeRTOS_STM/working_projects/1_uart_without_segger/third_party/freertos/include" -I"C:/Users/pranj/Pranjal/Github/FreeRTOS_STM/working_projects/1_uart_without_segger/third_party/freertos/portable/GCC/ARM_CM4F" -I../Drivers/STM32L4xx_HAL_Driver/Inc -I../Drivers/STM32L4xx_HAL_Driver/Inc/Legacy -I../Drivers/CMSIS/Device/ST/STM32L4xx/Include -I../Drivers/CMSIS/Include -O0 -ffunction-sections -fdata-sections -Wall -fstack-usage -MMD -MP -MF"Drivers/STM32L4xx_HAL_Driver/Src/stm32l4xx_hal_i2c_ex.d" -MT"Drivers/STM32L4xx_HAL_Driver/Src/stm32l4xx_hal_i2c_ex.o" --specs=nano.specs -mfpu=fpv4-sp-d16 -mfloat-abi=hard -mthumb -o "Drivers/STM32L4xx_HAL_Driver/Src/stm32l4xx_hal_i2c_ex.o"
arm-none-eabi-gcc "../Drivers/STM32L4xx_HAL_Driver/Src/stm32l4xx_hal_pwr.c" -mcpu=cortex-m4 -std=gnu11 -g3 -DDEBUG -DUSE_HAL_DRIVER -DSTM32L476xx -c -I../Core/Inc -I"C:/Users/pranj/Pranjal/Github/FreeRTOS_STM/working_projects/1_uart_without_segger/third_party/freertos" -I"C:/Users/pranj/Pranjal/Github/FreeRTOS_STM/working_projects/1_uart_without_segger/third_party/freertos/include" -I"C:/Users/pranj/Pranjal/Github/FreeRTOS_STM/working_projects/1_uart_without_segger/third_party/freertos/portable/GCC/ARM_CM4F" -I../Drivers/STM32L4xx_HAL_Driver/Inc -I../Drivers/STM32L4xx_HAL_Driver/Inc/Legacy -I../Drivers/CMSIS/Device/ST/STM32L4xx/Include -I../Drivers/CMSIS/Include -O0 -ffunction-sections -fdata-sections -Wall -fstack-usage -MMD -MP -MF"Drivers/STM32L4xx_HAL_Driver/Src/stm32l4xx_hal_pwr.d" -MT"Drivers/STM32L4xx_HAL_Driver/Src/stm32l4xx_hal_pwr.o" --specs=nano.specs -mfpu=fpv4-sp-d16 -mfloat-abi=hard -mthumb -o "Drivers/STM32L4xx_HAL_Driver/Src/stm32l4xx_hal_pwr.o"
arm-none-eabi-gcc "../Drivers/STM32L4xx_HAL_Driver/Src/stm32l4xx_hal_pwr_ex.c" -mcpu=cortex-m4 -std=gnu11 -g3 -DDEBUG -DUSE_HAL_DRIVER -DSTM32L476xx -c -I../Core/Inc -I"C:/Users/pranj/Pranjal/Github/FreeRTOS_STM/working_projects/1_uart_without_segger/third_party/freertos" -I"C:/Users/pranj/Pranjal/Github/FreeRTOS_STM/working_projects/1_uart_without_segger/third_party/freertos/include" -I"C:/Users/pranj/Pranjal/Github/FreeRTOS_STM/working_projects/1_uart_without_segger/third_party/freertos/portable/GCC/ARM_CM4F" -I../Drivers/STM32L4xx_HAL_Driver/Inc -I../Drivers/STM32L4xx_HAL_Driver/Inc/Legacy -I../Drivers/CMSIS/Device/ST/STM32L4xx/Include -I../Drivers/CMSIS/Include -O0 -ffunction-sections -fdata-sections -Wall -fstack-usage -MMD -MP -MF"Drivers/STM32L4xx_HAL_Driver/Src/stm32l4xx_hal_pwr_ex.d" -MT"Drivers/STM32L4xx_HAL_Driver/Src/stm32l4xx_hal_pwr_ex.o" --specs=nano.specs -mfpu=fpv4-sp-d16 -mfloat-abi=hard -mthumb -o "Drivers/STM32L4xx_HAL_Driver/Src/stm32l4xx_hal_pwr_ex.o"
arm-none-eabi-gcc "../Drivers/STM32L4xx_HAL_Driver/Src/stm32l4xx_hal_rcc.c" -mcpu=cortex-m4 -std=gnu11 -g3 -DDEBUG -DUSE_HAL_DRIVER -DSTM32L476xx -c -I../Core/Inc -I"C:/Users/pranj/Pranjal/Github/FreeRTOS_STM/working_projects/1_uart_without_segger/third_party/freertos" -I"C:/Users/pranj/Pranjal/Github/FreeRTOS_STM/working_projects/1_uart_without_segger/third_party/freertos/include" -I"C:/Users/pranj/Pranjal/Github/FreeRTOS_STM/working_projects/1_uart_without_segger/third_party/freertos/portable/GCC/ARM_CM4F" -I../Drivers/STM32L4xx_HAL_Driver/Inc -I../Drivers/STM32L4xx_HAL_Driver/Inc/Legacy -I../Drivers/CMSIS/Device/ST/STM32L4xx/Include -I../Drivers/CMSIS/Include -O0 -ffunction-sections -fdata-sections -Wall -fstack-usage -MMD -MP -MF"Drivers/STM32L4xx_HAL_Driver/Src/stm32l4xx_hal_rcc.d" -MT"Drivers/STM32L4xx_HAL_Driver/Src/stm32l4xx_hal_rcc.o" --specs=nano.specs -mfpu=fpv4-sp-d16 -mfloat-abi=hard -mthumb -o "Drivers/STM32L4xx_HAL_Driver/Src/stm32l4xx_hal_rcc.o"
arm-none-eabi-gcc "../Drivers/STM32L4xx_HAL_Driver/Src/stm32l4xx_hal_rcc_ex.c" -mcpu=cortex-m4 -std=gnu11 -g3 -DDEBUG -DUSE_HAL_DRIVER -DSTM32L476xx -c -I../Core/Inc -I"C:/Users/pranj/Pranjal/Github/FreeRTOS_STM/working_projects/1_uart_without_segger/third_party/freertos" -I"C:/Users/pranj/Pranjal/Github/FreeRTOS_STM/working_projects/1_uart_without_segger/third_party/freertos/include" -I"C:/Users/pranj/Pranjal/Github/FreeRTOS_STM/working_projects/1_uart_without_segger/third_party/freertos/portable/GCC/ARM_CM4F" -I../Drivers/STM32L4xx_HAL_Driver/Inc -I../Drivers/STM32L4xx_HAL_Driver/Inc/Legacy -I../Drivers/CMSIS/Device/ST/STM32L4xx/Include -I../Drivers/CMSIS/Include -O0 -ffunction-sections -fdata-sections -Wall -fstack-usage -MMD -MP -MF"Drivers/STM32L4xx_HAL_Driver/Src/stm32l4xx_hal_rcc_ex.d" -MT"Drivers/STM32L4xx_HAL_Driver/Src/stm32l4xx_hal_rcc_ex.o" --specs=nano.specs -mfpu=fpv4-sp-d16 -mfloat-abi=hard -mthumb -o "Drivers/STM32L4xx_HAL_Driver/Src/stm32l4xx_hal_rcc_ex.o"
arm-none-eabi-gcc "../Drivers/STM32L4xx_HAL_Driver/Src/stm32l4xx_hal_tim.c" -mcpu=cortex-m4 -std=gnu11 -g3 -DDEBUG -DUSE_HAL_DRIVER -DSTM32L476xx -c -I../Core/Inc -I"C:/Users/pranj/Pranjal/Github/FreeRTOS_STM/working_projects/1_uart_without_segger/third_party/freertos" -I"C:/Users/pranj/Pranjal/Github/FreeRTOS_STM/working_projects/1_uart_without_segger/third_party/freertos/include" -I"C:/Users/pranj/Pranjal/Github/FreeRTOS_STM/working_projects/1_uart_without_segger/third_party/freertos/portable/GCC/ARM_CM4F" -I../Drivers/STM32L4xx_HAL_Driver/Inc -I../Drivers/STM32L4xx_HAL_Driver/Inc/Legacy -I../Drivers/CMSIS/Device/ST/STM32L4xx/Include -I../Drivers/CMSIS/Include -O0 -ffunction-sections -fdata-sections -Wall -fstack-usage -MMD -MP -MF"Drivers/STM32L4xx_HAL_Driver/Src/stm32l4xx_hal_tim.d" -MT"Drivers/STM32L4xx_HAL_Driver/Src/stm32l4xx_hal_tim.o" --specs=nano.specs -mfpu=fpv4-sp-d16 -mfloat-abi=hard -mthumb -o "Drivers/STM32L4xx_HAL_Driver/Src/stm32l4xx_hal_tim.o"
arm-none-eabi-gcc "../Drivers/STM32L4xx_HAL_Driver/Src/stm32l4xx_hal_tim_ex.c" -mcpu=cortex-m4 -std=gnu11 -g3 -DDEBUG -DUSE_HAL_DRIVER -DSTM32L476xx -c -I../Core/Inc -I"C:/Users/pranj/Pranjal/Github/FreeRTOS_STM/working_projects/1_uart_without_segger/third_party/freertos" -I"C:/Users/pranj/Pranjal/Github/FreeRTOS_STM/working_projects/1_uart_without_segger/third_party/freertos/include" -I"C:/Users/pranj/Pranjal/Github/FreeRTOS_STM/working_projects/1_uart_without_segger/third_party/freertos/portable/GCC/ARM_CM4F" -I../Drivers/STM32L4xx_HAL_Driver/Inc -I../Drivers/STM32L4xx_HAL_Driver/Inc/Legacy -I../Drivers/CMSIS/Device/ST/STM32L4xx/Include -I../Drivers/CMSIS/Include -O0 -ffunction-sections -fdata-sections -Wall -fstack-usage -MMD -MP -MF"Drivers/STM32L4xx_HAL_Driver/Src/stm32l4xx_hal_tim_ex.d" -MT"Drivers/STM32L4xx_HAL_Driver/Src/stm32l4xx_hal_tim_ex.o" --specs=nano.specs -mfpu=fpv4-sp-d16 -mfloat-abi=hard -mthumb -o "Drivers/STM32L4xx_HAL_Driver/Src/stm32l4xx_hal_tim_ex.o"
arm-none-eabi-gcc "../Drivers/STM32L4xx_HAL_Driver/Src/stm32l4xx_hal_uart.c" -mcpu=cortex-m4 -std=gnu11 -g3 -DDEBUG -DUSE_HAL_DRIVER -DSTM32L476xx -c -I../Core/Inc -I"C:/Users/pranj/Pranjal/Github/FreeRTOS_STM/working_projects/1_uart_without_segger/third_party/freertos" -I"C:/Users/pranj/Pranjal/Github/FreeRTOS_STM/working_projects/1_uart_without_segger/third_party/freertos/include" -I"C:/Users/pranj/Pranjal/Github/FreeRTOS_STM/working_projects/1_uart_without_segger/third_party/freertos/portable/GCC/ARM_CM4F" -I../Drivers/STM32L4xx_HAL_Driver/Inc -I../Drivers/STM32L4xx_HAL_Driver/Inc/Legacy -I../Drivers/CMSIS/Device/ST/STM32L4xx/Include -I../Drivers/CMSIS/Include -O0 -ffunction-sections -fdata-sections -Wall -fstack-usage -MMD -MP -MF"Drivers/STM32L4xx_HAL_Driver/Src/stm32l4xx_hal_uart.d" -MT"Drivers/STM32L4xx_HAL_Driver/Src/stm32l4xx_hal_uart.o" --specs=nano.specs -mfpu=fpv4-sp-d16 -mfloat-abi=hard -mthumb -o "Drivers/STM32L4xx_HAL_Driver/Src/stm32l4xx_hal_uart.o"
arm-none-eabi-gcc "../Drivers/STM32L4xx_HAL_Driver/Src/stm32l4xx_hal_uart_ex.c" -mcpu=cortex-m4 -std=gnu11 -g3 -DDEBUG -DUSE_HAL_DRIVER -DSTM32L476xx -c -I../Core/Inc -I"C:/Users/pranj/Pranjal/Github/FreeRTOS_STM/working_projects/1_uart_without_segger/third_party/freertos" -I"C:/Users/pranj/Pranjal/Github/FreeRTOS_STM/working_projects/1_uart_without_segger/third_party/freertos/include" -I"C:/Users/pranj/Pranjal/Github/FreeRTOS_STM/working_projects/1_uart_without_segger/third_party/freertos/portable/GCC/ARM_CM4F" -I../Drivers/STM32L4xx_HAL_Driver/Inc -I../Drivers/STM32L4xx_HAL_Driver/Inc/Legacy -I../Drivers/CMSIS/Device/ST/STM32L4xx/Include -I../Drivers/CMSIS/Include -O0 -ffunction-sections -fdata-sections -Wall -fstack-usage -MMD -MP -MF"Drivers/STM32L4xx_HAL_Driver/Src/stm32l4xx_hal_uart_ex.d" -MT"Drivers/STM32L4xx_HAL_Driver/Src/stm32l4xx_hal_uart_ex.o" --specs=nano.specs -mfpu=fpv4-sp-d16 -mfloat-abi=hard -mthumb -o "Drivers/STM32L4xx_HAL_Driver/Src/stm32l4xx_hal_uart_ex.o"
arm-none-eabi-gcc -mcpu=cortex-m4 -g3 -DDEBUG -c -x assembler-with-cpp -MMD -MP -MF"Core/Startup/startup_stm32l476rgtx.d" -MT"Core/Startup/startup_stm32l476rgtx.o" --specs=nano.specs -mfpu=fpv4-sp-d16 -mfloat-abi=hard -mthumb -o "Core/Startup/startup_stm32l476rgtx.o" "../Core/Startup/startup_stm32l476rgtx.s"
arm-none-eabi-gcc "../Core/Src/main.c" -mcpu=cortex-m4 -std=gnu11 -g3 -DDEBUG -DUSE_HAL_DRIVER -DSTM32L476xx -c -I../Core/Inc -I"C:/Users/pranj/Pranjal/Github/FreeRTOS_STM/working_projects/1_uart_without_segger/third_party/freertos" -I"C:/Users/pranj/Pranjal/Github/FreeRTOS_STM/working_projects/1_uart_without_segger/third_party/freertos/include" -I"C:/Users/pranj/Pranjal/Github/FreeRTOS_STM/working_projects/1_uart_without_segger/third_party/freertos/portable/GCC/ARM_CM4F" -I../Drivers/STM32L4xx_HAL_Driver/Inc -I../Drivers/STM32L4xx_HAL_Driver/Inc/Legacy -I../Drivers/CMSIS/Device/ST/STM32L4xx/Include -I../Drivers/CMSIS/Include -O0 -ffunction-sections -fdata-sections -Wall -fstack-usage -MMD -MP -MF"Core/Src/main.d" -MT"Core/Src/main.o" --specs=nano.specs -mfpu=fpv4-sp-d16 -mfloat-abi=hard -mthumb -o "Core/Src/main.o"
../Core/Src/main.c: In function 'task1_handler':
../Core/Src/main.c:246:35: warning: pointer targets in passing argument 2 of 'HAL_UART_Transmit' differ in signedness [-Wpointer-sign]
  246 |         HAL_UART_Transmit(&huart2,(char*)parameters,100,10);// Sending in normal mode
      |                                   ^~~~~~~~~~~~~~~~~
      |                                   |
      |                                   char *
In file included from ../Core/Inc/stm32l4xx_hal_conf.h:450,
                 from ../Drivers/STM32L4xx_HAL_Driver/Inc/stm32l4xx_hal.h:29,
                 from ../Core/Inc/main.h:30,
                 from ../Core/Src/main.c:20:
../Drivers/STM32L4xx_HAL_Driver/Inc/stm32l4xx_hal_uart.h:1674:79: note: expected 'const uint8_t *' {aka 'const unsigned char *'} but argument is of type 'char *'
 1674 | HAL_StatusTypeDef HAL_UART_Transmit(UART_HandleTypeDef *huart, const uint8_t *pData, uint16_t Size, uint32_t Timeout);
      |                                                                ~~~~~~~~~~~~~~~^~~~~
../Core/Src/main.c: In function 'task2_handler':
../Core/Src/main.c:259:35: warning: pointer targets in passing argument 2 of 'HAL_UART_Transmit' differ in signedness [-Wpointer-sign]
  259 |         HAL_UART_Transmit(&huart2,(char*)parameters,100,10);// Sending in normal mode
      |                                   ^~~~~~~~~~~~~~~~~
      |                                   |
      |                                   char *
In file included from ../Core/Inc/stm32l4xx_hal_conf.h:450,
                 from ../Drivers/STM32L4xx_HAL_Driver/Inc/stm32l4xx_hal.h:29,
                 from ../Core/Inc/main.h:30,
                 from ../Core/Src/main.c:20:
../Drivers/STM32L4xx_HAL_Driver/Inc/stm32l4xx_hal_uart.h:1674:79: note: expected 'const uint8_t *' {aka 'const unsigned char *'} but argument is of type 'char *'
 1674 | HAL_StatusTypeDef HAL_UART_Transmit(UART_HandleTypeDef *huart, const uint8_t *pData, uint16_t Size, uint32_t Timeout);
      |                                                                ~~~~~~~~~~~~~~~^~~~~
arm-none-eabi-gcc "../Core/Src/stm32l4xx_hal_msp.c" -mcpu=cortex-m4 -std=gnu11 -g3 -DDEBUG -DUSE_HAL_DRIVER -DSTM32L476xx -c -I../Core/Inc -I"C:/Users/pranj/Pranjal/Github/FreeRTOS_STM/working_projects/1_uart_without_segger/third_party/freertos" -I"C:/Users/pranj/Pranjal/Github/FreeRTOS_STM/working_projects/1_uart_without_segger/third_party/freertos/include" -I"C:/Users/pranj/Pranjal/Github/FreeRTOS_STM/working_projects/1_uart_without_segger/third_party/freertos/portable/GCC/ARM_CM4F" -I../Drivers/STM32L4xx_HAL_Driver/Inc -I../Drivers/STM32L4xx_HAL_Driver/Inc/Legacy -I../Drivers/CMSIS/Device/ST/STM32L4xx/Include -I../Drivers/CMSIS/Include -O0 -ffunction-sections -fdata-sections -Wall -fstack-usage -MMD -MP -MF"Core/Src/stm32l4xx_hal_msp.d" -MT"Core/Src/stm32l4xx_hal_msp.o" --specs=nano.specs -mfpu=fpv4-sp-d16 -mfloat-abi=hard -mthumb -o "Core/Src/stm32l4xx_hal_msp.o"
arm-none-eabi-gcc "../Core/Src/stm32l4xx_hal_timebase_tim.c" -mcpu=cortex-m4 -std=gnu11 -g3 -DDEBUG -DUSE_HAL_DRIVER -DSTM32L476xx -c -I../Core/Inc -I"C:/Users/pranj/Pranjal/Github/FreeRTOS_STM/working_projects/1_uart_without_segger/third_party/freertos" -I"C:/Users/pranj/Pranjal/Github/FreeRTOS_STM/working_projects/1_uart_without_segger/third_party/freertos/include" -I"C:/Users/pranj/Pranjal/Github/FreeRTOS_STM/working_projects/1_uart_without_segger/third_party/freertos/portable/GCC/ARM_CM4F" -I../Drivers/STM32L4xx_HAL_Driver/Inc -I../Drivers/STM32L4xx_HAL_Driver/Inc/Legacy -I../Drivers/CMSIS/Device/ST/STM32L4xx/Include -I../Drivers/CMSIS/Include -O0 -ffunction-sections -fdata-sections -Wall -fstack-usage -MMD -MP -MF"Core/Src/stm32l4xx_hal_timebase_tim.d" -MT"Core/Src/stm32l4xx_hal_timebase_tim.o" --specs=nano.specs -mfpu=fpv4-sp-d16 -mfloat-abi=hard -mthumb -o "Core/Src/stm32l4xx_hal_timebase_tim.o"
arm-none-eabi-gcc "../Core/Src/stm32l4xx_it.c" -mcpu=cortex-m4 -std=gnu11 -g3 -DDEBUG -DUSE_HAL_DRIVER -DSTM32L476xx -c -I../Core/Inc -I"C:/Users/pranj/Pranjal/Github/FreeRTOS_STM/working_projects/1_uart_without_segger/third_party/freertos" -I"C:/Users/pranj/Pranjal/Github/FreeRTOS_STM/working_projects/1_uart_without_segger/third_party/freertos/include" -I"C:/Users/pranj/Pranjal/Github/FreeRTOS_STM/working_projects/1_uart_without_segger/third_party/freertos/portable/GCC/ARM_CM4F" -I../Drivers/STM32L4xx_HAL_Driver/Inc -I../Drivers/STM32L4xx_HAL_Driver/Inc/Legacy -I../Drivers/CMSIS/Device/ST/STM32L4xx/Include -I../Drivers/CMSIS/Include -O0 -ffunction-sections -fdata-sections -Wall -fstack-usage -MMD -MP -MF"Core/Src/stm32l4xx_it.d" -MT"Core/Src/stm32l4xx_it.o" --specs=nano.specs -mfpu=fpv4-sp-d16 -mfloat-abi=hard -mthumb -o "Core/Src/stm32l4xx_it.o"
arm-none-eabi-gcc "../Core/Src/syscalls.c" -mcpu=cortex-m4 -std=gnu11 -g3 -DDEBUG -DUSE_HAL_DRIVER -DSTM32L476xx -c -I../Core/Inc -I"C:/Users/pranj/Pranjal/Github/FreeRTOS_STM/working_projects/1_uart_without_segger/third_party/freertos" -I"C:/Users/pranj/Pranjal/Github/FreeRTOS_STM/working_projects/1_uart_without_segger/third_party/freertos/include" -I"C:/Users/pranj/Pranjal/Github/FreeRTOS_STM/working_projects/1_uart_without_segger/third_party/freertos/portable/GCC/ARM_CM4F" -I../Drivers/STM32L4xx_HAL_Driver/Inc -I../Drivers/STM32L4xx_HAL_Driver/Inc/Legacy -I../Drivers/CMSIS/Device/ST/STM32L4xx/Include -I../Drivers/CMSIS/Include -O0 -ffunction-sections -fdata-sections -Wall -fstack-usage -MMD -MP -MF"Core/Src/syscalls.d" -MT"Core/Src/syscalls.o" --specs=nano.specs -mfpu=fpv4-sp-d16 -mfloat-abi=hard -mthumb -o "Core/Src/syscalls.o"
[...]
arm-none-eabi-gcc "../Drivers/STM32L4xx_HAL_Driver/Src/stm32l4xx_hal_gpio.c" -mcpu=cortex-m4 -std=gnu11 -g3 -DDEBUG -DUSE_HAL_DRIVER -DSTM32L476xx -c -I../Core/Inc -I"C:/Users/pranj/Pranjal/Github/FreeRTOS_STM/working_projects/1_uart_without_segger/third_party/freertos" -I"C:/Users/pranj/Pranjal/Github/FreeRTOS_STM/working_projects/1_uart_without_segger/third_party/freertos/include" -I"C:/Users/pranj/Pranjal/Github/FreeRTOS_STM/working_projects/1_uart_without_segger/third_party/freertos/portable/GCC/ARM_CM4F" -I../Drivers/STM32L4xx_HAL_Driver/Inc -I../Drivers/STM32L4xx_HAL_Driver/Inc/Legacy -I../Drivers/CMSIS/Device/ST/STM32L4xx/Include -I../Drivers/CMSIS/Include -O0 -ffunction-sections -fdata-sections -Wall -fstack-usage -MMD -MP -MF"Drivers/STM32L4xx_HAL_Driver/Src/stm32l4xx_hal_gpio.d" -MT"Drivers/STM32L4xx_HAL_Driver/Src/stm32l4xx_hal_gpio.o" --specs=nano.specs -mfpu=fpv4-sp-d16 -mfloat-abi=hard -mthumb -o "Drivers/STM32L4xx_HAL_Driver/Src/stm32l4xx_hal_gpio.o"
arm-none-eabi-gcc "../Drivers/STM32L4xx_HAL_Driver/Src/stm32l4xx_hal_i2c.c" -mcpu=cortex-m4 -std=gnu11 -g3 -DDEBUG -DUSE_HAL_DRIVER -DSTM32L476xx -c -I../Core/Inc -I"C:/Users/pranj/Pranjal/Github/FreeRTOS_STM/working_projects/1_uart_without_segger/third_party/freertos" -I"C:/Users/pranj/Pranjal/Github/FreeRTOS_STM/working_projects/1_uart_without_segger/third_party/freertos/include" -I"C:/Users/pranj/Pranjal/Github/FreeRTOS_STM/working_projects/1_uart_without_segger/third_party/freertos/portable/GCC/ARM_CM4F" -I../Drivers/STM32L4xx_HAL_Driver/Inc -I../Drivers/STM32L4xx_HAL_Driver/Inc/Legacy -I../Drivers/CMSIS/Device/ST/STM32L4xx/Include -I../Drivers/CMSIS/Include -O0 -ffunction-sections -fdata-sections -Wall -fstack-usage -MMD -MP -MF"Drivers/STM32L4xx_HAL_Driver/Src/stm32l4xx_hal_i2c.d" -MT"Drivers/STM32L4xx_HAL_Driver/Src/stm32l4xx_hal_i2c.o" --specs=nano.specs -mfpu=fpv4-sp-d16 -mfloat-abi=hard -mthumb -o "Drivers/STM32L4xx_HAL_Driver/Src/stm32l4xx_hal_i2c.o"
arm-none-eabi-gcc "../Drivers/STM32L4xx_HAL_Driver/Src/stm32l4xx_hal_i2c_ex.c" -mcpu=cortex-m4 -std=gnu11 -g3 -DDEBUG -DUSE_HAL_DRIVER -DSTM32L476xx -c -I../Core/Inc -I"C:/Users/pranj/Pranjal/Github/FreeRTOS_STM/working_projects/1_uart_without_segger/third_party/freertos" -I"C:/Users/pranj/Pranjal/Github/FreeRTOS_STM/working_projects/1_uart_without_segger/third_party/freertos/include" -I"C:/Users/pranj/Pranjal/Github/FreeRTOS_STM/working_projects/1_uart_without_segger/third_party/freertos/portable/GCC/ARM_CM4F" -I../Drivers/STM32L4xx_HAL_Driver/Inc -I../Drivers/STM32L4xx_HAL_Driver/Inc/Legacy -I../Drivers/CMSIS/Device/ST/STM32L4xx/Include -I../Drivers/CMSIS/Include -O0 -ffunction-sections -fdata-sections -Wall -fstack-usage -MMD -MP -MF"Drivers/STM32L4xx_HAL_Driver/Src/stm32l4xx_hal_i2c_ex.d" -MT"Drivers/STM32L4xx_HAL_Driver/Src/stm32l4xx_hal_i2c_ex.o" --specs=nano.specs -mfpu=fpv4-sp-d16 -mfloat-abi=hard -mthumb -o "Drivers/STM32L4xx_HAL_Driver/Src/stm32l4xx_hal_i2c_ex.o"
arm-none-eabi-gcc "../Drivers/STM32L4xx_HAL_Driver/Src/stm32l4xx_hal_pwr.c" -mcpu=cortex-m4 -std=gnu11 -g3 -DDEBUG -DUSE_HAL_DRIVER -DSTM32L476xx -c -I../Core/Inc -I"C:/Users/pranj/Pranjal/Github/FreeRTOS_STM/working_projects/1_uart_without_segger/third_party/freertos" -I"C:/Users/pranj/Pranjal/Github/FreeRTOS_STM/working_projects/1_uart_without_segger/third_party/freertos/include" -I"C:/Users/pranj/Pranjal/Github/FreeRTOS_STM/working_projects/1_uart_without_segger/third_party/freertos/portable/GCC/ARM_CM4F" -I../Drivers/STM32L4xx_HAL_Driver/Inc -I../Drivers/STM32L4xx_HAL_Driver/Inc/Legacy -I../Drivers/CMSIS/Device/ST/STM32L4xx/Include -I../Drivers/CMSIS/Include -O0 -ffunction-sections -fdata-sections -Wall -fstack-usage -MMD -MP -MF"Drivers/STM32L4xx_HAL_Driver/Src/stm32l4xx_hal_pwr.d" -MT"Drivers/STM32L4xx_HAL_Driver/Src/stm32l4xx_hal_pwr.o" --specs=nano.specs -mfpu=fpv4-sp-d16 -mfloat-abi=hard -mthumb -o "Drivers/STM32L4xx_HAL_Driver/Src/stm32l4xx_hal_pwr.o"
arm-none-eabi-gcc "../Drivers/STM32L4xx_HAL_Driver/Src/stm32l4xx_hal_pwr_ex.c" -mcpu=cortex-m4 -std=gnu11 -g3 -DDEBUG -DUSE_HAL_DRIVER -DSTM32L476xx -c -I../Core/Inc -I"C:/Users/pranj/Pranjal/Github/FreeRTOS_STM/working_projects/1_uart_without_segger/third_party/freertos" -I"C:/Users/pranj/Pranjal/Github/FreeRTOS_STM/working_projects/1_uart_without_segger/third_party/freertos/include" -I"C:/Users/pranj/Pranjal/Github/FreeRTOS_STM/working_projects/1_uart_without_segger/third_party/freertos/portable/GCC/ARM_CM4F" -I../Drivers/STM32L4xx_HAL_Driver/Inc -I../Drivers/STM32L4xx_HAL_Driver/Inc/Legacy -I../Drivers/CMSIS/Device/ST/STM32L4xx/Include -I../Drivers/CMSIS/Include -O0 -ffunction-sections -fdata-sections -Wall -fstack-usage -MMD -MP -MF"Drivers/STM32L4xx_HAL_Driver/Src/stm32l4xx_hal_pwr_ex.d" -MT"Drivers/STM32L4xx_HAL_Driver/Src/stm32l4xx_hal_pwr_ex.o" --specs=nano.specs -mfpu=fpv4-sp-d16 -mfloat-abi=hard -mthumb -o "Drivers/STM32L4xx_HAL_Driver/Src/stm32l4xx_hal_pwr_ex.o"
arm-none-eabi-gcc "../Drivers/STM32L4xx_HAL_Driver/Src/stm32l4xx_hal_rcc.c" -mcpu=cortex-m4 -std=gnu11 -g3 -DDEBUG -DUSE_HAL_DRIVER -DSTM32L476xx -c -I../Core/Inc -I"C:/Users/pranj/Pranjal/Github/FreeRTOS_STM/working_projects/1_uart_without_segger/third_party/freertos" -I"C:/Users/pranj/Pranjal/Github/FreeRTOS_STM/working_projects/1_uart_without_segger/third_party/freertos/include" -I"C:/Users/pranj/Pranjal/Github/FreeRTOS_STM/working_projects/1_uart_without_segger/third_party/freertos/portable/GCC/ARM_CM4F" -I../Drivers/STM32L4xx_HAL_Driver/Inc -I../Drivers/STM32L4xx_HAL_Driver/Inc/Legacy -I../Drivers/CMSIS/Device/ST/STM32L4xx/Include -I../Drivers/CMSIS/Include -O0 -ffunction-sections -fdata-sections -Wall -fstack-usage -MMD -MP -MF"Drivers/STM32L4xx_HAL_Driver/Src/stm32l4xx_hal_rcc.d" -MT"Drivers/STM32L4xx_HAL_Driver/Src/stm32l4xx_hal_rcc.o" --specs=nano.specs -mfpu=fpv4-sp-d16 -mfloat-abi=hard -mthumb -o "Drivers/STM32L4xx_HAL_Driver/Src/stm32l4xx_hal_rcc.o"
arm-none-eabi-gcc "../Drivers/STM32L4xx_HAL_Driver/Src/stm32l4xx_hal_rcc_ex.c" -mcpu=cortex-m4 -std=gnu11 -g3 -DDEBUG -DUSE_HAL_DRIVER -DSTM32L476xx -c -I../Core/Inc -I"C:/Users/pranj/Pranjal/Github/FreeRTOS_STM/working_projects/1_uart_without_segger/third_party/freertos" -I"C:/Users/pranj/Pranjal/Github/FreeRTOS_STM/working_projects/1_uart_without_segger/third_party/freertos/include" -I"C:/Users/pranj/Pranjal/Github/FreeRTOS_STM/working_projects/1_uart_without_segger/third_party/freertos/portable/GCC/ARM_CM4F" -I../Drivers/STM32L4xx_HAL_Driver/Inc -I../Drivers/STM32L4xx_HAL_Driver/Inc/Legacy -I../Drivers/CMSIS/Device/ST/STM32L4xx/Include -I../Drivers/CMSIS/Include -O0 -ffunction-sections -fdata-sections -Wall -fstack-usage -MMD -MP -MF"Drivers/STM32L4xx_HAL_Driver/Src/stm32l4xx_hal_rcc_ex.d" -MT"Drivers/STM32L4xx_HAL_Driver/Src/stm32l4xx_hal_rcc_ex.o" --specs=nano.specs -mfpu=fpv4-sp-d16 -mfloat-abi=hard -mthumb -o "Drivers/STM32L4xx_HAL_Driver/Src/stm32l4xx_hal_rcc_ex.o"
arm-none-eabi-gcc "../Drivers/STM32L4xx_HAL_Driver/Src/stm32l4xx_hal_tim.c" -mcpu=cortex-m4 -std=gnu11 -g3 -DDEBUG -DUSE_HAL_DRIVER -DSTM32L476xx -c -I../Core/Inc -I"C:/Users/pranj/Pranjal/Github/FreeRTOS_STM/working_projects/1_uart_without_segger/third_party/freertos" -I"C:/Users/pranj/Pranjal/Github/FreeRTOS_STM/working_projects/1_uart_without_segger/third_party/freertos/include" -I"C:/Users/pranj/Pranjal/Github/FreeRTOS_STM/working_projects/1_uart_without_segger/third_party/freertos/portable/GCC/ARM_CM4F" -I../Drivers/STM32L4xx_HAL_Driver/Inc -I../Drivers/STM32L4xx_HAL_Driver/Inc/Legacy -I../Drivers/CMSIS/Device/ST/STM32L4xx/Include -I../Drivers/CMSIS/Include -O0 -ffunction-sections -fdata-sections -Wall -fstack-usage -MMD -MP -MF"Drivers/STM32L4xx_HAL_Driver/Src/stm32l4xx_hal_tim.d" -MT"Drivers/STM32L4xx_HAL_Driver/Src/stm32l4xx_hal_tim.o" --specs=nano.specs -mfpu=fpv4-sp-d16 -mfloat-abi=hard -mthumb -o "Drivers/STM32L4xx_HAL_Driver/Src/stm32l4xx_hal_tim.o"
arm-none-eabi-gcc "../Drivers/STM32L4xx_HAL_Driver/Src/stm32l4xx_hal_tim_ex.c" -mcpu=cortex-m4 -std=gnu11 -g3 -DDEBUG -DUSE_HAL_DRIVER -DSTM32L476xx -c -I../Core/Inc -I"C:/Users/pranj/Pranjal/Github/FreeRTOS_STM/working_projects/1_uart_without_segger/third_party/freertos" -I"C:/Users/pranj/Pranjal/Github/FreeRTOS_STM/working_projects/1_uart_without_segger/third_party/freertos/include" -I"C:/Users/pranj/Pranjal/Github/FreeRTOS_STM/working_projects/1_uart_without_segger/third_party/freertos/portable/GCC/ARM_CM4F" -I../Drivers/STM32L4xx_HAL_Driver/Inc -I../Drivers/STM32L4xx_HAL_Driver/Inc/Legacy -I../Drivers/CMSIS/Device/ST/STM32L4xx/Include -I../Drivers/CMSIS/Include -O0 -ffunction-sections -fdata-sections -Wall -fstack-usage -MMD -MP -MF"Drivers/STM32L4xx_HAL_Driver/Src/stm32l4xx_hal_tim_ex.d" -MT"Drivers/STM32L4xx_HAL_Driver/Src/stm32l4xx_hal_tim_ex.o" --specs=nano.specs -mfpu=fpv4-sp-d16 -mfloat-abi=hard -mthumb -o "Drivers/STM32L4xx_HAL_Driver/Src/stm32l4xx_hal_tim_ex.o"
arm-none-eabi-gcc "../Drivers/STM32L4xx_HAL_Driver/Src/stm32l4xx_hal_uart.c" -mcpu=cortex-m4 -std=gnu11 -g3 -DDEBUG -DUSE_HAL_DRIVER -DSTM32L476xx -c -I../Core/Inc -I"C:/Users/pranj/Pranjal/Github/FreeRTOS_STM/working_projects/1_uart_without_segger/third_party/freertos" -I"C:/Users/pranj/Pranjal/Github/FreeRTOS_STM/working_projects/1_uart_without_segger/third_party/freertos/include" -I"C:/Users/pranj/Pranjal/Github/FreeRTOS_STM/working_projects/1_uart_without_segger/third_party/freertos/portable/GCC/ARM_CM4F" -I../Drivers/STM32L4xx_HAL_Driver/Inc -I../Drivers/STM32L4xx_HAL_Driver/Inc/Legacy -I../Drivers/CMSIS/Device/ST/STM32L4xx/Include -I../Drivers/CMSIS/Include -O0 -ffunction-sections -fdata-sections -Wall -fstack-usage -MMD -MP -MF"Drivers/STM32L4xx_HAL_Driver/Src/stm32l4xx_hal_uart.d" -MT"Drivers/STM32L4xx_HAL_Driver/Src/stm32l4xx_hal_uart.o" --specs=nano.specs -mfpu=fpv4-sp-d16 -mfloat-abi=hard -mthumb -o "Drivers/STM32L4xx_HAL_Driver/Src/stm32l4xx_hal_uart.o"
arm-none-eabi-gcc "../Drivers/STM32L4xx_HAL_Driver/Src/stm32l4xx_hal_uart_ex.c" -mcpu=cortex-m4 -std=gnu11 -g3 -DDEBUG -DUSE_HAL_DRIVER -DSTM32L476xx -c -I../Core/Inc -I"C:/Users/pranj/Pranjal/Github/FreeRTOS_STM/working_projects/1_uart_without_segger/third_party/freertos" -I"C:/Users/pranj/Pranjal/Github/FreeRTOS_STM/working_projects/1_uart_without_segger/third_party/freertos/include" -I"C:/Users/pranj/Pranjal/Github/FreeRTOS_STM/working_projects/1_uart_without_segger/third_party/freertos/portable/GCC/ARM_CM4F" -I../Drivers/STM32L4xx_HAL_Driver/Inc -I../Drivers/STM32L4xx_HAL_Driver/Inc/Legacy -I../Drivers/CMSIS/Device/ST/STM32L4xx/Include -I../Drivers/CMSIS/Include -O0 -ffunction-sections -fdata-sections -Wall -fstack-usage -MMD -MP -MF"Drivers/STM32L4xx_HAL_Driver/Src/stm32l4xx_hal_uart_ex.d" -MT"Drivers/STM32L4xx_HAL_Driver/Src/stm32l4xx_hal_uart_ex.o" --specs=nano.specs -mfpu=fpv4-sp-d16 -mfloat-abi=hard -mthumb -o "Drivers/STM32L4xx_HAL_Driver/Src/stm32l4xx_hal_uart_ex.o"
arm-none-eabi-gcc -mcpu=cortex-m4 -g3 -DDEBUG -c -x assembler-with-cpp -MMD -MP -MF"Core/Startup/startup_stm32l476rgtx.d" -MT"Core/Startup/startup_stm32l476rgtx.o" --specs=nano.specs -mfpu=fpv4-sp-d16 -mfloat-abi=hard -mthumb -o "Core/Startup/startup_stm32l476rgtx.o" "../Core/Startup/startup_stm32l476rgtx.s"
arm-none-eabi-gcc "../Core/Src/main.c" -mcpu=cortex-m4 -std=gnu11 -g3 -DDEBUG -DUSE_HAL_DRIVER -DSTM32L476xx -c -I../Core/Inc -I"C:/Users/pranj/Pranjal/Github/FreeRTOS_STM/working_projects/1_uart_without_segger/third_party/freertos" -I"C:/Users/pranj/Pranjal/Github/FreeRTOS_STM/working_projects/1_uart_without_segger/third_party/freertos/include" -I"C:/Users/pranj/Pranjal/Github/FreeRTOS_STM/working_projects/1_uart_without_segger/third_party/freertos/portable/GCC/ARM_CM4F" -I../Drivers/STM32L4xx_HAL_Driver/Inc -I../Drivers/STM32L4xx_HAL_Driver/Inc/Legacy -I../Drivers/CMSIS/Device/ST/STM32L4xx/Include -I../Drivers/CMSIS/Include -O0 -ffunction-sections -fdata-sections -Wall -fstack-usage -MMD -MP -MF"Core/Src/main.d" -MT"Core/Src/main.o" --specs=nano.specs -mfpu=fpv4-sp-d16 -mfloat-abi=hard -mthumb -o "Core/Src/main.o"
../Core/Src/main.c: In function 'task1_handler':
../Core/Src/main.c:246:35: warning: pointer targets in passing argument 2 of 'HAL_UART_Transmit' differ in signedness [-Wpointer-sign]
  246 |         HAL_UART_Transmit(&huart2,(char*)parameters,100,10);// Sending in normal mode
      |                                   ^~~~~~~~~~~~~~~~~
      |                                   |
      |                                   char *
In file included from ../Core/Inc/stm32l4xx_hal_conf.h:450,
                 from ../Drivers/STM32L4xx_HAL_Driver/Inc/stm32l4xx_hal.h:29,
                 from ../Core/Inc/main.h:30,
                 from ../Core/Src/main.c:20:
../Drivers/STM32L4xx_HAL_Driver/Inc/stm32l4xx_hal_uart.h:1674:79: note: expected 'const uint8_t *' {aka 'const unsigned char *'} but argument is of type 'char *'
 1674 | HAL_StatusTypeDef HAL_UART_Transmit(UART_HandleTypeDef *huart, const uint8_t *pData, uint16_t Size, uint32_t Timeout);
      |                                                                ~~~~~~~~~~~~~~~^~~~~
../Core/Src/main.c: In function 'task2_handler':
../Core/Src/main.c:259:35: warning: pointer targets in passing argument 2 of 'HAL_UART_Transmit' differ in signedness [-Wpointer-sign]
  259 |         HAL_UART_Transmit(&huart2,(char*)parameters,100,10);// Sending in normal mode
      |                                   ^~~~~~~~~~~~~~~~~
      |                                   |
      |                                   char *
In file included from ../Core/Inc/stm32l4xx_hal_conf.h:450,
                 from ../Drivers/STM32L4xx_HAL_Driver/Inc/stm32l4xx_hal.h:29,
                 from ../Core/Inc/main.h:30,
                 from ../Core/Src/main.c:20:
../Drivers/STM32L4xx_HAL_Driver/Inc/stm32l4xx_hal_uart.h:1674:79: note: expected 'const uint8_t *' {aka 'const unsigned char *'} but argument is of type 'char *'
 1674 | HAL_StatusTypeDef HAL_UART_Transmit(UART_HandleTypeDef *huart, const uint8_t *pData, uint16_t Size, uint32_t Timeout);
      |                                                                ~~~~~~~~~~~~~~~^~~~~
arm-none-eabi-gcc "../Core/Src/stm32l4xx_hal_msp.c" -mcpu=cortex-m4 -std=gnu11 -g3 -DDEBUG -DUSE_HAL_DRIVER -DSTM32L476xx -c -I../Core/Inc -I"C:/Users/pranj/Pranjal/Github/FreeRTOS_STM/working_projects/1_uart_without_segger/third_party/freertos" -I"C:/Users/pranj/Pranjal/Github/FreeRTOS_STM/working_projects/1_uart_without_segger/third_party/freertos/include" -I"C:/Users/pranj/Pranjal/Github/FreeRTOS_STM/working_projects/1_uart_without_segger/third_party/freertos/portable/GCC/ARM_CM4F" -I../Drivers/STM32L4xx_HAL_Driver/Inc -I../Drivers/STM32L4xx_HAL_Driver/Inc/Legacy -I../Drivers/CMSIS/Device/ST/STM32L4xx/Include -I../Drivers/CMSIS/Include -O0 -ffunction-sections -fdata-sections -Wall -fstack-usage -MMD -MP -MF"Core/Src/stm32l4xx_hal_msp.d" -MT"Core/Src/stm32l4xx_hal_msp.o" --specs=nano.specs -mfpu=fpv4-sp-d16 -mfloat-abi=hard -mthumb -o "Core/Src/stm32l4xx_hal_msp.o"
arm-none-eabi-gcc "../Core/Src/stm32l4xx_hal_timebase_tim.c" -mcpu=cortex-m4 -std=gnu11 -g3 -DDEBUG -DUSE_HAL_DRIVER -DSTM32L476xx -c -I../Core/Inc -I"C:/Users/pranj/Pranjal/Github/FreeRTOS_STM/working_projects/1_uart_without_segger/third_party/freertos" -I"C:/Users/pranj/Pranjal/Github/FreeRTOS_STM/working_projects/1_uart_without_segger/third_party/freertos/include" -I"C:/Users/pranj/Pranjal/Github/FreeRTOS_STM/working_projects/1_uart_without_segger/third_party/freertos/portable/GCC/ARM_CM4F" -I../Drivers/STM32L4xx_HAL_Driver/Inc -I../Drivers/STM32L4xx_HAL_Driver/Inc/Legacy -I../Drivers/CMSIS/Device/ST/STM32L4xx/Include -I../Drivers/CMSIS/Include -O0 -ffunction-sections -fdata-sections -Wall -fstack-usage -MMD -MP -MF"Core/Src/stm32l4xx_hal_timebase_tim.d" -MT"Core/Src/stm32l4xx_hal_timebase_tim.o" --specs=nano.specs -mfpu=fpv4-sp-d16 -mfloat-abi=hard -mthumb -o "Core/Src/stm32l4xx_hal_timebase_tim.o"
arm-none-eabi-gcc "../Core/Src/stm32l4xx_it.c" -mcpu=cortex-m4 -std=gnu11 -g3 -DDEBUG -DUSE_HAL_DRIVER -DSTM32L476xx -c -I../Core/Inc -I"C:/Users/pranj/Pranjal/Github/FreeRTOS_STM/working_projects/1_uart_without_segger/third_party/freertos" -I"C:/Users/pranj/Pranjal/Github/FreeRTOS_STM/working_projects/1_uart_without_segger/third_party/freertos/include" -I"C:/Users/pranj/Pranjal/Github/FreeRTOS_STM/working_projects/1_uart_without_segger/third_party/freertos/portable/GCC/ARM_CM4F" -I../Drivers/STM32L4xx_HAL_Driver/Inc -I../Drivers/STM32L4xx_HAL_Driver/Inc/Legacy -I../Drivers/CMSIS/Device/ST/STM32L4xx/Include -I../Drivers/CMSIS/Include -O0 -ffunction-sections -fdata-sections -Wall -fstack-usage -MMD -MP -MF"Core/Src/stm32l4xx_it.d" -MT"Core/Src/stm32l4xx_it.o" --specs=nano.specs -mfpu=fpv4-sp-d16 -mfloat-abi=hard -mthumb -o "Core/Src/stm32l4xx_it.o"
arm-none-eabi-gcc "../Core/Src/syscalls.c" -mcpu=cortex-m4 -std=gnu11 -g3 -DDEBUG -DUSE_HAL_DRIVER -DSTM32L476xx -c -I../Core/Inc -I"C:/Users/pranj/Pranjal/Github/FreeRTOS_STM/working_projects/1_uart_without_segger/third_party/freertos" -I"C:/Users/pranj/Pranjal/Github/FreeRTOS_STM/working_projects/1_uart_without_segger/third_party/freertos/include" -I"C:/Users/pranj/Pranjal/Github/FreeRTOS_STM/working_projects/1_uart_without_segger/third_party/freertos/portable/GCC/ARM_CM4F" -I../Drivers/STM32L4xx_HAL_Driver/Inc -I../Drivers/STM32L4xx_HAL_Driver/Inc/Legacy -I../Drivers/CMSIS/Device/ST/STM32L4xx/Include -I../Drivers/CMSIS/Include -O0 -ffunction-sections -fdata-sections -Wall -fstack-usage -MMD -MP -MF"Core/Src/syscalls.d" -MT"Core/Src/syscalls.o" --specs=nano.specs -mfpu=fpv4-sp-d16 -mfloat-abi=hard -mthumb -o "Core/Src/syscalls.o"
arm-none-eabi-gcc "../Core/Src/system_stm32l4xx.c" -mcpu=cortex-m4 -std=gnu11 -g3 -DDEBUG -DUSE_HAL_DRIVER -DSTM32L476xx -c -I../Core/Inc -I"C:/Users/pranj/Pranjal/Github/FreeRTOS_STM/working_projects/1_uart_without_segger/third_party/freertos" -I"C:/Users/pranj/Pranjal/Github/FreeRTOS_STM/working_projects/1_uart_without_segger/third_party/freertos/include" -I"C:/Users/pranj/Pranjal/Github/FreeRTOS_STM/working_projects/1_uart_without_segger/third_party/freertos/portable/GCC/ARM_CM4F" -I../Drivers/STM32L4xx_HAL_Driver/Inc -I../Drivers/STM32L4xx_HAL_Driver/Inc/Legacy -I../Drivers/CMSIS/Device/ST/STM32L4xx/Include -I../Drivers/CMSIS/Include -O0 -ffunction-sections -fdata-sections -Wall -fstack-usage -MMD -MP -MF"Core/Src/system_stm32l4xx.d" -MT"Core/Src/system_stm32l4xx.o" --specs=nano.specs -mfpu=fpv4-sp-d16 -mfloat-abi=hard -mthumb -o "Core/Src/system_stm32l4xx.o"
arm-none-eabi-gcc -o "1_uart_without_segger.elf" @"objects.list"   -mcpu=cortex-m4 -T"C:\Users\pranj\Pranjal\Github\FreeRTOS_STM\working_projects\1_uart_without_segger\STM32L476RGTX_FLASH.ld" --specs=nosys.specs -Wl,-Map="1_uart_without_segger.map" -Wl,--gc-sections -static --specs=nano.specs -mfpu=fpv4-sp-d16 -mfloat-abi=hard -mthumb -Wl,--start-group -lc -lm -Wl,--end-group
Finished building target: 1_uart_without_segger.elf
 
arm-none-eabi-size   1_uart_without_segger.elf 
   text	   data	    bss	    dec	    hex	filename
  24292	     28	  79004	 103324	  1939c	1_uart_without_segger.elf
Finished building: default.size.stdout
 
arm-none-eabi-objdump -h -S  1_uart_without_segger.elf  > "1_uart_without_segger.list"
Finished building: 1_uart_without_segger.list
 
