19:41:56 **** Incremental Build of configuration Debug for project basic_segger_integrate_full ****
make -j16 all 
arm-none-eabi-gcc "../Core/Src/main.c" -mcpu=cortex-m4 -std=gnu11 -g3 -DDEBUG -DUSE_HAL_DRIVER -DSTM32L476xx -c -I../Core/Inc -I"C:/Users/pranj/Pranjal/Github/FreeRTOS_STM/basic_segger_integrate_full/ThirdParty/SEGGER/Config" -I"C:/Users/pranj/Pranjal/Github/FreeRTOS_STM/basic_segger_integrate_full/ThirdParty/SEGGER/OS" -I"C:/Users/pranj/Pranjal/Github/FreeRTOS_STM/basic_segger_integrate_full/ThirdParty/SEGGER/SEGGER" -I"C:/Users/pranj/Pranjal/Github/FreeRTOS_STM/basic_segger_integrate_full/ThirdParty/FreeRTOS" -I"C:/Users/pranj/Pranjal/Github/FreeRTOS_STM/basic_segger_integrate_full/ThirdParty/FreeRTOS/include" -I"C:/Users/pranj/Pranjal/Github/FreeRTOS_STM/basic_segger_integrate_full/ThirdParty/FreeRTOS/portable/GCC/ARM_CM4F" -I../Drivers/STM32L4xx_HAL_Driver/Inc -I../Drivers/STM32L4xx_HAL_Driver/Inc/Legacy -I../Drivers/CMSIS/Device/ST/STM32L4xx/Include -I../Drivers/CMSIS/Include -O0 -ffunction-sections -fdata-sections -Wall -fstack-usage -MMD -MP -MF"Core/Src/main.d" -MT"Core/Src/main.o" --specs=nano.specs -mfpu=fpv4-sp-d16 -mfloat-abi=hard -mthumb -o "Core/Src/main.o"
arm-none-eabi-gcc -o "basic_segger_integrate_full.elf" @"objects.list"   -mcpu=cortex-m4 -T"C:\Users\pranj\Pranjal\Github\FreeRTOS_STM\basic_segger_integrate_full\STM32L476RGTX_FLASH.ld" --specs=nosys.specs -Wl,-Map="basic_segger_integrate_full.map" -Wl,--gc-sections -static --specs=nano.specs -mfpu=fpv4-sp-d16 -mfloat-abi=hard -mthumb -Wl,--start-group -lc -lm -Wl,--end-group
Finished building target: basic_segger_integrate_full.elf
 
arm-none-eabi-size   basic_segger_integrate_full.elf 
arm-none-eabi-objdump -h -S  basic_segger_integrate_full.elf  > "basic_segger_integrate_full.list"
   text	   data	    bss	    dec	    hex	filename
  30360	    128	  84640	 115128	  1c1b8	basic_segger_integrate_full.elf
Finished building: default.size.stdout
 
Finished building: basic_segger_integrate_full.list
 
19:42:07 **** Incremental Build of configuration Debug for project basic_segger_integrate_full ****
make -j16 all 
arm-none-eabi-size   basic_segger_integrate_full.elf 
   text	   data	    bss	    dec	    hex	filename
  30360	    128	  84640	 115128	  1c1b8	basic_segger_integrate_full.elf
Finished building: default.size.stdout
 
19:42:10 **** Incremental Build of configuration Debug for project basic_segger_integrate_full ****
make -j16 all 
arm-none-eabi-size   basic_segger_integrate_full.elf 
   text	   data	    bss	    dec	    hex	filename
  30360	    128	  84640	 115128	  1c1b8	basic_segger_integrate_full.elf
Finished building: default.size.stdout
 
