18:55:16 **** Clean-only build of configuration Debug for project basic_segger ****
make -j16 clean 
rm -rf ./ThirdParty/SEGGER/SEGGER/Syscalls/SEGGER_RTT_Syscalls_GCC.d ./ThirdParty/SEGGER/SEGGER/Syscalls/SEGGER_RTT_Syscalls_GCC.o ./ThirdParty/SEGGER/SEGGER/Syscalls/SEGGER_RTT_Syscalls_GCC.su
rm -rf ./ThirdParty/SEGGER/SEGGER/SEGGER_RTT.d ./ThirdParty/SEGGER/SEGGER/SEGGER_RTT.o ./ThirdParty/SEGGER/SEGGER/SEGGER_RTT.su ./ThirdParty/SEGGER/SEGGER/SEGGER_RTT_ASM_ARMv7M.d ./ThirdParty/SEGGER/SEGGER/SEGGER_RTT_ASM_ARMv7M.o ./ThirdParty/SEGGER/SEGGER/SEGGER_RTT_printf.d ./ThirdParty/SEGGER/SEGGER/SEGGER_RTT_printf.o ./ThirdParty/SEGGER/SEGGER/SEGGER_RTT_printf.su ./ThirdParty/SEGGER/SEGGER/SEGGER_SYSVIEW.d ./ThirdParty/SEGGER/SEGGER/SEGGER_SYSVIEW.o ./ThirdParty/SEGGER/SEGGER/SEGGER_SYSVIEW.su
rm -rf ./ThirdParty/SEGGER/OS/SEGGER_SYSVIEW_FreeRTOS.d ./ThirdParty/SEGGER/OS/SEGGER_SYSVIEW_FreeRTOS.o ./ThirdParty/SEGGER/OS/SEGGER_SYSVIEW_FreeRTOS.su
rm -rf ./ThirdParty/SEGGER/Config/SEGGER_SYSVIEW_Config_FreeRTOS.d ./ThirdParty/SEGGER/Config/SEGGER_SYSVIEW_Config_FreeRTOS.o ./ThirdParty/SEGGER/Config/SEGGER_SYSVIEW_Config_FreeRTOS.su
rm -rf ./ThirdParty/FreeRTOS/portable/MemMang/heap_4.d ./ThirdParty/FreeRTOS/portable/MemMang/heap_4.o ./ThirdParty/FreeRTOS/portable/MemMang/heap_4.su
rm -rf ./ThirdParty/FreeRTOS/portable/GCC/ARM_CM4F/port.d ./ThirdParty/FreeRTOS/portable/GCC/ARM_CM4F/port.o ./ThirdParty/FreeRTOS/portable/GCC/ARM_CM4F/port.su
rm -rf ./ThirdParty/FreeRTOS/croutine.d ./ThirdParty/FreeRTOS/croutine.o ./ThirdParty/FreeRTOS/croutine.su ./ThirdParty/FreeRTOS/event_groups.d ./ThirdParty/FreeRTOS/event_groups.o ./ThirdParty/FreeRTOS/event_groups.su ./ThirdParty/FreeRTOS/list.d ./ThirdParty/FreeRTOS/list.o ./ThirdParty/FreeRTOS/list.su ./ThirdParty/FreeRTOS/queue.d ./ThirdParty/FreeRTOS/queue.o ./ThirdParty/FreeRTOS/queue.su ./ThirdParty/FreeRTOS/stream_buffer.d ./ThirdParty/FreeRTOS/stream_buffer.o ./ThirdParty/FreeRTOS/stream_buffer.su ./ThirdParty/FreeRTOS/tasks.d ./ThirdParty/FreeRTOS/tasks.o ./ThirdParty/FreeRTOS/tasks.su ./ThirdParty/FreeRTOS/timers.d ./ThirdParty/FreeRTOS/timers.o ./ThirdParty/FreeRTOS/timers.su
rm -rf ./Drivers/STM32L4xx_HAL_Driver/Src/stm32l4xx_hal.d ./Drivers/STM32L4xx_HAL_Driver/Src/stm32l4xx_hal.o ./Drivers/STM32L4xx_HAL_Driver/Src/stm32l4xx_hal.su ./Drivers/STM32L4xx_HAL_Driver/Src/stm32l4xx_hal_cortex.d ./Drivers/STM32L4xx_HAL_Driver/Src/stm32l4xx_hal_cortex.o ./Drivers/STM32L4xx_HAL_Driver/Src/stm32l4xx_hal_cortex.su ./Drivers/STM32L4xx_HAL_Driver/Src/stm32l4xx_hal_dma.d ./Drivers/STM32L4xx_HAL_Driver/Src/stm32l4xx_hal_dma.o ./Drivers/STM32L4xx_HAL_Driver/Src/stm32l4xx_hal_dma.su ./Drivers/STM32L4xx_HAL_Driver/Src/stm32l4xx_hal_dma_ex.d ./Drivers/STM32L4xx_HAL_Driver/Src/stm32l4xx_hal_dma_ex.o ./Drivers/STM32L4xx_HAL_Driver/Src/stm32l4xx_hal_dma_ex.su ./Drivers/STM32L4xx_HAL_Driver/Src/stm32l4xx_hal_exti.d ./Drivers/STM32L4xx_HAL_Driver/Src/stm32l4xx_hal_exti.o ./Drivers/STM32L4xx_HAL_Driver/Src/stm32l4xx_hal_exti.su ./Drivers/STM32L4xx_HAL_Driver/Src/stm32l4xx_hal_flash.d ./Drivers/STM32L4xx_HAL_Driver/Src/stm32l4xx_hal_flash.o ./Drivers/STM32L4xx_HAL_Driver/Src/stm32l4xx_hal_flash.su ./Drivers/STM32L4xx_HAL_Driver/Src/stm32l4xx_hal_flash_ex.d ./Drivers/STM32L4xx_HAL_Driver/Src/stm32l4xx_hal_flash_ex.o ./Drivers/STM32L4xx_HAL_Driver/Src/stm32l4xx_hal_flash_ex.su ./Drivers/STM32L4xx_HAL_Driver/Src/stm32l4xx_hal_flash_ramfunc.d ./Drivers/STM32L4xx_HAL_Driver/Src/stm32l4xx_hal_flash_ramfunc.o ./Drivers/STM32L4xx_HAL_Driver/Src/stm32l4xx_hal_flash_ramfunc.su ./Drivers/STM32L4xx_HAL_Driver/Src/stm32l4xx_hal_gpio.d ./Drivers/STM32L4xx_HAL_Driver/Src/stm32l4xx_hal_gpio.o ./Drivers/STM32L4xx_HAL_Driver/Src/stm32l4xx_hal_gpio.su ./Drivers/STM32L4xx_HAL_Driver/Src/stm32l4xx_hal_pwr.d ./Drivers/STM32L4xx_HAL_Driver/Src/stm32l4xx_hal_pwr.o ./Drivers/STM32L4xx_HAL_Driver/Src/stm32l4xx_hal_pwr.su ./Drivers/STM32L4xx_HAL_Driver/Src/stm32l4xx_hal_pwr_ex.d ./Drivers/STM32L4xx_HAL_Driver/Src/stm32l4xx_hal_pwr_ex.o ./Drivers/STM32L4xx_HAL_Driver/Src/stm32l4xx_hal_pwr_ex.su ./Drivers/STM32L4xx_HAL_Driver/Src/stm32l4xx_hal_rcc.d ./Drivers/STM32L4xx_HAL_Driver/Src/stm32l4xx_hal_rcc.o ./Drivers/STM32L4xx_HAL_Driver/Src/stm32l4xx_hal_rcc.su ./Drivers/STM32L4xx_HAL_Driver/Src/stm32l4xx_hal_rcc_ex.d ./Drivers/STM32L4xx_HAL_Driver/Src/stm32l4xx_hal_rcc_ex.o ./Drivers/STM32L4xx_HAL_Driver/Src/stm32l4xx_hal_rcc_ex.su ./Drivers/STM32L4xx_HAL_Driver/Src/stm32l4xx_hal_tim.d ./Drivers/STM32L4xx_HAL_Driver/Src/stm32l4xx_hal_tim.o ./Drivers/STM32L4xx_HAL_Driver/Src/stm32l4xx_hal_tim.su ./Drivers/STM32L4xx_HAL_Driver/Src/stm32l4xx_hal_tim_ex.d ./Drivers/STM32L4xx_HAL_Driver/Src/stm32l4xx_hal_tim_ex.o ./Drivers/STM32L4xx_HAL_Driver/Src/stm32l4xx_hal_tim_ex.su
rm -rf ./Core/Startup/startup_stm32l476rgtx.d ./Core/Startup/startup_stm32l476rgtx.o
rm -rf ./Core/Src/main.d ./Core/Src/main.o ./Core/Src/main.su ./Core/Src/stm32l4xx_hal_msp.d ./Core/Src/stm32l4xx_hal_msp.o ./Core/Src/stm32l4xx_hal_msp.su ./Core/Src/stm32l4xx_hal_timebase_tim.d ./Core/Src/stm32l4xx_hal_timebase_tim.o ./Core/Src/stm32l4xx_hal_timebase_tim.su ./Core/Src/stm32l4xx_it.d ./Core/Src/stm32l4xx_it.o ./Core/Src/stm32l4xx_it.su ./Core/Src/syscalls.d ./Core/Src/syscalls.o ./Core/Src/syscalls.su ./Core/Src/system_stm32l4xx.d ./Core/Src/system_stm32l4xx.o ./Core/Src/system_stm32l4xx.su
rm -rf basic_segger.elf basic_segger.list basic_segger.map default.size.stdout
 
18:55:21 **** Build of configuration Debug for project basic_segger ****
make -j16 all 
arm-none-eabi-gcc "../ThirdParty/SEGGER/SEGGER/Syscalls/SEGGER_RTT_Syscalls_GCC.c" -mcpu=cortex-m4 -std=gnu11 -g3 -DDEBUG -DUSE_HAL_DRIVER -DSTM32L476xx -c -I../Core/Inc -I"C:/Users/pranj/Pranjal/Github/test_frtos/basic_segger/ThirdParty/SEGGER/Config" -I"C:/Users/pranj/Pranjal/Github/test_frtos/basic_segger/ThirdParty/SEGGER/OS" -I"C:/Users/pranj/Pranjal/Github/test_frtos/basic_segger/ThirdParty/SEGGER/SEGGER" -I"C:/Users/pranj/Pranjal/Github/test_frtos/basic_segger/ThirdParty/FreeRTOS" -I"C:/Users/pranj/Pranjal/Github/test_frtos/basic_segger/ThirdParty/FreeRTOS/include" -I"C:/Users/pranj/Pranjal/Github/test_frtos/basic_segger/ThirdParty/FreeRTOS/portable/GCC/ARM_CM4F" -I../Drivers/STM32L4xx_HAL_Driver/Inc -I../Drivers/STM32L4xx_HAL_Driver/Inc/Legacy -I../Drivers/CMSIS/Device/ST/STM32L4xx/Include -I../Drivers/CMSIS/Include -O0 -ffunction-sections -fdata-sections -Wall -fstack-usage -MMD -MP -MF"ThirdParty/SEGGER/SEGGER/Syscalls/SEGGER_RTT_Syscalls_GCC.d" -MT"ThirdParty/SEGGER/SEGGER/Syscalls/SEGGER_RTT_Syscalls_GCC.o" --specs=nano.specs -mfpu=fpv4-sp-d16 -mfloat-abi=hard -mthumb -o "ThirdParty/SEGGER/SEGGER/Syscalls/SEGGER_RTT_Syscalls_GCC.o"
arm-none-eabi-gcc "../ThirdParty/SEGGER/SEGGER/SEGGER_RTT.c" -mcpu=cortex-m4 -std=gnu11 -g3 -DDEBUG -DUSE_HAL_DRIVER -DSTM32L476xx -c -I../Core/Inc -I"C:/Users/pranj/Pranjal/Github/test_frtos/basic_segger/ThirdParty/SEGGER/Config" -I"C:/Users/pranj/Pranjal/Github/test_frtos/basic_segger/ThirdParty/SEGGER/OS" -I"C:/Users/pranj/Pranjal/Github/test_frtos/basic_segger/ThirdParty/SEGGER/SEGGER" -I"C:/Users/pranj/Pranjal/Github/test_frtos/basic_segger/ThirdParty/FreeRTOS" -I"C:/Users/pranj/Pranjal/Github/test_frtos/basic_segger/ThirdParty/FreeRTOS/include" -I"C:/Users/pranj/Pranjal/Github/test_frtos/basic_segger/ThirdParty/FreeRTOS/portable/GCC/ARM_CM4F" -I../Drivers/STM32L4xx_HAL_Driver/Inc -I../Drivers/STM32L4xx_HAL_Driver/Inc/Legacy -I../Drivers/CMSIS/Device/ST/STM32L4xx/Include -I../Drivers/CMSIS/Include -O0 -ffunction-sections -fdata-sections -Wall -fstack-usage -MMD -MP -MF"ThirdParty/SEGGER/SEGGER/SEGGER_RTT.d" -MT"ThirdParty/SEGGER/SEGGER/SEGGER_RTT.o" --specs=nano.specs -mfpu=fpv4-sp-d16 -mfloat-abi=hard -mthumb -o "ThirdParty/SEGGER/SEGGER/SEGGER_RTT.o"
arm-none-eabi-gcc -mcpu=cortex-m4 -g3 -DDEBUG -c -I"C:/Users/pranj/Pranjal/Github/test_frtos/basic_segger/ThirdParty/SEGGER/Config" -x assembler-with-cpp -MMD -MP -MF"ThirdParty/SEGGER/SEGGER/SEGGER_RTT_ASM_ARMv7M.d" -MT"ThirdParty/SEGGER/SEGGER/SEGGER_RTT_ASM_ARMv7M.o" --specs=nano.specs -mfpu=fpv4-sp-d16 -mfloat-abi=hard -mthumb -o "ThirdParty/SEGGER/SEGGER/SEGGER_RTT_ASM_ARMv7M.o" "../ThirdParty/SEGGER/SEGGER/SEGGER_RTT_ASM_ARMv7M.S"
arm-none-eabi-gcc "../ThirdParty/SEGGER/SEGGER/SEGGER_RTT_printf.c" -mcpu=cortex-m4 -std=gnu11 -g3 -DDEBUG -DUSE_HAL_DRIVER -DSTM32L476xx -c -I../Core/Inc -I"C:/Users/pranj/Pranjal/Github/test_frtos/basic_segger/ThirdParty/SEGGER/Config" -I"C:/Users/pranj/Pranjal/Github/test_frtos/basic_segger/ThirdParty/SEGGER/OS" -I"C:/Users/pranj/Pranjal/Github/test_frtos/basic_segger/ThirdParty/SEGGER/SEGGER" -I"C:/Users/pranj/Pranjal/Github/test_frtos/basic_segger/ThirdParty/FreeRTOS" -I"C:/Users/pranj/Pranjal/Github/test_frtos/basic_segger/ThirdParty/FreeRTOS/include" -I"C:/Users/pranj/Pranjal/Github/test_frtos/basic_segger/ThirdParty/FreeRTOS/portable/GCC/ARM_CM4F" -I../Drivers/STM32L4xx_HAL_Driver/Inc -I../Drivers/STM32L4xx_HAL_Driver/Inc/Legacy -I../Drivers/CMSIS/Device/ST/STM32L4xx/Include -I../Drivers/CMSIS/Include -O0 -ffunction-sections -fdata-sections -Wall -fstack-usage -MMD -MP -MF"ThirdParty/SEGGER/SEGGER/SEGGER_RTT_printf.d" -MT"ThirdParty/SEGGER/SEGGER/SEGGER_RTT_printf.o" --specs=nano.specs -mfpu=fpv4-sp-d16 -mfloat-abi=hard -mthumb -o "ThirdParty/SEGGER/SEGGER/SEGGER_RTT_printf.o"
arm-none-eabi-gcc "../ThirdParty/SEGGER/SEGGER/SEGGER_SYSVIEW.c" -mcpu=cortex-m4 -std=gnu11 -g3 -DDEBUG -DUSE_HAL_DRIVER -DSTM32L476xx -c -I../Core/Inc -I"C:/Users/pranj/Pranjal/Github/test_frtos/basic_segger/ThirdParty/SEGGER/Config" -I"C:/Users/pranj/Pranjal/Github/test_frtos/basic_segger/ThirdParty/SEGGER/OS" -I"C:/Users/pranj/Pranjal/Github/test_frtos/basic_segger/ThirdParty/SEGGER/SEGGER" -I"C:/Users/pranj/Pranjal/Github/test_frtos/basic_segger/ThirdParty/FreeRTOS" -I"C:/Users/pranj/Pranjal/Github/test_frtos/basic_segger/ThirdParty/FreeRTOS/include" -I"C:/Users/pranj/Pranjal/Github/test_frtos/basic_segger/ThirdParty/FreeRTOS/portable/GCC/ARM_CM4F" -I../Drivers/STM32L4xx_HAL_Driver/Inc -I../Drivers/STM32L4xx_HAL_Driver/Inc/Legacy -I../Drivers/CMSIS/Device/ST/STM32L4xx/Include -I../Drivers/CMSIS/Include -O0 -ffunction-sections -fdata-sections -Wall -fstack-usage -MMD -MP -MF"ThirdParty/SEGGER/SEGGER/SEGGER_SYSVIEW.d" -MT"ThirdParty/SEGGER/SEGGER/SEGGER_SYSVIEW.o" --specs=nano.specs -mfpu=fpv4-sp-d16 -mfloat-abi=hard -mthumb -o "ThirdParty/SEGGER/SEGGER/SEGGER_SYSVIEW.o"
arm-none-eabi-gcc "../ThirdParty/SEGGER/OS/SEGGER_SYSVIEW_FreeRTOS.c" -mcpu=cortex-m4 -std=gnu11 -g3 -DDEBUG -DUSE_HAL_DRIVER -DSTM32L476xx -c -I../Core/Inc -I"C:/Users/pranj/Pranjal/Github/test_frtos/basic_segger/ThirdParty/SEGGER/Config" -I"C:/Users/pranj/Pranjal/Github/test_frtos/basic_segger/ThirdParty/SEGGER/OS" -I"C:/Users/pranj/Pranjal/Github/test_frtos/basic_segger/ThirdParty/SEGGER/SEGGER" -I"C:/Users/pranj/Pranjal/Github/test_frtos/basic_segger/ThirdParty/FreeRTOS" -I"C:/Users/pranj/Pranjal/Github/test_frtos/basic_segger/ThirdParty/FreeRTOS/include" -I"C:/Users/pranj/Pranjal/Github/test_frtos/basic_segger/ThirdParty/FreeRTOS/portable/GCC/ARM_CM4F" -I../Drivers/STM32L4xx_HAL_Driver/Inc -I../Drivers/STM32L4xx_HAL_Driver/Inc/Legacy -I../Drivers/CMSIS/Device/ST/STM32L4xx/Include -I../Drivers/CMSIS/Include -O0 -ffunction-sections -fdata-sections -Wall -fstack-usage -MMD -MP -MF"ThirdParty/SEGGER/OS/SEGGER_SYSVIEW_FreeRTOS.d" -MT"ThirdParty/SEGGER/OS/SEGGER_SYSVIEW_FreeRTOS.o" --specs=nano.specs -mfpu=fpv4-sp-d16 -mfloat-abi=hard -mthumb -o "ThirdParty/SEGGER/OS/SEGGER_SYSVIEW_FreeRTOS.o"
arm-none-eabi-gcc "../ThirdParty/SEGGER/Config/SEGGER_SYSVIEW_Config_FreeRTOS.c" -mcpu=cortex-m4 -std=gnu11 -g3 -DDEBUG -DUSE_HAL_DRIVER -DSTM32L476xx -c -I../Core/Inc -I"C:/Users/pranj/Pranjal/Github/test_frtos/basic_segger/ThirdParty/SEGGER/Config" -I"C:/Users/pranj/Pranjal/Github/test_frtos/basic_segger/ThirdParty/SEGGER/OS" -I"C:/Users/pranj/Pranjal/Github/test_frtos/basic_segger/ThirdParty/SEGGER/SEGGER" -I"C:/Users/pranj/Pranjal/Github/test_frtos/basic_segger/ThirdParty/FreeRTOS" -I"C:/Users/pranj/Pranjal/Github/test_frtos/basic_segger/ThirdParty/FreeRTOS/include" -I"C:/Users/pranj/Pranjal/Github/test_frtos/basic_segger/ThirdParty/FreeRTOS/portable/GCC/ARM_CM4F" -I../Drivers/STM32L4xx_HAL_Driver/Inc -I../Drivers/STM32L4xx_HAL_Driver/Inc/Legacy -I../Drivers/CMSIS/Device/ST/STM32L4xx/Include -I../Drivers/CMSIS/Include -O0 -ffunction-sections -fdata-sections -Wall -fstack-usage -MMD -MP -MF"ThirdParty/SEGGER/Config/SEGGER_SYSVIEW_Config_FreeRTOS.d" -MT"ThirdParty/SEGGER/Config/SEGGER_SYSVIEW_Config_FreeRTOS.o" --specs=nano.specs -mfpu=fpv4-sp-d16 -mfloat-abi=hard -mthumb -o "ThirdParty/SEGGER/Config/SEGGER_SYSVIEW_Config_FreeRTOS.o"
arm-none-eabi-gcc "../ThirdParty/FreeRTOS/portable/MemMang/heap_4.c" -mcpu=cortex-m4 -std=gnu11 -g3 -DDEBUG -DUSE_HAL_DRIVER -DSTM32L476xx -c -I../Core/Inc -I"C:/Users/pranj/Pranjal/Github/test_frtos/basic_segger/ThirdParty/SEGGER/Config" -I"C:/Users/pranj/Pranjal/Github/test_frtos/basic_segger/ThirdParty/SEGGER/OS" -I"C:/Users/pranj/Pranjal/Github/test_frtos/basic_segger/ThirdParty/SEGGER/SEGGER" -I"C:/Users/pranj/Pranjal/Github/test_frtos/basic_segger/ThirdParty/FreeRTOS" -I"C:/Users/pranj/Pranjal/Github/test_frtos/basic_segger/ThirdParty/FreeRTOS/include" -I"C:/Users/pranj/Pranjal/Github/test_frtos/basic_segger/ThirdParty/FreeRTOS/portable/GCC/ARM_CM4F" -I../Drivers/STM32L4xx_HAL_Driver/Inc -I../Drivers/STM32L4xx_HAL_Driver/Inc/Legacy -I../Drivers/CMSIS/Device/ST/STM32L4xx/Include -I../Drivers/CMSIS/Include -O0 -ffunction-sections -fdata-sections -Wall -fstack-usage -MMD -MP -MF"ThirdParty/FreeRTOS/portable/MemMang/heap_4.d" -MT"ThirdParty/FreeRTOS/portable/MemMang/heap_4.o" --specs=nano.specs -mfpu=fpv4-sp-d16 -mfloat-abi=hard -mthumb -o "ThirdParty/FreeRTOS/portable/MemMang/heap_4.o"
arm-none-eabi-gcc "../ThirdParty/FreeRTOS/portable/GCC/ARM_CM4F/port.c" -mcpu=cortex-m4 -std=gnu11 -g3 -DDEBUG -DUSE_HAL_DRIVER -DSTM32L476xx -c -I../Core/Inc -I"C:/Users/pranj/Pranjal/Github/test_frtos/basic_segger/ThirdParty/SEGGER/Config" -I"C:/Users/pranj/Pranjal/Github/test_frtos/basic_segger/ThirdParty/SEGGER/OS" -I"C:/Users/pranj/Pranjal/Github/test_frtos/basic_segger/ThirdParty/SEGGER/SEGGER" -I"C:/Users/pranj/Pranjal/Github/test_frtos/basic_segger/ThirdParty/FreeRTOS" -I"C:/Users/pranj/Pranjal/Github/test_frtos/basic_segger/ThirdParty/FreeRTOS/include" -I"C:/Users/pranj/Pranjal/Github/test_frtos/basic_segger/ThirdParty/FreeRTOS/portable/GCC/ARM_CM4F" -I../Drivers/STM32L4xx_HAL_Driver/Inc -I../Drivers/STM32L4xx_HAL_Driver/Inc/Legacy -I../Drivers/CMSIS/Device/ST/STM32L4xx/Include -I../Drivers/CMSIS/Include -O0 -ffunction-sections -fdata-sections -Wall -fstack-usage -MMD -MP -MF"ThirdParty/FreeRTOS/portable/GCC/ARM_CM4F/port.d" -MT"ThirdParty/FreeRTOS/portable/GCC/ARM_CM4F/port.o" --specs=nano.specs -mfpu=fpv4-sp-d16 -mfloat-abi=hard -mthumb -o "ThirdParty/FreeRTOS/portable/GCC/ARM_CM4F/port.o"
arm-none-eabi-gcc "../ThirdParty/FreeRTOS/croutine.c" -mcpu=cortex-m4 -std=gnu11 -g3 -DDEBUG -DUSE_HAL_DRIVER -DSTM32L476xx -c -I../Core/Inc -I"C:/Users/pranj/Pranjal/Github/test_frtos/basic_segger/ThirdParty/SEGGER/Config" -I"C:/Users/pranj/Pranjal/Github/test_frtos/basic_segger/ThirdParty/SEGGER/OS" -I"C:/Users/pranj/Pranjal/Github/test_frtos/basic_segger/ThirdParty/SEGGER/SEGGER" -I"C:/Users/pranj/Pranjal/Github/test_frtos/basic_segger/ThirdParty/FreeRTOS" -I"C:/Users/pranj/Pranjal/Github/test_frtos/basic_segger/ThirdParty/FreeRTOS/include" -I"C:/Users/pranj/Pranjal/Github/test_frtos/basic_segger/ThirdParty/FreeRTOS/portable/GCC/ARM_CM4F" -I../Drivers/STM32L4xx_HAL_Driver/Inc -I../Drivers/STM32L4xx_HAL_Driver/Inc/Legacy -I../Drivers/CMSIS/Device/ST/STM32L4xx/Include -I../Drivers/CMSIS/Include -O0 -ffunction-sections -fdata-sections -Wall -fstack-usage -MMD -MP -MF"ThirdParty/FreeRTOS/croutine.d" -MT"ThirdParty/FreeRTOS/croutine.o" --specs=nano.specs -mfpu=fpv4-sp-d16 -mfloat-abi=hard -mthumb -o "ThirdParty/FreeRTOS/croutine.o"
arm-none-eabi-gcc "../ThirdParty/FreeRTOS/event_groups.c" -mcpu=cortex-m4 -std=gnu11 -g3 -DDEBUG -DUSE_HAL_DRIVER -DSTM32L476xx -c -I../Core/Inc -I"C:/Users/pranj/Pranjal/Github/test_frtos/basic_segger/ThirdParty/SEGGER/Config" -I"C:/Users/pranj/Pranjal/Github/test_frtos/basic_segger/ThirdParty/SEGGER/OS" -I"C:/Users/pranj/Pranjal/Github/test_frtos/basic_segger/ThirdParty/SEGGER/SEGGER" -I"C:/Users/pranj/Pranjal/Github/test_frtos/basic_segger/ThirdParty/FreeRTOS" -I"C:/Users/pranj/Pranjal/Github/test_frtos/basic_segger/ThirdParty/FreeRTOS/include" -I"C:/Users/pranj/Pranjal/Github/test_frtos/basic_segger/ThirdParty/FreeRTOS/portable/GCC/ARM_CM4F" -I../Drivers/STM32L4xx_HAL_Driver/Inc -I../Drivers/STM32L4xx_HAL_Driver/Inc/Legacy -I../Drivers/CMSIS/Device/ST/STM32L4xx/Include -I../Drivers/CMSIS/Include -O0 -ffunction-sections -fdata-sections -Wall -fstack-usage -MMD -MP -MF"ThirdParty/FreeRTOS/event_groups.d" -MT"ThirdParty/FreeRTOS/event_groups.o" --specs=nano.specs -mfpu=fpv4-sp-d16 -mfloat-abi=hard -mthumb -o "ThirdParty/FreeRTOS/event_groups.o"
arm-none-eabi-gcc "../ThirdParty/FreeRTOS/list.c" -mcpu=cortex-m4 -std=gnu11 -g3 -DDEBUG -DUSE_HAL_DRIVER -DSTM32L476xx -c -I../Core/Inc -I"C:/Users/pranj/Pranjal/Github/test_frtos/basic_segger/ThirdParty/SEGGER/Config" -I"C:/Users/pranj/Pranjal/Github/test_frtos/basic_segger/ThirdParty/SEGGER/OS" -I"C:/Users/pranj/Pranjal/Github/test_frtos/basic_segger/ThirdParty/SEGGER/SEGGER" -I"C:/Users/pranj/Pranjal/Github/test_frtos/basic_segger/ThirdParty/FreeRTOS" -I"C:/Users/pranj/Pranjal/Github/test_frtos/basic_segger/ThirdParty/FreeRTOS/include" -I"C:/Users/pranj/Pranjal/Github/test_frtos/basic_segger/ThirdParty/FreeRTOS/portable/GCC/ARM_CM4F" -I../Drivers/STM32L4xx_HAL_Driver/Inc -I../Drivers/STM32L4xx_HAL_Driver/Inc/Legacy -I../Drivers/CMSIS/Device/ST/STM32L4xx/Include -I../Drivers/CMSIS/Include -O0 -ffunction-sections -fdata-sections -Wall -fstack-usage -MMD -MP -MF"ThirdParty/FreeRTOS/list.d" -MT"ThirdParty/FreeRTOS/list.o" --specs=nano.specs -mfpu=fpv4-sp-d16 -mfloat-abi=hard -mthumb -o "ThirdParty/FreeRTOS/list.o"
arm-none-eabi-gcc "../ThirdParty/FreeRTOS/queue.c" -mcpu=cortex-m4 -std=gnu11 -g3 -DDEBUG -DUSE_HAL_DRIVER -DSTM32L476xx -c -I../Core/Inc -I"C:/Users/pranj/Pranjal/Github/test_frtos/basic_segger/ThirdParty/SEGGER/Config" -I"C:/Users/pranj/Pranjal/Github/test_frtos/basic_segger/ThirdParty/SEGGER/OS" -I"C:/Users/pranj/Pranjal/Github/test_frtos/basic_segger/ThirdParty/SEGGER/SEGGER" -I"C:/Users/pranj/Pranjal/Github/test_frtos/basic_segger/ThirdParty/FreeRTOS" -I"C:/Users/pranj/Pranjal/Github/test_frtos/basic_segger/ThirdParty/FreeRTOS/include" -I"C:/Users/pranj/Pranjal/Github/test_frtos/basic_segger/ThirdParty/FreeRTOS/portable/GCC/ARM_CM4F" -I../Drivers/STM32L4xx_HAL_Driver/Inc -I../Drivers/STM32L4xx_HAL_Driver/Inc/Legacy -I../Drivers/CMSIS/Device/ST/STM32L4xx/Include -I../Drivers/CMSIS/Include -O0 -ffunction-sections -fdata-sections -Wall -fstack-usage -MMD -MP -MF"ThirdParty/FreeRTOS/queue.d" -MT"ThirdParty/FreeRTOS/queue.o" --specs=nano.specs -mfpu=fpv4-sp-d16 -mfloat-abi=hard -mthumb -o "ThirdParty/FreeRTOS/queue.o"
arm-none-eabi-gcc "../ThirdParty/FreeRTOS/stream_buffer.c" -mcpu=cortex-m4 -std=gnu11 -g3 -DDEBUG -DUSE_HAL_DRIVER -DSTM32L476xx -c -I../Core/Inc -I"C:/Users/pranj/Pranjal/Github/test_frtos/basic_segger/ThirdParty/SEGGER/Config" -I"C:/Users/pranj/Pranjal/Github/test_frtos/basic_segger/ThirdParty/SEGGER/OS" -I"C:/Users/pranj/Pranjal/Github/test_frtos/basic_segger/ThirdParty/SEGGER/SEGGER" -I"C:/Users/pranj/Pranjal/Github/test_frtos/basic_segger/ThirdParty/FreeRTOS" -I"C:/Users/pranj/Pranjal/Github/test_frtos/basic_segger/ThirdParty/FreeRTOS/include" -I"C:/Users/pranj/Pranjal/Github/test_frtos/basic_segger/ThirdParty/FreeRTOS/portable/GCC/ARM_CM4F" -I../Drivers/STM32L4xx_HAL_Driver/Inc -I../Drivers/STM32L4xx_HAL_Driver/Inc/Legacy -I../Drivers/CMSIS/Device/ST/STM32L4xx/Include -I../Drivers/CMSIS/Include -O0 -ffunction-sections -fdata-sections -Wall -fstack-usage -MMD -MP -MF"ThirdParty/FreeRTOS/stream_buffer.d" -MT"ThirdParty/FreeRTOS/stream_buffer.o" --specs=nano.specs -mfpu=fpv4-sp-d16 -mfloat-abi=hard -mthumb -o "ThirdParty/FreeRTOS/stream_buffer.o"
arm-none-eabi-gcc "../ThirdParty/FreeRTOS/tasks.c" -mcpu=cortex-m4 -std=gnu11 -g3 -DDEBUG -DUSE_HAL_DRIVER -DSTM32L476xx -c -I../Core/Inc -I"C:/Users/pranj/Pranjal/Github/test_frtos/basic_segger/ThirdParty/SEGGER/Config" -I"C:/Users/pranj/Pranjal/Github/test_frtos/basic_segger/ThirdParty/SEGGER/OS" -I"C:/Users/pranj/Pranjal/Github/test_frtos/basic_segger/ThirdParty/SEGGER/SEGGER" -I"C:/Users/pranj/Pranjal/Github/test_frtos/basic_segger/ThirdParty/FreeRTOS" -I"C:/Users/pranj/Pranjal/Github/test_frtos/basic_segger/ThirdParty/FreeRTOS/include" -I"C:/Users/pranj/Pranjal/Github/test_frtos/basic_segger/ThirdParty/FreeRTOS/portable/GCC/ARM_CM4F" -I../Drivers/STM32L4xx_HAL_Driver/Inc -I../Drivers/STM32L4xx_HAL_Driver/Inc/Legacy -I../Drivers/CMSIS/Device/ST/STM32L4xx/Include -I../Drivers/CMSIS/Include -O0 -ffunction-sections -fdata-sections -Wall -fstack-usage -MMD -MP -MF"ThirdParty/FreeRTOS/tasks.d" -MT"ThirdParty/FreeRTOS/tasks.o" --specs=nano.specs -mfpu=fpv4-sp-d16 -mfloat-abi=hard -mthumb -o "ThirdParty/FreeRTOS/tasks.o"
arm-none-eabi-gcc "../ThirdParty/FreeRTOS/timers.c" -mcpu=cortex-m4 -std=gnu11 -g3 -DDEBUG -DUSE_HAL_DRIVER -DSTM32L476xx -c -I../Core/Inc -I"C:/Users/pranj/Pranjal/Github/test_frtos/basic_segger/ThirdParty/SEGGER/Config" -I"C:/Users/pranj/Pranjal/Github/test_frtos/basic_segger/ThirdParty/SEGGER/OS" -I"C:/Users/pranj/Pranjal/Github/test_frtos/basic_segger/ThirdParty/SEGGER/SEGGER" -I"C:/Users/pranj/Pranjal/Github/test_frtos/basic_segger/ThirdParty/FreeRTOS" -I"C:/Users/pranj/Pranjal/Github/test_frtos/basic_segger/ThirdParty/FreeRTOS/include" -I"C:/Users/pranj/Pranjal/Github/test_frtos/basic_segger/ThirdParty/FreeRTOS/portable/GCC/ARM_CM4F" -I../Drivers/STM32L4xx_HAL_Driver/Inc -I../Drivers/STM32L4xx_HAL_Driver/Inc/Legacy -I../Drivers/CMSIS/Device/ST/STM32L4xx/Include -I../Drivers/CMSIS/Include -O0 -ffunction-sections -fdata-sections -Wall -fstack-usage -MMD -MP -MF"ThirdParty/FreeRTOS/timers.d" -MT"ThirdParty/FreeRTOS/timers.o" --specs=nano.specs -mfpu=fpv4-sp-d16 -mfloat-abi=hard -mthumb -o "ThirdParty/FreeRTOS/timers.o"
arm-none-eabi-gcc "../Drivers/STM32L4xx_HAL_Driver/Src/stm32l4xx_hal.c" -mcpu=cortex-m4 -std=gnu11 -g3 -DDEBUG -DUSE_HAL_DRIVER -DSTM32L476xx -c -I../Core/Inc -I"C:/Users/pranj/Pranjal/Github/test_frtos/basic_segger/ThirdParty/SEGGER/Config" -I"C:/Users/pranj/Pranjal/Github/test_frtos/basic_segger/ThirdParty/SEGGER/OS" -I"C:/Users/pranj/Pranjal/Github/test_frtos/basic_segger/ThirdParty/SEGGER/SEGGER" -I"C:/Users/pranj/Pranjal/Github/test_frtos/basic_segger/ThirdParty/FreeRTOS" -I"C:/Users/pranj/Pranjal/Github/test_frtos/basic_segger/ThirdParty/FreeRTOS/include" -I"C:/Users/pranj/Pranjal/Github/test_frtos/basic_segger/ThirdParty/FreeRTOS/portable/GCC/ARM_CM4F" -I../Drivers/STM32L4xx_HAL_Driver/Inc -I../Drivers/STM32L4xx_HAL_Driver/Inc/Legacy -I../Drivers/CMSIS/Device/ST/STM32L4xx/Include -I../Drivers/CMSIS/Include -O0 -ffunction-sections -fdata-sections -Wall -fstack-usage -MMD -MP -MF"Drivers/STM32L4xx_HAL_Driver/Src/stm32l4xx_hal.d" -MT"Drivers/STM32L4xx_HAL_Driver/Src/stm32l4xx_hal.o" --specs=nano.specs -mfpu=fpv4-sp-d16 -mfloat-abi=hard -mthumb -o "Drivers/STM32L4xx_HAL_Driver/Src/stm32l4xx_hal.o"
arm-none-eabi-gcc "../Drivers/STM32L4xx_HAL_Driver/Src/stm32l4xx_hal_cortex.c" -mcpu=cortex-m4 -std=gnu11 -g3 -DDEBUG -DUSE_HAL_DRIVER -DSTM32L476xx -c -I../Core/Inc -I"C:/Users/pranj/Pranjal/Github/test_frtos/basic_segger/ThirdParty/SEGGER/Config" -I"C:/Users/pranj/Pranjal/Github/test_frtos/basic_segger/ThirdParty/SEGGER/OS" -I"C:/Users/pranj/Pranjal/Github/test_frtos/basic_segger/ThirdParty/SEGGER/SEGGER" -I"C:/Users/pranj/Pranjal/Github/test_frtos/basic_segger/ThirdParty/FreeRTOS" -I"C:/Users/pranj/Pranjal/Github/test_frtos/basic_segger/ThirdParty/FreeRTOS/include" -I"C:/Users/pranj/Pranjal/Github/test_frtos/basic_segger/ThirdParty/FreeRTOS/portable/GCC/ARM_CM4F" -I../Drivers/STM32L4xx_HAL_Driver/Inc -I../Drivers/STM32L4xx_HAL_Driver/Inc/Legacy -I../Drivers/CMSIS/Device/ST/STM32L4xx/Include -I../Drivers/CMSIS/Include -O0 -ffunction-sections -fdata-sections -Wall -fstack-usage -MMD -MP -MF"Drivers/STM32L4xx_HAL_Driver/Src/stm32l4xx_hal_cortex.d" -MT"Drivers/STM32L4xx_HAL_Driver/Src/stm32l4xx_hal_cortex.o" --specs=nano.specs -mfpu=fpv4-sp-d16 -mfloat-abi=hard -mthumb -o "Drivers/STM32L4xx_HAL_Driver/Src/stm32l4xx_hal_cortex.o"
arm-none-eabi-gcc "../Drivers/STM32L4xx_HAL_Driver/Src/stm32l4xx_hal_dma.c" -mcpu=cortex-m4 -std=gnu11 -g3 -DDEBUG -DUSE_HAL_DRIVER -DSTM32L476xx -c -I../Core/Inc -I"C:/Users/pranj/Pranjal/Github/test_frtos/basic_segger/ThirdParty/SEGGER/Config" -I"C:/Users/pranj/Pranjal/Github/test_frtos/basic_segger/ThirdParty/SEGGER/OS" -I"C:/Users/pranj/Pranjal/Github/test_frtos/basic_segger/ThirdParty/SEGGER/SEGGER" -I"C:/Users/pranj/Pranjal/Github/test_frtos/basic_segger/ThirdParty/FreeRTOS" -I"C:/Users/pranj/Pranjal/Github/test_frtos/basic_segger/ThirdParty/FreeRTOS/include" -I"C:/Users/pranj/Pranjal/Github/test_frtos/basic_segger/ThirdParty/FreeRTOS/portable/GCC/ARM_CM4F" -I../Drivers/STM32L4xx_HAL_Driver/Inc -I../Drivers/STM32L4xx_HAL_Driver/Inc/Legacy -I../Drivers/CMSIS/Device/ST/STM32L4xx/Include -I../Drivers/CMSIS/Include -O0 -ffunction-sections -fdata-sections -Wall -fstack-usage -MMD -MP -MF"Drivers/STM32L4xx_HAL_Driver/Src/stm32l4xx_hal_dma.d" -MT"Drivers/STM32L4xx_HAL_Driver/Src/stm32l4xx_hal_dma.o" --specs=nano.specs -mfpu=fpv4-sp-d16 -mfloat-abi=hard -mthumb -o "Drivers/STM32L4xx_HAL_Driver/Src/stm32l4xx_hal_dma.o"
arm-none-eabi-gcc "../Drivers/STM32L4xx_HAL_Driver/Src/stm32l4xx_hal_dma_ex.c" -mcpu=cortex-m4 -std=gnu11 -g3 -DDEBUG -DUSE_HAL_DRIVER -DSTM32L476xx -c -I../Core/Inc -I"C:/Users/pranj/Pranjal/Github/test_frtos/basic_segger/ThirdParty/SEGGER/Config" -I"C:/Users/pranj/Pranjal/Github/test_frtos/basic_segger/ThirdParty/SEGGER/OS" -I"C:/Users/pranj/Pranjal/Github/test_frtos/basic_segger/ThirdParty/SEGGER/SEGGER" -I"C:/Users/pranj/Pranjal/Github/test_frtos/basic_segger/ThirdParty/FreeRTOS" -I"C:/Users/pranj/Pranjal/Github/test_frtos/basic_segger/ThirdParty/FreeRTOS/include" -I"C:/Users/pranj/Pranjal/Github/test_frtos/basic_segger/ThirdParty/FreeRTOS/portable/GCC/ARM_CM4F" -I../Drivers/STM32L4xx_HAL_Driver/Inc -I../Drivers/STM32L4xx_HAL_Driver/Inc/Legacy -I../Drivers/CMSIS/Device/ST/STM32L4xx/Include -I../Drivers/CMSIS/Include -O0 -ffunction-sections -fdata-sections -Wall -fstack-usage -MMD -MP -MF"Drivers/STM32L4xx_HAL_Driver/Src/stm32l4xx_hal_dma_ex.d" -MT"Drivers/STM32L4xx_HAL_Driver/Src/stm32l4xx_hal_dma_ex.o" --specs=nano.specs -mfpu=fpv4-sp-d16 -mfloat-abi=hard -mthumb -o "Drivers/STM32L4xx_HAL_Driver/Src/stm32l4xx_hal_dma_ex.o"
arm-none-eabi-gcc "../Drivers/STM32L4xx_HAL_Driver/Src/stm32l4xx_hal_exti.c" -mcpu=cortex-m4 -std=gnu11 -g3 -DDEBUG -DUSE_HAL_DRIVER -DSTM32L476xx -c -I../Core/Inc -I"C:/Users/pranj/Pranjal/Github/test_frtos/basic_segger/ThirdParty/SEGGER/Config" -I"C:/Users/pranj/Pranjal/Github/test_frtos/basic_segger/ThirdParty/SEGGER/OS" -I"C:/Users/pranj/Pranjal/Github/test_frtos/basic_segger/ThirdParty/SEGGER/SEGGER" -I"C:/Users/pranj/Pranjal/Github/test_frtos/basic_segger/ThirdParty/FreeRTOS" -I"C:/Users/pranj/Pranjal/Github/test_frtos/basic_segger/ThirdParty/FreeRTOS/include" -I"C:/Users/pranj/Pranjal/Github/test_frtos/basic_segger/ThirdParty/FreeRTOS/portable/GCC/ARM_CM4F" -I../Drivers/STM32L4xx_HAL_Driver/Inc -I../Drivers/STM32L4xx_HAL_Driver/Inc/Legacy -I../Drivers/CMSIS/Device/ST/STM32L4xx/Include -I../Drivers/CMSIS/Include -O0 -ffunction-sections -fdata-sections -Wall -fstack-usage -MMD -MP -MF"Drivers/STM32L4xx_HAL_Driver/Src/stm32l4xx_hal_exti.d" -MT"Drivers/STM32L4xx_HAL_Driver/Src/stm32l4xx_hal_exti.o" --specs=nano.specs -mfpu=fpv4-sp-d16 -mfloat-abi=hard -mthumb -o "Drivers/STM32L4xx_HAL_Driver/Src/stm32l4xx_hal_exti.o"
arm-none-eabi-gcc "../Drivers/STM32L4xx_HAL_Driver/Src/stm32l4xx_hal_flash.c" -mcpu=cortex-m4 -std=gnu11 -g3 -DDEBUG -DUSE_HAL_DRIVER -DSTM32L476xx -c -I../Core/Inc -I"C:/Users/pranj/Pranjal/Github/test_frtos/basic_segger/ThirdParty/SEGGER/Config" -I"C:/Users/pranj/Pranjal/Github/test_frtos/basic_segger/ThirdParty/SEGGER/OS" -I"C:/Users/pranj/Pranjal/Github/test_frtos/basic_segger/ThirdParty/SEGGER/SEGGER" -I"C:/Users/pranj/Pranjal/Github/test_frtos/basic_segger/ThirdParty/FreeRTOS" -I"C:/Users/pranj/Pranjal/Github/test_frtos/basic_segger/ThirdParty/FreeRTOS/include" -I"C:/Users/pranj/Pranjal/Github/test_frtos/basic_segger/ThirdParty/FreeRTOS/portable/GCC/ARM_CM4F" -I../Drivers/STM32L4xx_HAL_Driver/Inc -I../Drivers/STM32L4xx_HAL_Driver/Inc/Legacy -I../Drivers/CMSIS/Device/ST/STM32L4xx/Include -I../Drivers/CMSIS/Include -O0 -ffunction-sections -fdata-sections -Wall -fstack-usage -MMD -MP -MF"Drivers/STM32L4xx_HAL_Driver/Src/stm32l4xx_hal_flash.d" -MT"Drivers/STM32L4xx_HAL_Driver/Src/stm32l4xx_hal_flash.o" --specs=nano.specs -mfpu=fpv4-sp-d16 -mfloat-abi=hard -mthumb -o "Drivers/STM32L4xx_HAL_Driver/Src/stm32l4xx_hal_flash.o"
arm-none-eabi-gcc "../Drivers/STM32L4xx_HAL_Driver/Src/stm32l4xx_hal_flash_ex.c" -mcpu=cortex-m4 -std=gnu11 -g3 -DDEBUG -DUSE_HAL_DRIVER -DSTM32L476xx -c -I../Core/Inc -I"C:/Users/pranj/Pranjal/Github/test_frtos/basic_segger/ThirdParty/SEGGER/Config" -I"C:/Users/pranj/Pranjal/Github/test_frtos/basic_segger/ThirdParty/SEGGER/OS" -I"C:/Users/pranj/Pranjal/Github/test_frtos/basic_segger/ThirdParty/SEGGER/SEGGER" -I"C:/Users/pranj/Pranjal/Github/test_frtos/basic_segger/ThirdParty/FreeRTOS" -I"C:/Users/pranj/Pranjal/Github/test_frtos/basic_segger/ThirdParty/FreeRTOS/include" -I"C:/Users/pranj/Pranjal/Github/test_frtos/basic_segger/ThirdParty/FreeRTOS/portable/GCC/ARM_CM4F" -I../Drivers/STM32L4xx_HAL_Driver/Inc -I../Drivers/STM32L4xx_HAL_Driver/Inc/Legacy -I../Drivers/CMSIS/Device/ST/STM32L4xx/Include -I../Drivers/CMSIS/Include -O0 -ffunction-sections -fdata-sections -Wall -fstack-usage -MMD -MP -MF"Drivers/STM32L4xx_HAL_Driver/Src/stm32l4xx_hal_flash_ex.d" -MT"Drivers/STM32L4xx_HAL_Driver/Src/stm32l4xx_hal_flash_ex.o" --specs=nano.specs -mfpu=fpv4-sp-d16 -mfloat-abi=hard -mthumb -o "Drivers/STM32L4xx_HAL_Driver/Src/stm32l4xx_hal_flash_ex.o"
arm-none-eabi-gcc "../Drivers/STM32L4xx_HAL_Driver/Src/stm32l4xx_hal_flash_ramfunc.c" -mcpu=cortex-m4 -std=gnu11 -g3 -DDEBUG -DUSE_HAL_DRIVER -DSTM32L476xx -c -I../Core/Inc -I"C:/Users/pranj/Pranjal/Github/test_frtos/basic_segger/ThirdParty/SEGGER/Config" -I"C:/Users/pranj/Pranjal/Github/test_frtos/basic_segger/ThirdParty/SEGGER/OS" -I"C:/Users/pranj/Pranjal/Github/test_frtos/basic_segger/ThirdParty/SEGGER/SEGGER" -I"C:/Users/pranj/Pranjal/Github/test_frtos/basic_segger/ThirdParty/FreeRTOS" -I"C:/Users/pranj/Pranjal/Github/test_frtos/basic_segger/ThirdParty/FreeRTOS/include" -I"C:/Users/pranj/Pranjal/Github/test_frtos/basic_segger/ThirdParty/FreeRTOS/portable/GCC/ARM_CM4F" -I../Drivers/STM32L4xx_HAL_Driver/Inc -I../Drivers/STM32L4xx_HAL_Driver/Inc/Legacy -I../Drivers/CMSIS/Device/ST/STM32L4xx/Include -I../Drivers/CMSIS/Include -O0 -ffunction-sections -fdata-sections -Wall -fstack-usage -MMD -MP -MF"Drivers/STM32L4xx_HAL_Driver/Src/stm32l4xx_hal_flash_ramfunc.d" -MT"Drivers/STM32L4xx_HAL_Driver/Src/stm32l4xx_hal_flash_ramfunc.o" --specs=nano.specs -mfpu=fpv4-sp-d16 -mfloat-abi=hard -mthumb -o "Drivers/STM32L4xx_HAL_Driver/Src/stm32l4xx_hal_flash_ramfunc.o"
arm-none-eabi-gcc "../Drivers/STM32L4xx_HAL_Driver/Src/stm32l4xx_hal_gpio.c" -mcpu=cortex-m4 -std=gnu11 -g3 -DDEBUG -DUSE_HAL_DRIVER -DSTM32L476xx -c -I../Core/Inc -I"C:/Users/pranj/Pranjal/Github/test_frtos/basic_segger/ThirdParty/SEGGER/Config" -I"C:/Users/pranj/Pranjal/Github/test_frtos/basic_segger/ThirdParty/SEGGER/OS" -I"C:/Users/pranj/Pranjal/Github/test_frtos/basic_segger/ThirdParty/SEGGER/SEGGER" -I"C:/Users/pranj/Pranjal/Github/test_frtos/basic_segger/ThirdParty/FreeRTOS" -I"C:/Users/pranj/Pranjal/Github/test_frtos/basic_segger/ThirdParty/FreeRTOS/include" -I"C:/Users/pranj/Pranjal/Github/test_frtos/basic_segger/ThirdParty/FreeRTOS/portable/GCC/ARM_CM4F" -I../Drivers/STM32L4xx_HAL_Driver/Inc -I../Drivers/STM32L4xx_HAL_Driver/Inc/Legacy -I../Drivers/CMSIS/Device/ST/STM32L4xx/Include -I../Drivers/CMSIS/Include -O0 -ffunction-sections -fdata-sections -Wall -fstack-usage -MMD -MP -MF"Drivers/STM32L4xx_HAL_Driver/Src/stm32l4xx_hal_gpio.d" -MT"Drivers/STM32L4xx_HAL_Driver/Src/stm32l4xx_hal_gpio.o" --specs=nano.specs -mfpu=fpv4-sp-d16 -mfloat-abi=hard -mthumb -o "Drivers/STM32L4xx_HAL_Driver/Src/stm32l4xx_hal_gpio.o"
arm-none-eabi-gcc "../Drivers/STM32L4xx_HAL_Driver/Src/stm32l4xx_hal_pwr.c" -mcpu=cortex-m4 -std=gnu11 -g3 -DDEBUG -DUSE_HAL_DRIVER -DSTM32L476xx -c -I../Core/Inc -I"C:/Users/pranj/Pranjal/Github/test_frtos/basic_segger/ThirdParty/SEGGER/Config" -I"C:/Users/pranj/Pranjal/Github/test_frtos/basic_segger/ThirdParty/SEGGER/OS" -I"C:/Users/pranj/Pranjal/Github/test_frtos/basic_segger/ThirdParty/SEGGER/SEGGER" -I"C:/Users/pranj/Pranjal/Github/test_frtos/basic_segger/ThirdParty/FreeRTOS" -I"C:/Users/pranj/Pranjal/Github/test_frtos/basic_segger/ThirdParty/FreeRTOS/include" -I"C:/Users/pranj/Pranjal/Github/test_frtos/basic_segger/ThirdParty/FreeRTOS/portable/GCC/ARM_CM4F" -I../Drivers/STM32L4xx_HAL_Driver/Inc -I../Drivers/STM32L4xx_HAL_Driver/Inc/Legacy -I../Drivers/CMSIS/Device/ST/STM32L4xx/Include -I../Drivers/CMSIS/Include -O0 -ffunction-sections -fdata-sections -Wall -fstack-usage -MMD -MP -MF"Drivers/STM32L4xx_HAL_Driver/Src/stm32l4xx_hal_pwr.d" -MT"Drivers/STM32L4xx_HAL_Driver/Src/stm32l4xx_hal_pwr.o" --specs=nano.specs -mfpu=fpv4-sp-d16 -mfloat-abi=hard -mthumb -o "Drivers/STM32L4xx_HAL_Driver/Src/stm32l4xx_hal_pwr.o"
arm-none-eabi-gcc "../Drivers/STM32L4xx_HAL_Driver/Src/stm32l4xx_hal_pwr_ex.c" -mcpu=cortex-m4 -std=gnu11 -g3 -DDEBUG -DUSE_HAL_DRIVER -DSTM32L476xx -c -I../Core/Inc -I"C:/Users/pranj/Pranjal/Github/test_frtos/basic_segger/ThirdParty/SEGGER/Config" -I"C:/Users/pranj/Pranjal/Github/test_frtos/basic_segger/ThirdParty/SEGGER/OS" -I"C:/Users/pranj/Pranjal/Github/test_frtos/basic_segger/ThirdParty/SEGGER/SEGGER" -I"C:/Users/pranj/Pranjal/Github/test_frtos/basic_segger/ThirdParty/FreeRTOS" -I"C:/Users/pranj/Pranjal/Github/test_frtos/basic_segger/ThirdParty/FreeRTOS/include" -I"C:/Users/pranj/Pranjal/Github/test_frtos/basic_segger/ThirdParty/FreeRTOS/portable/GCC/ARM_CM4F" -I../Drivers/STM32L4xx_HAL_Driver/Inc -I../Drivers/STM32L4xx_HAL_Driver/Inc/Legacy -I../Drivers/CMSIS/Device/ST/STM32L4xx/Include -I../Drivers/CMSIS/Include -O0 -ffunction-sections -fdata-sections -Wall -fstack-usage -MMD -MP -MF"Drivers/STM32L4xx_HAL_Driver/Src/stm32l4xx_hal_pwr_ex.d" -MT"Drivers/STM32L4xx_HAL_Driver/Src/stm32l4xx_hal_pwr_ex.o" --specs=nano.specs -mfpu=fpv4-sp-d16 -mfloat-abi=hard -mthumb -o "Drivers/STM32L4xx_HAL_Driver/Src/stm32l4xx_hal_pwr_ex.o"
arm-none-eabi-gcc "../Drivers/STM32L4xx_HAL_Driver/Src/stm32l4xx_hal_rcc.c" -mcpu=cortex-m4 -std=gnu11 -g3 -DDEBUG -DUSE_HAL_DRIVER -DSTM32L476xx -c -I../Core/Inc -I"C:/Users/pranj/Pranjal/Github/test_frtos/basic_segger/ThirdParty/SEGGER/Config" -I"C:/Users/pranj/Pranjal/Github/test_frtos/basic_segger/ThirdParty/SEGGER/OS" -I"C:/Users/pranj/Pranjal/Github/test_frtos/basic_segger/ThirdParty/SEGGER/SEGGER" -I"C:/Users/pranj/Pranjal/Github/test_frtos/basic_segger/ThirdParty/FreeRTOS" -I"C:/Users/pranj/Pranjal/Github/test_frtos/basic_segger/ThirdParty/FreeRTOS/include" -I"C:/Users/pranj/Pranjal/Github/test_frtos/basic_segger/ThirdParty/FreeRTOS/portable/GCC/ARM_CM4F" -I../Drivers/STM32L4xx_HAL_Driver/Inc -I../Drivers/STM32L4xx_HAL_Driver/Inc/Legacy -I../Drivers/CMSIS/Device/ST/STM32L4xx/Include -I../Drivers/CMSIS/Include -O0 -ffunction-sections -fdata-sections -Wall -fstack-usage -MMD -MP -MF"Drivers/STM32L4xx_HAL_Driver/Src/stm32l4xx_hal_rcc.d" -MT"Drivers/STM32L4xx_HAL_Driver/Src/stm32l4xx_hal_rcc.o" --specs=nano.specs -mfpu=fpv4-sp-d16 -mfloat-abi=hard -mthumb -o "Drivers/STM32L4xx_HAL_Driver/Src/stm32l4xx_hal_rcc.o"
arm-none-eabi-gcc "../Drivers/STM32L4xx_HAL_Driver/Src/stm32l4xx_hal_rcc_ex.c" -mcpu=cortex-m4 -std=gnu11 -g3 -DDEBUG -DUSE_HAL_DRIVER -DSTM32L476xx -c -I../Core/Inc -I"C:/Users/pranj/Pranjal/Github/test_frtos/basic_segger/ThirdParty/SEGGER/Config" -I"C:/Users/pranj/Pranjal/Github/test_frtos/basic_segger/ThirdParty/SEGGER/OS" -I"C:/Users/pranj/Pranjal/Github/test_frtos/basic_segger/ThirdParty/SEGGER/SEGGER" -I"C:/Users/pranj/Pranjal/Github/test_frtos/basic_segger/ThirdParty/FreeRTOS" -I"C:/Users/pranj/Pranjal/Github/test_frtos/basic_segger/ThirdParty/FreeRTOS/include" -I"C:/Users/pranj/Pranjal/Github/test_frtos/basic_segger/ThirdParty/FreeRTOS/portable/GCC/ARM_CM4F" -I../Drivers/STM32L4xx_HAL_Driver/Inc -I../Drivers/STM32L4xx_HAL_Driver/Inc/Legacy -I../Drivers/CMSIS/Device/ST/STM32L4xx/Include -I../Drivers/CMSIS/Include -O0 -ffunction-sections -fdata-sections -Wall -fstack-usage -MMD -MP -MF"Drivers/STM32L4xx_HAL_Driver/Src/stm32l4xx_hal_rcc_ex.d" -MT"Drivers/STM32L4xx_HAL_Driver/Src/stm32l4xx_hal_rcc_ex.o" --specs=nano.specs -mfpu=fpv4-sp-d16 -mfloat-abi=hard -mthumb -o "Drivers/STM32L4xx_HAL_Driver/Src/stm32l4xx_hal_rcc_ex.o"
arm-none-eabi-gcc "../Drivers/STM32L4xx_HAL_Driver/Src/stm32l4xx_hal_tim.c" -mcpu=cortex-m4 -std=gnu11 -g3 -DDEBUG -DUSE_HAL_DRIVER -DSTM32L476xx -c -I../Core/Inc -I"C:/Users/pranj/Pranjal/Github/test_frtos/basic_segger/ThirdParty/SEGGER/Config" -I"C:/Users/pranj/Pranjal/Github/test_frtos/basic_segger/ThirdParty/SEGGER/OS" -I"C:/Users/pranj/Pranjal/Github/test_frtos/basic_segger/ThirdParty/SEGGER/SEGGER" -I"C:/Users/pranj/Pranjal/Github/test_frtos/basic_segger/ThirdParty/FreeRTOS" -I"C:/Users/pranj/Pranjal/Github/test_frtos/basic_segger/ThirdParty/FreeRTOS/include" -I"C:/Users/pranj/Pranjal/Github/test_frtos/basic_segger/ThirdParty/FreeRTOS/portable/GCC/ARM_CM4F" -I../Drivers/STM32L4xx_HAL_Driver/Inc -I../Drivers/STM32L4xx_HAL_Driver/Inc/Legacy -I../Drivers/CMSIS/Device/ST/STM32L4xx/Include -I../Drivers/CMSIS/Include -O0 -ffunction-sections -fdata-sections -Wall -fstack-usage -MMD -MP -MF"Drivers/STM32L4xx_HAL_Driver/Src/stm32l4xx_hal_tim.d" -MT"Drivers/STM32L4xx_HAL_Driver/Src/stm32l4xx_hal_tim.o" --specs=nano.specs -mfpu=fpv4-sp-d16 -mfloat-abi=hard -mthumb -o "Drivers/STM32L4xx_HAL_Driver/Src/stm32l4xx_hal_tim.o"
arm-none-eabi-gcc "../Drivers/STM32L4xx_HAL_Driver/Src/stm32l4xx_hal_tim_ex.c" -mcpu=cortex-m4 -std=gnu11 -g3 -DDEBUG -DUSE_HAL_DRIVER -DSTM32L476xx -c -I../Core/Inc -I"C:/Users/pranj/Pranjal/Github/test_frtos/basic_segger/ThirdParty/SEGGER/Config" -I"C:/Users/pranj/Pranjal/Github/test_frtos/basic_segger/ThirdParty/SEGGER/OS" -I"C:/Users/pranj/Pranjal/Github/test_frtos/basic_segger/ThirdParty/SEGGER/SEGGER" -I"C:/Users/pranj/Pranjal/Github/test_frtos/basic_segger/ThirdParty/FreeRTOS" -I"C:/Users/pranj/Pranjal/Github/test_frtos/basic_segger/ThirdParty/FreeRTOS/include" -I"C:/Users/pranj/Pranjal/Github/test_frtos/basic_segger/ThirdParty/FreeRTOS/portable/GCC/ARM_CM4F" -I../Drivers/STM32L4xx_HAL_Driver/Inc -I../Drivers/STM32L4xx_HAL_Driver/Inc/Legacy -I../Drivers/CMSIS/Device/ST/STM32L4xx/Include -I../Drivers/CMSIS/Include -O0 -ffunction-sections -fdata-sections -Wall -fstack-usage -MMD -MP -MF"Drivers/STM32L4xx_HAL_Driver/Src/stm32l4xx_hal_tim_ex.d" -MT"Drivers/STM32L4xx_HAL_Driver/Src/stm32l4xx_hal_tim_ex.o" --specs=nano.specs -mfpu=fpv4-sp-d16 -mfloat-abi=hard -mthumb -o "Drivers/STM32L4xx_HAL_Driver/Src/stm32l4xx_hal_tim_ex.o"
arm-none-eabi-gcc -mcpu=cortex-m4 -g3 -DDEBUG -c -I"C:/Users/pranj/Pranjal/Github/test_frtos/basic_segger/ThirdParty/SEGGER/Config" -x assembler-with-cpp -MMD -MP -MF"Core/Startup/startup_stm32l476rgtx.d" -MT"Core/Startup/startup_stm32l476rgtx.o" --specs=nano.specs -mfpu=fpv4-sp-d16 -mfloat-abi=hard -mthumb -o "Core/Startup/startup_stm32l476rgtx.o" "../Core/Startup/startup_stm32l476rgtx.s"
arm-none-eabi-gcc "../Core/Src/main.c" -mcpu=cortex-m4 -std=gnu11 -g3 -DDEBUG -DUSE_HAL_DRIVER -DSTM32L476xx -c -I../Core/Inc -I"C:/Users/pranj/Pranjal/Github/test_frtos/basic_segger/ThirdParty/SEGGER/Config" -I"C:/Users/pranj/Pranjal/Github/test_frtos/basic_segger/ThirdParty/SEGGER/OS" -I"C:/Users/pranj/Pranjal/Github/test_frtos/basic_segger/ThirdParty/SEGGER/SEGGER" -I"C:/Users/pranj/Pranjal/Github/test_frtos/basic_segger/ThirdParty/FreeRTOS" -I"C:/Users/pranj/Pranjal/Github/test_frtos/basic_segger/ThirdParty/FreeRTOS/include" -I"C:/Users/pranj/Pranjal/Github/test_frtos/basic_segger/ThirdParty/FreeRTOS/portable/GCC/ARM_CM4F" -I../Drivers/STM32L4xx_HAL_Driver/Inc -I../Drivers/STM32L4xx_HAL_Driver/Inc/Legacy -I../Drivers/CMSIS/Device/ST/STM32L4xx/Include -I../Drivers/CMSIS/Include -O0 -ffunction-sections -fdata-sections -Wall -fstack-usage -MMD -MP -MF"Core/Src/main.d" -MT"Core/Src/main.o" --specs=nano.specs -mfpu=fpv4-sp-d16 -mfloat-abi=hard -mthumb -o "Core/Src/main.o"
arm-none-eabi-gcc "../Core/Src/stm32l4xx_hal_msp.c" -mcpu=cortex-m4 -std=gnu11 -g3 -DDEBUG -DUSE_HAL_DRIVER -DSTM32L476xx -c -I../Core/Inc -I"C:/Users/pranj/Pranjal/Github/test_frtos/basic_segger/ThirdParty/SEGGER/Config" -I"C:/Users/pranj/Pranjal/Github/test_frtos/basic_segger/ThirdParty/SEGGER/OS" -I"C:/Users/pranj/Pranjal/Github/test_frtos/basic_segger/ThirdParty/SEGGER/SEGGER" -I"C:/Users/pranj/Pranjal/Github/test_frtos/basic_segger/ThirdParty/FreeRTOS" -I"C:/Users/pranj/Pranjal/Github/test_frtos/basic_segger/ThirdParty/FreeRTOS/include" -I"C:/Users/pranj/Pranjal/Github/test_frtos/basic_segger/ThirdParty/FreeRTOS/portable/GCC/ARM_CM4F" -I../Drivers/STM32L4xx_HAL_Driver/Inc -I../Drivers/STM32L4xx_HAL_Driver/Inc/Legacy -I../Drivers/CMSIS/Device/ST/STM32L4xx/Include -I../Drivers/CMSIS/Include -O0 -ffunction-sections -fdata-sections -Wall -fstack-usage -MMD -MP -MF"Core/Src/stm32l4xx_hal_msp.d" -MT"Core/Src/stm32l4xx_hal_msp.o" --specs=nano.specs -mfpu=fpv4-sp-d16 -mfloat-abi=hard -mthumb -o "Core/Src/stm32l4xx_hal_msp.o"
arm-none-eabi-gcc "../Core/Src/stm32l4xx_hal_timebase_tim.c" -mcpu=cortex-m4 -std=gnu11 -g3 -DDEBUG -DUSE_HAL_DRIVER -DSTM32L476xx -c -I../Core/Inc -I"C:/Users/pranj/Pranjal/Github/test_frtos/basic_segger/ThirdParty/SEGGER/Config" -I"C:/Users/pranj/Pranjal/Github/test_frtos/basic_segger/ThirdParty/SEGGER/OS" -I"C:/Users/pranj/Pranjal/Github/test_frtos/basic_segger/ThirdParty/SEGGER/SEGGER" -I"C:/Users/pranj/Pranjal/Github/test_frtos/basic_segger/ThirdParty/FreeRTOS" -I"C:/Users/pranj/Pranjal/Github/test_frtos/basic_segger/ThirdParty/FreeRTOS/include" -I"C:/Users/pranj/Pranjal/Github/test_frtos/basic_segger/ThirdParty/FreeRTOS/portable/GCC/ARM_CM4F" -I../Drivers/STM32L4xx_HAL_Driver/Inc -I../Drivers/STM32L4xx_HAL_Driver/Inc/Legacy -I../Drivers/CMSIS/Device/ST/STM32L4xx/Include -I../Drivers/CMSIS/Include -O0 -ffunction-sections -fdata-sections -Wall -fstack-usage -MMD -MP -MF"Core/Src/stm32l4xx_hal_timebase_tim.d" -MT"Core/Src/stm32l4xx_hal_timebase_tim.o" --specs=nano.specs -mfpu=fpv4-sp-d16 -mfloat-abi=hard -mthumb -o "Core/Src/stm32l4xx_hal_timebase_tim.o"
arm-none-eabi-gcc "../Core/Src/stm32l4xx_it.c" -mcpu=cortex-m4 -std=gnu11 -g3 -DDEBUG -DUSE_HAL_DRIVER -DSTM32L476xx -c -I../Core/Inc -I"C:/Users/pranj/Pranjal/Github/test_frtos/basic_segger/ThirdParty/SEGGER/Config" -I"C:/Users/pranj/Pranjal/Github/test_frtos/basic_segger/ThirdParty/SEGGER/OS" -I"C:/Users/pranj/Pranjal/Github/test_frtos/basic_segger/ThirdParty/SEGGER/SEGGER" -I"C:/Users/pranj/Pranjal/Github/test_frtos/basic_segger/ThirdParty/FreeRTOS" -I"C:/Users/pranj/Pranjal/Github/test_frtos/basic_segger/ThirdParty/FreeRTOS/include" -I"C:/Users/pranj/Pranjal/Github/test_frtos/basic_segger/ThirdParty/FreeRTOS/portable/GCC/ARM_CM4F" -I../Drivers/STM32L4xx_HAL_Driver/Inc -I../Drivers/STM32L4xx_HAL_Driver/Inc/Legacy -I../Drivers/CMSIS/Device/ST/STM32L4xx/Include -I../Drivers/CMSIS/Include -O0 -ffunction-sections -fdata-sections -Wall -fstack-usage -MMD -MP -MF"Core/Src/stm32l4xx_it.d" -MT"Core/Src/stm32l4xx_it.o" --specs=nano.specs -mfpu=fpv4-sp-d16 -mfloat-abi=hard -mthumb -o "Core/Src/stm32l4xx_it.o"
arm-none-eabi-gcc "../Core/Src/syscalls.c" -mcpu=cortex-m4 -std=gnu11 -g3 -DDEBUG -DUSE_HAL_DRIVER -DSTM32L476xx -c -I../Core/Inc -I"C:/Users/pranj/Pranjal/Github/test_frtos/basic_segger/ThirdParty/SEGGER/Config" -I"C:/Users/pranj/Pranjal/Github/test_frtos/basic_segger/ThirdParty/SEGGER/OS" -I"C:/Users/pranj/Pranjal/Github/test_frtos/basic_segger/ThirdParty/SEGGER/SEGGER" -I"C:/Users/pranj/Pranjal/Github/test_frtos/basic_segger/ThirdParty/FreeRTOS" -I"C:/Users/pranj/Pranjal/Github/test_frtos/basic_segger/ThirdParty/FreeRTOS/include" -I"C:/Users/pranj/Pranjal/Github/test_frtos/basic_segger/ThirdParty/FreeRTOS/portable/GCC/ARM_CM4F" -I../Drivers/STM32L4xx_HAL_Driver/Inc -I../Drivers/STM32L4xx_HAL_Driver/Inc/Legacy -I../Drivers/CMSIS/Device/ST/STM32L4xx/Include -I../Drivers/CMSIS/Include -O0 -ffunction-sections -fdata-sections -Wall -fstack-usage -MMD -MP -MF"Core/Src/syscalls.d" -MT"Core/Src/syscalls.o" --specs=nano.specs -mfpu=fpv4-sp-d16 -mfloat-abi=hard -mthumb -o "Core/Src/syscalls.o"
arm-none-eabi-gcc "../Core/Src/system_stm32l4xx.c" -mcpu=cortex-m4 -std=gnu11 -g3 -DDEBUG -DUSE_HAL_DRIVER -DSTM32L476xx -c -I../Core/Inc -I"C:/Users/pranj/Pranjal/Github/test_frtos/basic_segger/ThirdParty/SEGGER/Config" -I"C:/Users/pranj/Pranjal/Github/test_frtos/basic_segger/ThirdParty/SEGGER/OS" -I"C:/Users/pranj/Pranjal/Github/test_frtos/basic_segger/ThirdParty/SEGGER/SEGGER" -I"C:/Users/pranj/Pranjal/Github/test_frtos/basic_segger/ThirdParty/FreeRTOS" -I"C:/Users/pranj/Pranjal/Github/test_frtos/basic_segger/ThirdParty/FreeRTOS/include" -I"C:/Users/pranj/Pranjal/Github/test_frtos/basic_segger/ThirdParty/FreeRTOS/portable/GCC/ARM_CM4F" -I../Drivers/STM32L4xx_HAL_Driver/Inc -I../Drivers/STM32L4xx_HAL_Driver/Inc/Legacy -I../Drivers/CMSIS/Device/ST/STM32L4xx/Include -I../Drivers/CMSIS/Include -O0 -ffunction-sections -fdata-sections -Wall -fstack-usage -MMD -MP -MF"Core/Src/system_stm32l4xx.d" -MT"Core/Src/system_stm32l4xx.o" --specs=nano.specs -mfpu=fpv4-sp-d16 -mfloat-abi=hard -mthumb -o "Core/Src/system_stm32l4xx.o"
arm-none-eabi-gcc -o "basic_segger.elf" @"objects.list"   -mcpu=cortex-m4 -T"C:\Users\pranj\Pranjal\Github\test_frtos\basic_segger\STM32L476RGTX_FLASH.ld" --specs=nosys.specs -Wl,-Map="basic_segger.map" -Wl,--gc-sections -static --specs=nano.specs -mfpu=fpv4-sp-d16 -mfloat-abi=hard -mthumb -Wl,--start-group -lc -lm -Wl,--end-group
Finished building target: basic_segger.elf
 
arm-none-eabi-size   basic_segger.elf 
arm-none-eabi-objdump -h -S  basic_segger.elf  > "basic_segger.list"
   text	   data	    bss	    dec	    hex	filename
  30308	    128	  84640	 115076	  1c184	basic_segger.elf
Finished building: default.size.stdout
 
Finished building: basic_segger.list
 
18:55:34 **** Incremental Build of configuration Debug for project basic_segger ****
make -j16 all 
arm-none-eabi-size   basic_segger.elf 
   text	   data	    bss	    dec	    hex	filename
  30308	    128	  84640	 115076	  1c184	basic_segger.elf
Finished building: default.size.stdout
 
18:55:35 **** Incremental Build of configuration Debug for project basic_segger ****
make -j16 all 
arm-none-eabi-size   basic_segger.elf 
   text	   data	    bss	    dec	    hex	filename
  30308	    128	  84640	 115076	  1c184	basic_segger.elf
Finished building: default.size.stdout
 
